Archive member included to satisfy reference by file (symbol)

c:/intelfpga_lite/18.1/nios2eds/bin/gnu/h-x86_64-mingw32/bin/../lib/gcc/nios2-elf/5.3.0/mno-hw-mul\libgcc.a(lib2-divmod.o)
                              obj/default/hello_world.o (__udivsi3)
c:/intelfpga_lite/18.1/nios2eds/bin/gnu/h-x86_64-mingw32/bin/../lib/gcc/nios2-elf/5.3.0/mno-hw-mul\libgcc.a(lib2-mul.o)
                              obj/default/hello_world.o (__mulsi3)
../MA_timer_bsp/\libhal_bsp.a(alt_iic.o)
                              obj/default/hello_world.o (alt_ic_isr_register)
../MA_timer_bsp/\libhal_bsp.a(alt_iic_isr_register.o)
                              ../MA_timer_bsp/\libhal_bsp.a(alt_iic.o) (alt_iic_isr_register)
../MA_timer_bsp/\libhal_bsp.a(alt_irq_entry.o)
                              ../MA_timer_bsp/\libhal_bsp.a(alt_iic_isr_register.o) (alt_irq_entry)
../MA_timer_bsp/\libhal_bsp.a(alt_irq_handler.o)
                              ../MA_timer_bsp/\libhal_bsp.a(alt_iic_isr_register.o) (alt_irq)
../MA_timer_bsp/\libhal_bsp.a(alt_irq_vars.o)
                              ../MA_timer_bsp/\libhal_bsp.a(alt_iic.o) (alt_irq_active)
../MA_timer_bsp/\libhal_bsp.a(alt_load.o)
                              ../MA_timer_bsp//obj/HAL/src/crt0.o (alt_load)
../MA_timer_bsp/\libhal_bsp.a(alt_main.o)
                              ../MA_timer_bsp//obj/HAL/src/crt0.o (alt_main)
../MA_timer_bsp/\libhal_bsp.a(alt_sys_init.o)
                              ../MA_timer_bsp/\libhal_bsp.a(alt_main.o) (alt_irq_init)
../MA_timer_bsp/\libhal_bsp.a(altera_avalon_jtag_uart_fd.o)
                              ../MA_timer_bsp/\libhal_bsp.a(alt_sys_init.o) (altera_avalon_jtag_uart_read_fd)
../MA_timer_bsp/\libhal_bsp.a(altera_avalon_jtag_uart_read.o)
                              ../MA_timer_bsp/\libhal_bsp.a(altera_avalon_jtag_uart_fd.o) (altera_avalon_jtag_uart_read)
../MA_timer_bsp/\libhal_bsp.a(altera_avalon_jtag_uart_write.o)
                              ../MA_timer_bsp/\libhal_bsp.a(altera_avalon_jtag_uart_fd.o) (altera_avalon_jtag_uart_write)
../MA_timer_bsp/\libhal_bsp.a(altera_avalon_timer_sc.o)
                              ../MA_timer_bsp/\libhal_bsp.a(alt_sys_init.o) (alt_avalon_timer_sc_init)
../MA_timer_bsp/\libhal_bsp.a(alt_close.o)
                              ../MA_timer_bsp/\libhal_bsp.a(alt_main.o) (close)
../MA_timer_bsp/\libhal_bsp.a(alt_dcache_flush_all.o)
                              ../MA_timer_bsp/\libhal_bsp.a(alt_load.o) (alt_dcache_flush_all)
../MA_timer_bsp/\libhal_bsp.a(alt_dev.o)
                              ../MA_timer_bsp/\libhal_bsp.a(alt_sys_init.o) (alt_dev_list)
../MA_timer_bsp/\libhal_bsp.a(alt_dev_llist_insert.o)
                              ../MA_timer_bsp/\libhal_bsp.a(alt_sys_init.o) (alt_dev_llist_insert)
../MA_timer_bsp/\libhal_bsp.a(alt_do_ctors.o)
                              ../MA_timer_bsp/\libhal_bsp.a(alt_main.o) (_do_ctors)
../MA_timer_bsp/\libhal_bsp.a(alt_do_dtors.o)
                              ../MA_timer_bsp/\libhal_bsp.a(alt_main.o) (_do_dtors)
../MA_timer_bsp/\libhal_bsp.a(alt_errno.o)
                              ../MA_timer_bsp/\libhal_bsp.a(alt_close.o) (alt_errno)
../MA_timer_bsp/\libhal_bsp.a(alt_exception_entry.o)
                              ../MA_timer_bsp/\libhal_bsp.a(alt_irq_entry.o) (alt_exception)
../MA_timer_bsp/\libhal_bsp.a(alt_icache_flush_all.o)
                              ../MA_timer_bsp/\libhal_bsp.a(alt_load.o) (alt_icache_flush_all)
../MA_timer_bsp/\libhal_bsp.a(alt_instruction_exception_entry.o)
                              ../MA_timer_bsp/\libhal_bsp.a(alt_exception_entry.o) (alt_instruction_exception_entry)
../MA_timer_bsp/\libhal_bsp.a(alt_io_redirect.o)
                              ../MA_timer_bsp/\libhal_bsp.a(alt_main.o) (alt_io_redirect)
../MA_timer_bsp/\libhal_bsp.a(alt_open.o)
                              ../MA_timer_bsp/\libhal_bsp.a(alt_io_redirect.o) (open)
../MA_timer_bsp/\libhal_bsp.a(alt_release_fd.o)
                              ../MA_timer_bsp/\libhal_bsp.a(alt_close.o) (alt_release_fd)
../MA_timer_bsp/\libhal_bsp.a(alt_tick.o)
                              ../MA_timer_bsp/\libhal_bsp.a(altera_avalon_timer_sc.o) (_alt_tick_rate)
../MA_timer_bsp/\libhal_bsp.a(altera_nios2_gen2_irq.o)
                              ../MA_timer_bsp/\libhal_bsp.a(alt_sys_init.o) (altera_nios2_gen2_irq_init)
../MA_timer_bsp/\libhal_bsp.a(alt_find_dev.o)
                              ../MA_timer_bsp/\libhal_bsp.a(alt_open.o) (alt_find_dev)
../MA_timer_bsp/\libhal_bsp.a(alt_find_file.o)
                              ../MA_timer_bsp/\libhal_bsp.a(alt_open.o) (alt_find_file)
../MA_timer_bsp/\libhal_bsp.a(alt_get_fd.o)
                              ../MA_timer_bsp/\libhal_bsp.a(alt_open.o) (alt_get_fd)
c:/intelfpga_lite/18.1/nios2eds/bin/gnu/h-x86_64-mingw32/bin/../lib/gcc/nios2-elf/5.3.0/../../../../../H-x86_64-mingw32/nios2-elf/lib/mno-hw-mul\libsmallc.a(lib_a-atexit.o)
                              ../MA_timer_bsp/\libhal_bsp.a(alt_main.o) (atexit)
c:/intelfpga_lite/18.1/nios2eds/bin/gnu/h-x86_64-mingw32/bin/../lib/gcc/nios2-elf/5.3.0/../../../../../H-x86_64-mingw32/nios2-elf/lib/mno-hw-mul\libsmallc.a(lib_a-exit.o)
                              ../MA_timer_bsp/\libhal_bsp.a(alt_main.o) (exit)
c:/intelfpga_lite/18.1/nios2eds/bin/gnu/h-x86_64-mingw32/bin/../lib/gcc/nios2-elf/5.3.0/../../../../../H-x86_64-mingw32/nios2-elf/lib/mno-hw-mul\libsmallc.a(lib_a-int_errno.o)
                              ../MA_timer_bsp/\libhal_bsp.a(alt_close.o) (errno)
c:/intelfpga_lite/18.1/nios2eds/bin/gnu/h-x86_64-mingw32/bin/../lib/gcc/nios2-elf/5.3.0/../../../../../H-x86_64-mingw32/nios2-elf/lib/mno-hw-mul\libsmallc.a(lib_a-memcmp.o)
                              ../MA_timer_bsp/\libhal_bsp.a(alt_find_dev.o) (memcmp)
c:/intelfpga_lite/18.1/nios2eds/bin/gnu/h-x86_64-mingw32/bin/../lib/gcc/nios2-elf/5.3.0/../../../../../H-x86_64-mingw32/nios2-elf/lib/mno-hw-mul\libsmallc.a(lib_a-strlen.o)
                              ../MA_timer_bsp/\libhal_bsp.a(alt_find_dev.o) (strlen)
c:/intelfpga_lite/18.1/nios2eds/bin/gnu/h-x86_64-mingw32/bin/../lib/gcc/nios2-elf/5.3.0/../../../../../H-x86_64-mingw32/nios2-elf/lib/mno-hw-mul\libsmallc.a(lib_a-__atexit.o)
                              c:/intelfpga_lite/18.1/nios2eds/bin/gnu/h-x86_64-mingw32/bin/../lib/gcc/nios2-elf/5.3.0/../../../../../H-x86_64-mingw32/nios2-elf/lib/mno-hw-mul\libsmallc.a(lib_a-atexit.o) (__register_exitproc)
c:/intelfpga_lite/18.1/nios2eds/bin/gnu/h-x86_64-mingw32/bin/../lib/gcc/nios2-elf/5.3.0/../../../../../H-x86_64-mingw32/nios2-elf/lib/mno-hw-mul\libsmallc.a(lib_a-__call_atexit.o)
                              c:/intelfpga_lite/18.1/nios2eds/bin/gnu/h-x86_64-mingw32/bin/../lib/gcc/nios2-elf/5.3.0/../../../../../H-x86_64-mingw32/nios2-elf/lib/mno-hw-mul\libsmallc.a(lib_a-exit.o) (__call_exitprocs)
c:/intelfpga_lite/18.1/nios2eds/bin/gnu/h-x86_64-mingw32/bin/../lib/gcc/nios2-elf/5.3.0/../../../../../H-x86_64-mingw32/nios2-elf/lib/mno-hw-mul\libsmallc.a(lib_a-impure.o)
                              c:/intelfpga_lite/18.1/nios2eds/bin/gnu/h-x86_64-mingw32/bin/../lib/gcc/nios2-elf/5.3.0/../../../../../H-x86_64-mingw32/nios2-elf/lib/mno-hw-mul\libsmallc.a(lib_a-__atexit.o) (_global_impure_ptr)
../MA_timer_bsp/\libhal_bsp.a(alt_exit.o)
                              c:/intelfpga_lite/18.1/nios2eds/bin/gnu/h-x86_64-mingw32/bin/../lib/gcc/nios2-elf/5.3.0/../../../../../H-x86_64-mingw32/nios2-elf/lib/mno-hw-mul\libsmallc.a(lib_a-exit.o) (_exit)

Allocating common symbols
Common symbol       size              file

alt_irq             0x100             ../MA_timer_bsp/\libhal_bsp.a(alt_irq_handler.o)
errno               0x4               c:/intelfpga_lite/18.1/nios2eds/bin/gnu/h-x86_64-mingw32/bin/../lib/gcc/nios2-elf/5.3.0/../../../../../H-x86_64-mingw32/nios2-elf/lib/mno-hw-mul\libsmallc.a(lib_a-int_errno.o)
SW_ptr              0x4               obj/default/hello_world.o

Memory Configuration

Name             Origin             Length             Attributes
reset            0x0000000000008000 0x0000000000000020
onchip_memory2_0 0x0000000000008020 0x0000000000007fe0
*default*        0x0000000000000000 0xffffffffffffffff

Linker script and memory map

LOAD ../MA_timer_bsp//obj/HAL/src/crt0.o
LOAD obj/default/hello_world.o
LOAD c:/intelfpga_lite/18.1/nios2eds/bin/gnu/h-x86_64-mingw32/bin/../lib/gcc/nios2-elf/5.3.0/../../../../../H-x86_64-mingw32/nios2-elf/lib/mno-hw-mul\libstdc++.a
LOAD c:/intelfpga_lite/18.1/nios2eds/bin/gnu/h-x86_64-mingw32/bin/../lib/gcc/nios2-elf/5.3.0/../../../../../H-x86_64-mingw32/nios2-elf/lib/mno-hw-mul\libm.a
LOAD c:/intelfpga_lite/18.1/nios2eds/bin/gnu/h-x86_64-mingw32/bin/../lib/gcc/nios2-elf/5.3.0/mno-hw-mul\libgcc.a
START GROUP
LOAD c:/intelfpga_lite/18.1/nios2eds/bin/gnu/h-x86_64-mingw32/bin/../lib/gcc/nios2-elf/5.3.0/../../../../../H-x86_64-mingw32/nios2-elf/lib/mno-hw-mul\libsmallc.a
LOAD c:/intelfpga_lite/18.1/nios2eds/bin/gnu/h-x86_64-mingw32/bin/../lib/gcc/nios2-elf/5.3.0/mno-hw-mul\libgcc.a
LOAD ../MA_timer_bsp/\libhal_bsp.a
LOAD c:/intelfpga_lite/18.1/nios2eds/bin/gnu/h-x86_64-mingw32/bin/../lib/gcc/nios2-elf/5.3.0/../../../../../H-x86_64-mingw32/nios2-elf/lib/mno-hw-mul\libm.a
END GROUP
LOAD c:/intelfpga_lite/18.1/nios2eds/bin/gnu/h-x86_64-mingw32/bin/../lib/gcc/nios2-elf/5.3.0/mno-hw-mul\libgcc.a
                0x0000000000008000                __alt_mem_onchip_memory2_0 = 0x8000

.entry          0x0000000000008000       0x20
 *(.entry)
 .entry         0x0000000000008000       0x20 ../MA_timer_bsp//obj/HAL/src/crt0.o
                0x0000000000008000                __reset

.exceptions     0x0000000000008020      0x210
                0x0000000000008020                PROVIDE (__ram_exceptions_start, ABSOLUTE (.))
                0x0000000000008020                . = ALIGN (0x20)
 *(.irq)
 *(.exceptions.entry.label)
 .exceptions.entry.label
                0x0000000000008020        0x0 ../MA_timer_bsp/\libhal_bsp.a(alt_irq_entry.o)
                0x0000000000008020                alt_irq_entry
 .exceptions.entry.label
                0x0000000000008020        0x0 ../MA_timer_bsp/\libhal_bsp.a(alt_exception_entry.o)
                0x0000000000008020                alt_exception
 *(.exceptions.entry.user)
 *(.exceptions.entry.ecc_fatal)
 *(.exceptions.entry)
 .exceptions.entry
                0x0000000000008020       0x54 ../MA_timer_bsp/\libhal_bsp.a(alt_exception_entry.o)
 *(.exceptions.irqtest.user)
 *(.exceptions.irqtest)
 .exceptions.irqtest
                0x0000000000008074       0x10 ../MA_timer_bsp/\libhal_bsp.a(alt_irq_entry.o)
 *(.exceptions.irqhandler.user)
 *(.exceptions.irqhandler)
 .exceptions.irqhandler
                0x0000000000008084        0x4 ../MA_timer_bsp/\libhal_bsp.a(alt_irq_entry.o)
 *(.exceptions.irqreturn.user)
 *(.exceptions.irqreturn)
 .exceptions.irqreturn
                0x0000000000008088        0x4 ../MA_timer_bsp/\libhal_bsp.a(alt_irq_entry.o)
 *(.exceptions.notirq.label)
 .exceptions.notirq.label
                0x000000000000808c        0x0 ../MA_timer_bsp/\libhal_bsp.a(alt_irq_entry.o)
 *(.exceptions.notirq.user)
 *(.exceptions.notirq)
 .exceptions.notirq
                0x000000000000808c        0x8 ../MA_timer_bsp/\libhal_bsp.a(alt_exception_entry.o)
 *(.exceptions.soft.user)
 *(.exceptions.soft)
 *(.exceptions.unknown.user)
 *(.exceptions.unknown)
 .exceptions.unknown
                0x0000000000008094       0x14 ../MA_timer_bsp/\libhal_bsp.a(alt_exception_entry.o)
 *(.exceptions.exit.label)
 .exceptions.exit.label
                0x00000000000080a8        0x0 ../MA_timer_bsp/\libhal_bsp.a(alt_irq_entry.o)
 .exceptions.exit.label
                0x00000000000080a8        0x0 ../MA_timer_bsp/\libhal_bsp.a(alt_exception_entry.o)
 *(.exceptions.exit.user)
 *(.exceptions.exit)
 .exceptions.exit
                0x00000000000080a8       0x54 ../MA_timer_bsp/\libhal_bsp.a(alt_exception_entry.o)
 *(.exceptions)
 .exceptions    0x00000000000080fc       0xd4 ../MA_timer_bsp/\libhal_bsp.a(alt_irq_handler.o)
                0x00000000000080fc                alt_irq_handler
 .exceptions    0x00000000000081d0       0x60 ../MA_timer_bsp/\libhal_bsp.a(alt_instruction_exception_entry.o)
                0x00000000000081d0                alt_instruction_exception_entry
                0x0000000000008230                PROVIDE (__ram_exceptions_end, ABSOLUTE (.))
                0x0000000000008020                PROVIDE (__flash_exceptions_start, LOADADDR (.exceptions))

.text           0x0000000000008230     0x1cd0
                [!provide]                        PROVIDE (stext, ABSOLUTE (.))
 *(.interp)
 *(.hash)
 *(.dynsym)
 *(.dynstr)
 *(.gnu.version)
 *(.gnu.version_d)
 *(.gnu.version_r)
 *(.rel.init)
 *(.rela.init)
 *(.rel.text .rel.text.* .rel.gnu.linkonce.t.*)
 *(.rela.text .rela.text.* .rela.gnu.linkonce.t.*)
 *(.rel.fini)
 *(.rela.fini)
 *(.rel.rodata .rel.rodata.* .rel.gnu.linkonce.r.*)
 *(.rela.rodata .rela.rodata.* .rela.gnu.linkonce.r.*)
 *(.rel.data .rel.data.* .rel.gnu.linkonce.d.*)
 *(.rela.data .rela.data.* .rela.gnu.linkonce.d.*)
 *(.rel.tdata .rel.tdata.* .rel.gnu.linkonce.td.*)
 *(.rela.tdata .rela.tdata.* .rela.gnu.linkonce.td.*)
 *(.rel.tbss .rel.tbss.* .rel.gnu.linkonce.tb.*)
 *(.rela.tbss .rela.tbss.* .rela.gnu.linkonce.tb.*)
 *(.rel.ctors)
 *(.rela.ctors)
 *(.rel.dtors)
 *(.rela.dtors)
 *(.rel.got)
 *(.rela.got)
 *(.rel.sdata .rel.sdata.* .rel.gnu.linkonce.s.*)
 *(.rela.sdata .rela.sdata.* .rela.gnu.linkonce.s.*)
 *(.rel.sbss .rel.sbss.* .rel.gnu.linkonce.sb.*)
 *(.rela.sbss .rela.sbss.* .rela.gnu.linkonce.sb.*)
 *(.rel.sdata2 .rel.sdata2.* .rel.gnu.linkonce.s2.*)
 *(.rela.sdata2 .rela.sdata2.* .rela.gnu.linkonce.s2.*)
 *(.rel.sbss2 .rel.sbss2.* .rel.gnu.linkonce.sb2.*)
 *(.rela.sbss2 .rela.sbss2.* .rela.gnu.linkonce.sb2.*)
 *(.rel.bss .rel.bss.* .rel.gnu.linkonce.b.*)
 *(.rela.bss .rela.bss.* .rela.gnu.linkonce.b.*)
 *(.rel.plt)
 *(.rela.plt)
 *(.rel.dyn)
 *(.init)
 *(.plt)
 *(.text .stub .text.* .gnu.linkonce.t.*)
 .text          0x0000000000008230       0x3c ../MA_timer_bsp//obj/HAL/src/crt0.o
                0x0000000000008230                _start
 .text          0x000000000000826c      0x2e0 obj/default/hello_world.o
                0x000000000000826c                timer_Init
                0x00000000000082e0                Timer_IRQ_Handler
                0x0000000000008438                main
 .text          0x000000000000854c      0x1b4 c:/intelfpga_lite/18.1/nios2eds/bin/gnu/h-x86_64-mingw32/bin/../lib/gcc/nios2-elf/5.3.0/mno-hw-mul\libgcc.a(lib2-divmod.o)
                0x000000000000854c                __divsi3
                0x00000000000085d0                __modsi3
                0x0000000000008644                __udivsi3
                0x00000000000086a8                __umodsi3
 .text          0x0000000000008700       0x28 c:/intelfpga_lite/18.1/nios2eds/bin/gnu/h-x86_64-mingw32/bin/../lib/gcc/nios2-elf/5.3.0/mno-hw-mul\libgcc.a(lib2-mul.o)
                0x0000000000008700                __mulsi3
 .text          0x0000000000008728      0x1b0 ../MA_timer_bsp/\libhal_bsp.a(alt_iic.o)
                0x0000000000008728                alt_ic_isr_register
                0x0000000000008778                alt_ic_irq_enable
                0x0000000000008800                alt_ic_irq_disable
                0x000000000000888c                alt_ic_irq_enabled
 .text          0x00000000000088d8       0xf0 ../MA_timer_bsp/\libhal_bsp.a(alt_iic_isr_register.o)
                0x00000000000088d8                alt_iic_isr_register
 .text          0x00000000000089c8        0x0 ../MA_timer_bsp/\libhal_bsp.a(alt_irq_entry.o)
 .text          0x00000000000089c8        0x0 ../MA_timer_bsp/\libhal_bsp.a(alt_irq_handler.o)
 .text          0x00000000000089c8        0x0 ../MA_timer_bsp/\libhal_bsp.a(alt_irq_vars.o)
 .text          0x00000000000089c8       0xec ../MA_timer_bsp/\libhal_bsp.a(alt_load.o)
                0x0000000000008a30                alt_load
 .text          0x0000000000008ab4       0x7c ../MA_timer_bsp/\libhal_bsp.a(alt_main.o)
                0x0000000000008ab4                alt_main
 .text          0x0000000000008b30       0xb8 ../MA_timer_bsp/\libhal_bsp.a(alt_sys_init.o)
                0x0000000000008b64                alt_irq_init
                0x0000000000008b9c                alt_sys_init
 .text          0x0000000000008be8       0xc0 ../MA_timer_bsp/\libhal_bsp.a(altera_avalon_jtag_uart_fd.o)
                0x0000000000008be8                altera_avalon_jtag_uart_read_fd
                0x0000000000008c48                altera_avalon_jtag_uart_write_fd
 .text          0x0000000000008ca8       0xec ../MA_timer_bsp/\libhal_bsp.a(altera_avalon_jtag_uart_read.o)
                0x0000000000008ca8                altera_avalon_jtag_uart_read
 .text          0x0000000000008d94       0x94 ../MA_timer_bsp/\libhal_bsp.a(altera_avalon_jtag_uart_write.o)
                0x0000000000008d94                altera_avalon_jtag_uart_write
 .text          0x0000000000008e28       0xf4 ../MA_timer_bsp/\libhal_bsp.a(altera_avalon_timer_sc.o)
                0x0000000000008ea0                alt_avalon_timer_sc_init
 .text          0x0000000000008f1c      0x114 ../MA_timer_bsp/\libhal_bsp.a(alt_close.o)
                0x0000000000008f58                close
 .text          0x0000000000009030       0x20 ../MA_timer_bsp/\libhal_bsp.a(alt_dcache_flush_all.o)
                0x0000000000009030                alt_dcache_flush_all
 .text          0x0000000000009050       0x2c ../MA_timer_bsp/\libhal_bsp.a(alt_dev.o)
 .text          0x000000000000907c       0xe0 ../MA_timer_bsp/\libhal_bsp.a(alt_dev_llist_insert.o)
                0x00000000000090b8                alt_dev_llist_insert
 .text          0x000000000000915c       0x60 ../MA_timer_bsp/\libhal_bsp.a(alt_do_ctors.o)
                0x000000000000915c                _do_ctors
 .text          0x00000000000091bc       0x60 ../MA_timer_bsp/\libhal_bsp.a(alt_do_dtors.o)
                0x00000000000091bc                _do_dtors
 .text          0x000000000000921c        0x0 ../MA_timer_bsp/\libhal_bsp.a(alt_errno.o)
 .text          0x000000000000921c        0x0 ../MA_timer_bsp/\libhal_bsp.a(alt_exception_entry.o)
 .text          0x000000000000921c       0x20 ../MA_timer_bsp/\libhal_bsp.a(alt_icache_flush_all.o)
                0x000000000000921c                alt_icache_flush_all
 .text          0x000000000000923c       0x9c ../MA_timer_bsp/\libhal_bsp.a(alt_instruction_exception_entry.o)
                0x000000000000923c                alt_exception_cause_generated_bad_addr
 .text          0x00000000000092d8      0x160 ../MA_timer_bsp/\libhal_bsp.a(alt_io_redirect.o)
                0x00000000000093bc                alt_io_redirect
 .text          0x0000000000009438      0x284 ../MA_timer_bsp/\libhal_bsp.a(alt_open.o)
                0x0000000000009560                open
 .text          0x00000000000096bc       0x84 ../MA_timer_bsp/\libhal_bsp.a(alt_release_fd.o)
                0x00000000000096bc                alt_release_fd
 .text          0x0000000000009740      0x1a4 ../MA_timer_bsp/\libhal_bsp.a(alt_tick.o)
                0x0000000000009740                alt_alarm_stop
                0x00000000000097dc                alt_tick
 .text          0x00000000000098e4       0x24 ../MA_timer_bsp/\libhal_bsp.a(altera_nios2_gen2_irq.o)
                0x00000000000098e4                altera_nios2_gen2_irq_init
 .text          0x0000000000009908       0x90 ../MA_timer_bsp/\libhal_bsp.a(alt_find_dev.o)
                0x0000000000009908                alt_find_dev
 .text          0x0000000000009998      0x108 ../MA_timer_bsp/\libhal_bsp.a(alt_find_file.o)
                0x0000000000009998                alt_find_file
 .text          0x0000000000009aa0       0xc4 ../MA_timer_bsp/\libhal_bsp.a(alt_get_fd.o)
                0x0000000000009aa0                alt_get_fd
 .text          0x0000000000009b64        0x0 c:/intelfpga_lite/18.1/nios2eds/bin/gnu/h-x86_64-mingw32/bin/../lib/gcc/nios2-elf/5.3.0/../../../../../H-x86_64-mingw32/nios2-elf/lib/mno-hw-mul\libsmallc.a(lib_a-atexit.o)
 .text.atexit   0x0000000000009b64       0x14 c:/intelfpga_lite/18.1/nios2eds/bin/gnu/h-x86_64-mingw32/bin/../lib/gcc/nios2-elf/5.3.0/../../../../../H-x86_64-mingw32/nios2-elf/lib/mno-hw-mul\libsmallc.a(lib_a-atexit.o)
                0x0000000000009b64                atexit
 .text          0x0000000000009b78        0x0 c:/intelfpga_lite/18.1/nios2eds/bin/gnu/h-x86_64-mingw32/bin/../lib/gcc/nios2-elf/5.3.0/../../../../../H-x86_64-mingw32/nios2-elf/lib/mno-hw-mul\libsmallc.a(lib_a-exit.o)
 .text.exit     0x0000000000009b78       0x20 c:/intelfpga_lite/18.1/nios2eds/bin/gnu/h-x86_64-mingw32/bin/../lib/gcc/nios2-elf/5.3.0/../../../../../H-x86_64-mingw32/nios2-elf/lib/mno-hw-mul\libsmallc.a(lib_a-exit.o)
                0x0000000000009b78                exit
 .text          0x0000000000009b98        0x0 c:/intelfpga_lite/18.1/nios2eds/bin/gnu/h-x86_64-mingw32/bin/../lib/gcc/nios2-elf/5.3.0/../../../../../H-x86_64-mingw32/nios2-elf/lib/mno-hw-mul\libsmallc.a(lib_a-int_errno.o)
 .text          0x0000000000009b98        0x0 c:/intelfpga_lite/18.1/nios2eds/bin/gnu/h-x86_64-mingw32/bin/../lib/gcc/nios2-elf/5.3.0/../../../../../H-x86_64-mingw32/nios2-elf/lib/mno-hw-mul\libsmallc.a(lib_a-memcmp.o)
 .text.memcmp   0x0000000000009b98       0x30 c:/intelfpga_lite/18.1/nios2eds/bin/gnu/h-x86_64-mingw32/bin/../lib/gcc/nios2-elf/5.3.0/../../../../../H-x86_64-mingw32/nios2-elf/lib/mno-hw-mul\libsmallc.a(lib_a-memcmp.o)
                0x0000000000009b98                memcmp
 .text          0x0000000000009bc8        0x0 c:/intelfpga_lite/18.1/nios2eds/bin/gnu/h-x86_64-mingw32/bin/../lib/gcc/nios2-elf/5.3.0/../../../../../H-x86_64-mingw32/nios2-elf/lib/mno-hw-mul\libsmallc.a(lib_a-strlen.o)
 .text.strlen   0x0000000000009bc8       0x1c c:/intelfpga_lite/18.1/nios2eds/bin/gnu/h-x86_64-mingw32/bin/../lib/gcc/nios2-elf/5.3.0/../../../../../H-x86_64-mingw32/nios2-elf/lib/mno-hw-mul\libsmallc.a(lib_a-strlen.o)
                0x0000000000009bc8                strlen
 .text          0x0000000000009be4        0x0 c:/intelfpga_lite/18.1/nios2eds/bin/gnu/h-x86_64-mingw32/bin/../lib/gcc/nios2-elf/5.3.0/../../../../../H-x86_64-mingw32/nios2-elf/lib/mno-hw-mul\libsmallc.a(lib_a-__atexit.o)
 .text.__register_exitproc
                0x0000000000009be4      0x158 c:/intelfpga_lite/18.1/nios2eds/bin/gnu/h-x86_64-mingw32/bin/../lib/gcc/nios2-elf/5.3.0/../../../../../H-x86_64-mingw32/nios2-elf/lib/mno-hw-mul\libsmallc.a(lib_a-__atexit.o)
                0x0000000000009be4                __register_exitproc
 .text          0x0000000000009d3c        0x0 c:/intelfpga_lite/18.1/nios2eds/bin/gnu/h-x86_64-mingw32/bin/../lib/gcc/nios2-elf/5.3.0/../../../../../H-x86_64-mingw32/nios2-elf/lib/mno-hw-mul\libsmallc.a(lib_a-__call_atexit.o)
 .text.__call_exitprocs
                0x0000000000009d3c      0x190 c:/intelfpga_lite/18.1/nios2eds/bin/gnu/h-x86_64-mingw32/bin/../lib/gcc/nios2-elf/5.3.0/../../../../../H-x86_64-mingw32/nios2-elf/lib/mno-hw-mul\libsmallc.a(lib_a-__call_atexit.o)
                0x0000000000009d3c                __call_exitprocs
 .text          0x0000000000009ecc        0x0 c:/intelfpga_lite/18.1/nios2eds/bin/gnu/h-x86_64-mingw32/bin/../lib/gcc/nios2-elf/5.3.0/../../../../../H-x86_64-mingw32/nios2-elf/lib/mno-hw-mul\libsmallc.a(lib_a-impure.o)
 .text          0x0000000000009ecc       0x34 ../MA_timer_bsp/\libhal_bsp.a(alt_exit.o)
                0x0000000000009ecc                _exit
 *(.gnu.warning.*)
 *(.fini)
                [!provide]                        PROVIDE (__etext, ABSOLUTE (.))
                [!provide]                        PROVIDE (_etext, ABSOLUTE (.))
                [!provide]                        PROVIDE (etext, ABSOLUTE (.))
 *(.eh_frame_hdr)
                0x0000000000009f00                . = ALIGN (0x4)
                [!provide]                        PROVIDE (__preinit_array_start, ABSOLUTE (.))
 *(.preinit_array)
                [!provide]                        PROVIDE (__preinit_array_end, ABSOLUTE (.))
                [!provide]                        PROVIDE (__init_array_start, ABSOLUTE (.))
 *(.init_array)
                [!provide]                        PROVIDE (__init_array_end, ABSOLUTE (.))
                [!provide]                        PROVIDE (__fini_array_start, ABSOLUTE (.))
 *(.fini_array)
                [!provide]                        PROVIDE (__fini_array_end, ABSOLUTE (.))
 *(.eh_frame)
 *(.gcc_except_table .gcc_except_table.*)
 *(.dynamic)
                0x0000000000009f00                PROVIDE (__CTOR_LIST__, ABSOLUTE (.))
 *(.ctors)
 *(SORT(.ctors.*))
                0x0000000000009f00                PROVIDE (__CTOR_END__, ABSOLUTE (.))
                0x0000000000009f00                PROVIDE (__DTOR_LIST__, ABSOLUTE (.))
 *(.dtors)
 *(SORT(.dtors.*))
                0x0000000000009f00                PROVIDE (__DTOR_END__, ABSOLUTE (.))
 *(.jcr)
                0x0000000000009f00                . = ALIGN (0x4)

.rodata         0x0000000000009f00       0x34
                0x0000000000009f00                PROVIDE (__ram_rodata_start, ABSOLUTE (.))
                0x0000000000009f00                . = ALIGN (0x4)
 *(.rodata .rodata.* .gnu.linkonce.r.*)
 .rodata        0x0000000000009f00       0x11 ../MA_timer_bsp/\libhal_bsp.a(alt_main.o)
 *fill*         0x0000000000009f11        0x3 
 .rodata        0x0000000000009f14       0x11 ../MA_timer_bsp/\libhal_bsp.a(alt_sys_init.o)
 *fill*         0x0000000000009f25        0x3 
 .rodata        0x0000000000009f28        0xa ../MA_timer_bsp/\libhal_bsp.a(alt_dev.o)
 *(.rodata1)
                0x0000000000009f34                . = ALIGN (0x4)
 *fill*         0x0000000000009f32        0x2 
                0x0000000000009f34                PROVIDE (__ram_rodata_end, ABSOLUTE (.))
                0x0000000000009f00                PROVIDE (__flash_rodata_start, LOADADDR (.rodata))

.rwdata         0x0000000000009f34      0x2e0 load address 0x000000000000a214
                0x0000000000009f34                PROVIDE (__ram_rwdata_start, ABSOLUTE (.))
                0x0000000000009f34                . = ALIGN (0x4)
 *(.got.plt)
 *(.got)
 *(.data1)
 *(.data .data.* .gnu.linkonce.d.*)
 .data          0x0000000000009f34        0x0 ../MA_timer_bsp//obj/HAL/src/crt0.o
 .data          0x0000000000009f34        0x0 obj/default/hello_world.o
 .data          0x0000000000009f34        0x0 c:/intelfpga_lite/18.1/nios2eds/bin/gnu/h-x86_64-mingw32/bin/../lib/gcc/nios2-elf/5.3.0/mno-hw-mul\libgcc.a(lib2-divmod.o)
 .data          0x0000000000009f34        0x0 c:/intelfpga_lite/18.1/nios2eds/bin/gnu/h-x86_64-mingw32/bin/../lib/gcc/nios2-elf/5.3.0/mno-hw-mul\libgcc.a(lib2-mul.o)
 .data          0x0000000000009f34        0x0 ../MA_timer_bsp/\libhal_bsp.a(alt_iic.o)
 .data          0x0000000000009f34        0x0 ../MA_timer_bsp/\libhal_bsp.a(alt_iic_isr_register.o)
 .data          0x0000000000009f34        0x0 ../MA_timer_bsp/\libhal_bsp.a(alt_irq_entry.o)
 .data          0x0000000000009f34        0x0 ../MA_timer_bsp/\libhal_bsp.a(alt_irq_handler.o)
 .data          0x0000000000009f34        0x0 ../MA_timer_bsp/\libhal_bsp.a(alt_irq_vars.o)
 .data          0x0000000000009f34        0x0 ../MA_timer_bsp/\libhal_bsp.a(alt_load.o)
 .data          0x0000000000009f34        0x0 ../MA_timer_bsp/\libhal_bsp.a(alt_main.o)
 .data          0x0000000000009f34       0x2c ../MA_timer_bsp/\libhal_bsp.a(alt_sys_init.o)
 .data          0x0000000000009f60        0x0 ../MA_timer_bsp/\libhal_bsp.a(altera_avalon_jtag_uart_fd.o)
 .data          0x0000000000009f60        0x0 ../MA_timer_bsp/\libhal_bsp.a(altera_avalon_jtag_uart_read.o)
 .data          0x0000000000009f60        0x0 ../MA_timer_bsp/\libhal_bsp.a(altera_avalon_jtag_uart_write.o)
 .data          0x0000000000009f60        0x0 ../MA_timer_bsp/\libhal_bsp.a(altera_avalon_timer_sc.o)
 .data          0x0000000000009f60        0x0 ../MA_timer_bsp/\libhal_bsp.a(alt_close.o)
 .data          0x0000000000009f60        0x0 ../MA_timer_bsp/\libhal_bsp.a(alt_dcache_flush_all.o)
 .data          0x0000000000009f60      0x1a8 ../MA_timer_bsp/\libhal_bsp.a(alt_dev.o)
                0x0000000000009f60                alt_dev_null
                0x0000000000009f88                alt_fd_list
 .data          0x000000000000a108        0x0 ../MA_timer_bsp/\libhal_bsp.a(alt_dev_llist_insert.o)
 .data          0x000000000000a108        0x0 ../MA_timer_bsp/\libhal_bsp.a(alt_do_ctors.o)
 .data          0x000000000000a108        0x0 ../MA_timer_bsp/\libhal_bsp.a(alt_do_dtors.o)
 .data          0x000000000000a108        0x0 ../MA_timer_bsp/\libhal_bsp.a(alt_errno.o)
 .data          0x000000000000a108        0x0 ../MA_timer_bsp/\libhal_bsp.a(alt_exception_entry.o)
 .data          0x000000000000a108        0x0 ../MA_timer_bsp/\libhal_bsp.a(alt_icache_flush_all.o)
 .data          0x000000000000a108        0x0 ../MA_timer_bsp/\libhal_bsp.a(alt_instruction_exception_entry.o)
 .data          0x000000000000a108        0x0 ../MA_timer_bsp/\libhal_bsp.a(alt_io_redirect.o)
 .data          0x000000000000a108        0x0 ../MA_timer_bsp/\libhal_bsp.a(alt_open.o)
 .data          0x000000000000a108        0x0 ../MA_timer_bsp/\libhal_bsp.a(alt_release_fd.o)
 .data          0x000000000000a108        0x0 ../MA_timer_bsp/\libhal_bsp.a(alt_tick.o)
 .data          0x000000000000a108        0x0 ../MA_timer_bsp/\libhal_bsp.a(altera_nios2_gen2_irq.o)
 .data          0x000000000000a108        0x0 ../MA_timer_bsp/\libhal_bsp.a(alt_find_dev.o)
 .data          0x000000000000a108        0x0 ../MA_timer_bsp/\libhal_bsp.a(alt_find_file.o)
 .data          0x000000000000a108        0x0 ../MA_timer_bsp/\libhal_bsp.a(alt_get_fd.o)
 .data          0x000000000000a108        0x0 c:/intelfpga_lite/18.1/nios2eds/bin/gnu/h-x86_64-mingw32/bin/../lib/gcc/nios2-elf/5.3.0/../../../../../H-x86_64-mingw32/nios2-elf/lib/mno-hw-mul\libsmallc.a(lib_a-atexit.o)
 .data          0x000000000000a108        0x0 c:/intelfpga_lite/18.1/nios2eds/bin/gnu/h-x86_64-mingw32/bin/../lib/gcc/nios2-elf/5.3.0/../../../../../H-x86_64-mingw32/nios2-elf/lib/mno-hw-mul\libsmallc.a(lib_a-exit.o)
 .data          0x000000000000a108        0x0 c:/intelfpga_lite/18.1/nios2eds/bin/gnu/h-x86_64-mingw32/bin/../lib/gcc/nios2-elf/5.3.0/../../../../../H-x86_64-mingw32/nios2-elf/lib/mno-hw-mul\libsmallc.a(lib_a-int_errno.o)
 .data          0x000000000000a108        0x0 c:/intelfpga_lite/18.1/nios2eds/bin/gnu/h-x86_64-mingw32/bin/../lib/gcc/nios2-elf/5.3.0/../../../../../H-x86_64-mingw32/nios2-elf/lib/mno-hw-mul\libsmallc.a(lib_a-memcmp.o)
 .data          0x000000000000a108        0x0 c:/intelfpga_lite/18.1/nios2eds/bin/gnu/h-x86_64-mingw32/bin/../lib/gcc/nios2-elf/5.3.0/../../../../../H-x86_64-mingw32/nios2-elf/lib/mno-hw-mul\libsmallc.a(lib_a-strlen.o)
 .data          0x000000000000a108        0x0 c:/intelfpga_lite/18.1/nios2eds/bin/gnu/h-x86_64-mingw32/bin/../lib/gcc/nios2-elf/5.3.0/../../../../../H-x86_64-mingw32/nios2-elf/lib/mno-hw-mul\libsmallc.a(lib_a-__atexit.o)
 .data          0x000000000000a108        0x0 c:/intelfpga_lite/18.1/nios2eds/bin/gnu/h-x86_64-mingw32/bin/../lib/gcc/nios2-elf/5.3.0/../../../../../H-x86_64-mingw32/nios2-elf/lib/mno-hw-mul\libsmallc.a(lib_a-__call_atexit.o)
 .data          0x000000000000a108        0x0 c:/intelfpga_lite/18.1/nios2eds/bin/gnu/h-x86_64-mingw32/bin/../lib/gcc/nios2-elf/5.3.0/../../../../../H-x86_64-mingw32/nios2-elf/lib/mno-hw-mul\libsmallc.a(lib_a-impure.o)
 .data.impure_data
                0x000000000000a108       0xe0 c:/intelfpga_lite/18.1/nios2eds/bin/gnu/h-x86_64-mingw32/bin/../lib/gcc/nios2-elf/5.3.0/../../../../../H-x86_64-mingw32/nios2-elf/lib/mno-hw-mul\libsmallc.a(lib_a-impure.o)
 .data          0x000000000000a1e8        0x0 ../MA_timer_bsp/\libhal_bsp.a(alt_exit.o)
                0x00000000000121e8                _gp = ABSOLUTE ((. + 0x8000))
                [!provide]                        PROVIDE (gp, _gp)
 *(.rwdata .rwdata.*)
 *(.sdata .sdata.* .gnu.linkonce.s.*)
 .sdata         0x000000000000a1e8        0x4 ../MA_timer_bsp/\libhal_bsp.a(alt_irq_vars.o)
                0x000000000000a1e8                alt_priority_mask
 .sdata         0x000000000000a1ec       0x14 ../MA_timer_bsp/\libhal_bsp.a(alt_dev.o)
                0x000000000000a1ec                alt_fs_list
                0x000000000000a1f4                alt_dev_list
                0x000000000000a1fc                alt_max_fd
 .sdata         0x000000000000a200        0x4 ../MA_timer_bsp/\libhal_bsp.a(alt_errno.o)
                0x000000000000a200                alt_errno
 .sdata         0x000000000000a204        0x8 ../MA_timer_bsp/\libhal_bsp.a(alt_tick.o)
                0x000000000000a204                alt_alarm_list
 .sdata._global_impure_ptr
                0x000000000000a20c        0x4 c:/intelfpga_lite/18.1/nios2eds/bin/gnu/h-x86_64-mingw32/bin/../lib/gcc/nios2-elf/5.3.0/../../../../../H-x86_64-mingw32/nios2-elf/lib/mno-hw-mul\libsmallc.a(lib_a-impure.o)
                0x000000000000a20c                _global_impure_ptr
 .sdata._impure_ptr
                0x000000000000a210        0x4 c:/intelfpga_lite/18.1/nios2eds/bin/gnu/h-x86_64-mingw32/bin/../lib/gcc/nios2-elf/5.3.0/../../../../../H-x86_64-mingw32/nios2-elf/lib/mno-hw-mul\libsmallc.a(lib_a-impure.o)
                0x000000000000a210                _impure_ptr
 *(.sdata2 .sdata2.* .gnu.linkonce.s2.*)
                0x000000000000a214                . = ALIGN (0x4)
                0x000000000000a214                _edata = ABSOLUTE (.)
                [!provide]                        PROVIDE (edata, ABSOLUTE (.))
                0x000000000000a214                PROVIDE (__ram_rwdata_end, ABSOLUTE (.))
                0x000000000000a214                PROVIDE (__flash_rwdata_start, LOADADDR (.rwdata))

.bss            0x000000000000a4f4      0x134
                0x000000000000a4f4                __bss_start = ABSOLUTE (.)
                [!provide]                        PROVIDE (__sbss_start, ABSOLUTE (.))
                [!provide]                        PROVIDE (___sbss_start, ABSOLUTE (.))
 *(.dynsbss)
 *(.sbss .sbss.* .gnu.linkonce.sb.*)
 .sbss          0x000000000000a4f4       0x10 obj/default/hello_world.o
                0x000000000000a4f4                counter
                0x000000000000a4f8                phut
                0x000000000000a4fc                gio
                0x000000000000a500                pause
 .sbss          0x000000000000a504        0x4 obj/default/hello_world.o
                0x000000000000a504                SW_ptr
 .sbss          0x000000000000a508        0x4 ../MA_timer_bsp/\libhal_bsp.a(alt_irq_vars.o)
                0x000000000000a508                alt_irq_active
 .sbss          0x000000000000a50c        0xc ../MA_timer_bsp/\libhal_bsp.a(alt_main.o)
                0x000000000000a50c                alt_argc
                0x000000000000a510                alt_argv
                0x000000000000a514                alt_envp
 .sbss          0x000000000000a518        0x4 ../MA_timer_bsp/\libhal_bsp.a(alt_instruction_exception_entry.o)
                0x000000000000a518                alt_instruction_exception_handler
 .sbss          0x000000000000a51c        0x8 ../MA_timer_bsp/\libhal_bsp.a(alt_tick.o)
                0x000000000000a51c                _alt_tick_rate
                0x000000000000a520                _alt_nticks
 .sbss          0x000000000000a524        0x4 c:/intelfpga_lite/18.1/nios2eds/bin/gnu/h-x86_64-mingw32/bin/../lib/gcc/nios2-elf/5.3.0/../../../../../H-x86_64-mingw32/nios2-elf/lib/mno-hw-mul\libsmallc.a(lib_a-int_errno.o)
                0x000000000000a524                errno
 *(.sbss2 .sbss2.* .gnu.linkonce.sb2.*)
 *(.scommon)
                [!provide]                        PROVIDE (__sbss_end, ABSOLUTE (.))
                [!provide]                        PROVIDE (___sbss_end, ABSOLUTE (.))
 *(.dynbss)
 *(.bss .bss.* .gnu.linkonce.b.*)
 .bss           0x000000000000a528        0x0 ../MA_timer_bsp//obj/HAL/src/crt0.o
 .bss           0x000000000000a528        0x0 obj/default/hello_world.o
 .bss           0x000000000000a528        0x0 c:/intelfpga_lite/18.1/nios2eds/bin/gnu/h-x86_64-mingw32/bin/../lib/gcc/nios2-elf/5.3.0/mno-hw-mul\libgcc.a(lib2-divmod.o)
 .bss           0x000000000000a528        0x0 c:/intelfpga_lite/18.1/nios2eds/bin/gnu/h-x86_64-mingw32/bin/../lib/gcc/nios2-elf/5.3.0/mno-hw-mul\libgcc.a(lib2-mul.o)
 .bss           0x000000000000a528        0x0 ../MA_timer_bsp/\libhal_bsp.a(alt_iic.o)
 .bss           0x000000000000a528        0x0 ../MA_timer_bsp/\libhal_bsp.a(alt_iic_isr_register.o)
 .bss           0x000000000000a528        0x0 ../MA_timer_bsp/\libhal_bsp.a(alt_irq_entry.o)
 .bss           0x000000000000a528        0x0 ../MA_timer_bsp/\libhal_bsp.a(alt_irq_handler.o)
 .bss           0x000000000000a528        0x0 ../MA_timer_bsp/\libhal_bsp.a(alt_irq_vars.o)
 .bss           0x000000000000a528        0x0 ../MA_timer_bsp/\libhal_bsp.a(alt_load.o)
 .bss           0x000000000000a528        0x0 ../MA_timer_bsp/\libhal_bsp.a(alt_main.o)
 .bss           0x000000000000a528        0x0 ../MA_timer_bsp/\libhal_bsp.a(alt_sys_init.o)
 .bss           0x000000000000a528        0x0 ../MA_timer_bsp/\libhal_bsp.a(altera_avalon_jtag_uart_fd.o)
 .bss           0x000000000000a528        0x0 ../MA_timer_bsp/\libhal_bsp.a(altera_avalon_jtag_uart_read.o)
 .bss           0x000000000000a528        0x0 ../MA_timer_bsp/\libhal_bsp.a(altera_avalon_jtag_uart_write.o)
 .bss           0x000000000000a528        0x0 ../MA_timer_bsp/\libhal_bsp.a(altera_avalon_timer_sc.o)
 .bss           0x000000000000a528        0x0 ../MA_timer_bsp/\libhal_bsp.a(alt_close.o)
 .bss           0x000000000000a528        0x0 ../MA_timer_bsp/\libhal_bsp.a(alt_dcache_flush_all.o)
 .bss           0x000000000000a528        0x0 ../MA_timer_bsp/\libhal_bsp.a(alt_dev.o)
 .bss           0x000000000000a528        0x0 ../MA_timer_bsp/\libhal_bsp.a(alt_dev_llist_insert.o)
 .bss           0x000000000000a528        0x0 ../MA_timer_bsp/\libhal_bsp.a(alt_do_ctors.o)
 .bss           0x000000000000a528        0x0 ../MA_timer_bsp/\libhal_bsp.a(alt_do_dtors.o)
 .bss           0x000000000000a528        0x0 ../MA_timer_bsp/\libhal_bsp.a(alt_errno.o)
 .bss           0x000000000000a528        0x0 ../MA_timer_bsp/\libhal_bsp.a(alt_exception_entry.o)
 .bss           0x000000000000a528        0x0 ../MA_timer_bsp/\libhal_bsp.a(alt_icache_flush_all.o)
 .bss           0x000000000000a528        0x0 ../MA_timer_bsp/\libhal_bsp.a(alt_instruction_exception_entry.o)
 .bss           0x000000000000a528        0x0 ../MA_timer_bsp/\libhal_bsp.a(alt_io_redirect.o)
 .bss           0x000000000000a528        0x0 ../MA_timer_bsp/\libhal_bsp.a(alt_open.o)
 .bss           0x000000000000a528        0x0 ../MA_timer_bsp/\libhal_bsp.a(alt_release_fd.o)
 .bss           0x000000000000a528        0x0 ../MA_timer_bsp/\libhal_bsp.a(alt_tick.o)
 .bss           0x000000000000a528        0x0 ../MA_timer_bsp/\libhal_bsp.a(altera_nios2_gen2_irq.o)
 .bss           0x000000000000a528        0x0 ../MA_timer_bsp/\libhal_bsp.a(alt_find_dev.o)
 .bss           0x000000000000a528        0x0 ../MA_timer_bsp/\libhal_bsp.a(alt_find_file.o)
 .bss           0x000000000000a528        0x0 ../MA_timer_bsp/\libhal_bsp.a(alt_get_fd.o)
 .bss           0x000000000000a528        0x0 c:/intelfpga_lite/18.1/nios2eds/bin/gnu/h-x86_64-mingw32/bin/../lib/gcc/nios2-elf/5.3.0/../../../../../H-x86_64-mingw32/nios2-elf/lib/mno-hw-mul\libsmallc.a(lib_a-atexit.o)
 .bss           0x000000000000a528        0x0 c:/intelfpga_lite/18.1/nios2eds/bin/gnu/h-x86_64-mingw32/bin/../lib/gcc/nios2-elf/5.3.0/../../../../../H-x86_64-mingw32/nios2-elf/lib/mno-hw-mul\libsmallc.a(lib_a-exit.o)
 .bss           0x000000000000a528        0x0 c:/intelfpga_lite/18.1/nios2eds/bin/gnu/h-x86_64-mingw32/bin/../lib/gcc/nios2-elf/5.3.0/../../../../../H-x86_64-mingw32/nios2-elf/lib/mno-hw-mul\libsmallc.a(lib_a-int_errno.o)
 .bss           0x000000000000a528        0x0 c:/intelfpga_lite/18.1/nios2eds/bin/gnu/h-x86_64-mingw32/bin/../lib/gcc/nios2-elf/5.3.0/../../../../../H-x86_64-mingw32/nios2-elf/lib/mno-hw-mul\libsmallc.a(lib_a-memcmp.o)
 .bss           0x000000000000a528        0x0 c:/intelfpga_lite/18.1/nios2eds/bin/gnu/h-x86_64-mingw32/bin/../lib/gcc/nios2-elf/5.3.0/../../../../../H-x86_64-mingw32/nios2-elf/lib/mno-hw-mul\libsmallc.a(lib_a-strlen.o)
 .bss           0x000000000000a528        0x0 c:/intelfpga_lite/18.1/nios2eds/bin/gnu/h-x86_64-mingw32/bin/../lib/gcc/nios2-elf/5.3.0/../../../../../H-x86_64-mingw32/nios2-elf/lib/mno-hw-mul\libsmallc.a(lib_a-__atexit.o)
 .bss           0x000000000000a528        0x0 c:/intelfpga_lite/18.1/nios2eds/bin/gnu/h-x86_64-mingw32/bin/../lib/gcc/nios2-elf/5.3.0/../../../../../H-x86_64-mingw32/nios2-elf/lib/mno-hw-mul\libsmallc.a(lib_a-__call_atexit.o)
 .bss           0x000000000000a528        0x0 c:/intelfpga_lite/18.1/nios2eds/bin/gnu/h-x86_64-mingw32/bin/../lib/gcc/nios2-elf/5.3.0/../../../../../H-x86_64-mingw32/nios2-elf/lib/mno-hw-mul\libsmallc.a(lib_a-impure.o)
 .bss           0x000000000000a528        0x0 ../MA_timer_bsp/\libhal_bsp.a(alt_exit.o)
 *(COMMON)
 COMMON         0x000000000000a528      0x100 ../MA_timer_bsp/\libhal_bsp.a(alt_irq_handler.o)
                0x000000000000a528                alt_irq
                0x000000000000a628                . = ALIGN (0x4)
                0x000000000000a628                __bss_end = ABSOLUTE (.)

.onchip_memory2_0
                0x000000000000a628        0x0
                [!provide]                        PROVIDE (_alt_partition_onchip_memory2_0_start, ABSOLUTE (.))
 *(.onchip_memory2_0 .onchip_memory2_0. onchip_memory2_0.*)
                0x000000000000a628                . = ALIGN (0x4)
                [!provide]                        PROVIDE (_alt_partition_onchip_memory2_0_end, ABSOLUTE (.))
                0x000000000000a628                _end = ABSOLUTE (.)
                0x000000000000a628                end = ABSOLUTE (.)
                0x000000000000a628                __alt_stack_base = ABSOLUTE (.)
                [!provide]                        PROVIDE (_alt_partition_onchip_memory2_0_load_addr, LOADADDR (.onchip_memory2_0))

.stab
 *(.stab)

.stabstr
 *(.stabstr)

.stab.excl
 *(.stab.excl)

.stab.exclstr
 *(.stab.exclstr)

.stab.index
 *(.stab.index)

.stab.indexstr
 *(.stab.indexstr)

.comment        0x0000000000000000       0x23
 *(.comment)
 .comment       0x0000000000000000       0x23 obj/default/hello_world.o
                                         0x24 (size before relaxing)
 .comment       0x0000000000000023       0x24 c:/intelfpga_lite/18.1/nios2eds/bin/gnu/h-x86_64-mingw32/bin/../lib/gcc/nios2-elf/5.3.0/mno-hw-mul\libgcc.a(lib2-divmod.o)
 .comment       0x0000000000000023       0x24 c:/intelfpga_lite/18.1/nios2eds/bin/gnu/h-x86_64-mingw32/bin/../lib/gcc/nios2-elf/5.3.0/mno-hw-mul\libgcc.a(lib2-mul.o)
 .comment       0x0000000000000023       0x24 ../MA_timer_bsp/\libhal_bsp.a(alt_iic.o)
 .comment       0x0000000000000023       0x24 ../MA_timer_bsp/\libhal_bsp.a(alt_iic_isr_register.o)
 .comment       0x0000000000000023       0x24 ../MA_timer_bsp/\libhal_bsp.a(alt_irq_handler.o)
 .comment       0x0000000000000023       0x24 ../MA_timer_bsp/\libhal_bsp.a(alt_irq_vars.o)
 .comment       0x0000000000000023       0x24 ../MA_timer_bsp/\libhal_bsp.a(alt_load.o)
 .comment       0x0000000000000023       0x24 ../MA_timer_bsp/\libhal_bsp.a(alt_main.o)
 .comment       0x0000000000000023       0x24 ../MA_timer_bsp/\libhal_bsp.a(alt_sys_init.o)
 .comment       0x0000000000000023       0x24 ../MA_timer_bsp/\libhal_bsp.a(altera_avalon_jtag_uart_fd.o)
 .comment       0x0000000000000023       0x24 ../MA_timer_bsp/\libhal_bsp.a(altera_avalon_jtag_uart_read.o)
 .comment       0x0000000000000023       0x24 ../MA_timer_bsp/\libhal_bsp.a(altera_avalon_jtag_uart_write.o)
 .comment       0x0000000000000023       0x24 ../MA_timer_bsp/\libhal_bsp.a(altera_avalon_timer_sc.o)
 .comment       0x0000000000000023       0x24 ../MA_timer_bsp/\libhal_bsp.a(alt_close.o)
 .comment       0x0000000000000023       0x24 ../MA_timer_bsp/\libhal_bsp.a(alt_dcache_flush_all.o)
 .comment       0x0000000000000023       0x24 ../MA_timer_bsp/\libhal_bsp.a(alt_dev.o)
 .comment       0x0000000000000023       0x24 ../MA_timer_bsp/\libhal_bsp.a(alt_dev_llist_insert.o)
 .comment       0x0000000000000023       0x24 ../MA_timer_bsp/\libhal_bsp.a(alt_do_ctors.o)
 .comment       0x0000000000000023       0x24 ../MA_timer_bsp/\libhal_bsp.a(alt_do_dtors.o)
 .comment       0x0000000000000023       0x24 ../MA_timer_bsp/\libhal_bsp.a(alt_errno.o)
 .comment       0x0000000000000023       0x24 ../MA_timer_bsp/\libhal_bsp.a(alt_icache_flush_all.o)
 .comment       0x0000000000000023       0x24 ../MA_timer_bsp/\libhal_bsp.a(alt_instruction_exception_entry.o)
 .comment       0x0000000000000023       0x24 ../MA_timer_bsp/\libhal_bsp.a(alt_io_redirect.o)
 .comment       0x0000000000000023       0x24 ../MA_timer_bsp/\libhal_bsp.a(alt_open.o)
 .comment       0x0000000000000023       0x24 ../MA_timer_bsp/\libhal_bsp.a(alt_release_fd.o)
 .comment       0x0000000000000023       0x24 ../MA_timer_bsp/\libhal_bsp.a(alt_tick.o)
 .comment       0x0000000000000023       0x24 ../MA_timer_bsp/\libhal_bsp.a(altera_nios2_gen2_irq.o)
 .comment       0x0000000000000023       0x24 ../MA_timer_bsp/\libhal_bsp.a(alt_find_dev.o)
 .comment       0x0000000000000023       0x24 ../MA_timer_bsp/\libhal_bsp.a(alt_find_file.o)
 .comment       0x0000000000000023       0x24 ../MA_timer_bsp/\libhal_bsp.a(alt_get_fd.o)
 .comment       0x0000000000000023       0x24 c:/intelfpga_lite/18.1/nios2eds/bin/gnu/h-x86_64-mingw32/bin/../lib/gcc/nios2-elf/5.3.0/../../../../../H-x86_64-mingw32/nios2-elf/lib/mno-hw-mul\libsmallc.a(lib_a-atexit.o)
 .comment       0x0000000000000023       0x24 c:/intelfpga_lite/18.1/nios2eds/bin/gnu/h-x86_64-mingw32/bin/../lib/gcc/nios2-elf/5.3.0/../../../../../H-x86_64-mingw32/nios2-elf/lib/mno-hw-mul\libsmallc.a(lib_a-exit.o)
 .comment       0x0000000000000023       0x24 c:/intelfpga_lite/18.1/nios2eds/bin/gnu/h-x86_64-mingw32/bin/../lib/gcc/nios2-elf/5.3.0/../../../../../H-x86_64-mingw32/nios2-elf/lib/mno-hw-mul\libsmallc.a(lib_a-int_errno.o)
 .comment       0x0000000000000023       0x24 c:/intelfpga_lite/18.1/nios2eds/bin/gnu/h-x86_64-mingw32/bin/../lib/gcc/nios2-elf/5.3.0/../../../../../H-x86_64-mingw32/nios2-elf/lib/mno-hw-mul\libsmallc.a(lib_a-memcmp.o)
 .comment       0x0000000000000023       0x24 c:/intelfpga_lite/18.1/nios2eds/bin/gnu/h-x86_64-mingw32/bin/../lib/gcc/nios2-elf/5.3.0/../../../../../H-x86_64-mingw32/nios2-elf/lib/mno-hw-mul\libsmallc.a(lib_a-strlen.o)
 .comment       0x0000000000000023       0x24 c:/intelfpga_lite/18.1/nios2eds/bin/gnu/h-x86_64-mingw32/bin/../lib/gcc/nios2-elf/5.3.0/../../../../../H-x86_64-mingw32/nios2-elf/lib/mno-hw-mul\libsmallc.a(lib_a-__atexit.o)
 .comment       0x0000000000000023       0x24 c:/intelfpga_lite/18.1/nios2eds/bin/gnu/h-x86_64-mingw32/bin/../lib/gcc/nios2-elf/5.3.0/../../../../../H-x86_64-mingw32/nios2-elf/lib/mno-hw-mul\libsmallc.a(lib_a-__call_atexit.o)
 .comment       0x0000000000000023       0x24 c:/intelfpga_lite/18.1/nios2eds/bin/gnu/h-x86_64-mingw32/bin/../lib/gcc/nios2-elf/5.3.0/../../../../../H-x86_64-mingw32/nios2-elf/lib/mno-hw-mul\libsmallc.a(lib_a-impure.o)
 .comment       0x0000000000000023       0x24 ../MA_timer_bsp/\libhal_bsp.a(alt_exit.o)

.debug
 *(.debug)

.line
 *(.line)

.debug_srcinfo
 *(.debug_srcinfo)

.debug_sfnames
 *(.debug_sfnames)

.debug_aranges  0x0000000000000000      0x578
 *(.debug_aranges)
 .debug_aranges
                0x0000000000000000       0x28 ../MA_timer_bsp//obj/HAL/src/crt0.o
 .debug_aranges
                0x0000000000000028       0x20 obj/default/hello_world.o
 .debug_aranges
                0x0000000000000048       0x20 c:/intelfpga_lite/18.1/nios2eds/bin/gnu/h-x86_64-mingw32/bin/../lib/gcc/nios2-elf/5.3.0/mno-hw-mul\libgcc.a(lib2-divmod.o)
 .debug_aranges
                0x0000000000000068       0x20 c:/intelfpga_lite/18.1/nios2eds/bin/gnu/h-x86_64-mingw32/bin/../lib/gcc/nios2-elf/5.3.0/mno-hw-mul\libgcc.a(lib2-mul.o)
 .debug_aranges
                0x0000000000000088       0x20 ../MA_timer_bsp/\libhal_bsp.a(alt_iic.o)
 .debug_aranges
                0x00000000000000a8       0x20 ../MA_timer_bsp/\libhal_bsp.a(alt_iic_isr_register.o)
 .debug_aranges
                0x00000000000000c8       0x30 ../MA_timer_bsp/\libhal_bsp.a(alt_irq_entry.o)
 .debug_aranges
                0x00000000000000f8       0x20 ../MA_timer_bsp/\libhal_bsp.a(alt_irq_handler.o)
 .debug_aranges
                0x0000000000000118       0x18 ../MA_timer_bsp/\libhal_bsp.a(alt_irq_vars.o)
 .debug_aranges
                0x0000000000000130       0x20 ../MA_timer_bsp/\libhal_bsp.a(alt_load.o)
 .debug_aranges
                0x0000000000000150       0x20 ../MA_timer_bsp/\libhal_bsp.a(alt_main.o)
 .debug_aranges
                0x0000000000000170       0x20 ../MA_timer_bsp/\libhal_bsp.a(alt_sys_init.o)
 .debug_aranges
                0x0000000000000190       0x20 ../MA_timer_bsp/\libhal_bsp.a(altera_avalon_jtag_uart_fd.o)
 .debug_aranges
                0x00000000000001b0       0x20 ../MA_timer_bsp/\libhal_bsp.a(altera_avalon_jtag_uart_read.o)
 .debug_aranges
                0x00000000000001d0       0x20 ../MA_timer_bsp/\libhal_bsp.a(altera_avalon_jtag_uart_write.o)
 .debug_aranges
                0x00000000000001f0       0x20 ../MA_timer_bsp/\libhal_bsp.a(altera_avalon_timer_sc.o)
 .debug_aranges
                0x0000000000000210       0x20 ../MA_timer_bsp/\libhal_bsp.a(alt_close.o)
 .debug_aranges
                0x0000000000000230       0x20 ../MA_timer_bsp/\libhal_bsp.a(alt_dcache_flush_all.o)
 .debug_aranges
                0x0000000000000250       0x20 ../MA_timer_bsp/\libhal_bsp.a(alt_dev.o)
 .debug_aranges
                0x0000000000000270       0x20 ../MA_timer_bsp/\libhal_bsp.a(alt_dev_llist_insert.o)
 .debug_aranges
                0x0000000000000290       0x20 ../MA_timer_bsp/\libhal_bsp.a(alt_do_ctors.o)
 .debug_aranges
                0x00000000000002b0       0x20 ../MA_timer_bsp/\libhal_bsp.a(alt_do_dtors.o)
 .debug_aranges
                0x00000000000002d0       0x18 ../MA_timer_bsp/\libhal_bsp.a(alt_errno.o)
 .debug_aranges
                0x00000000000002e8       0x38 ../MA_timer_bsp/\libhal_bsp.a(alt_exception_entry.o)
 .debug_aranges
                0x0000000000000320       0x20 ../MA_timer_bsp/\libhal_bsp.a(alt_icache_flush_all.o)
 .debug_aranges
                0x0000000000000340       0x28 ../MA_timer_bsp/\libhal_bsp.a(alt_instruction_exception_entry.o)
 .debug_aranges
                0x0000000000000368       0x20 ../MA_timer_bsp/\libhal_bsp.a(alt_io_redirect.o)
 .debug_aranges
                0x0000000000000388       0x20 ../MA_timer_bsp/\libhal_bsp.a(alt_open.o)
 .debug_aranges
                0x00000000000003a8       0x20 ../MA_timer_bsp/\libhal_bsp.a(alt_release_fd.o)
 .debug_aranges
                0x00000000000003c8       0x20 ../MA_timer_bsp/\libhal_bsp.a(alt_tick.o)
 .debug_aranges
                0x00000000000003e8       0x20 ../MA_timer_bsp/\libhal_bsp.a(altera_nios2_gen2_irq.o)
 .debug_aranges
                0x0000000000000408       0x20 ../MA_timer_bsp/\libhal_bsp.a(alt_find_dev.o)
 .debug_aranges
                0x0000000000000428       0x20 ../MA_timer_bsp/\libhal_bsp.a(alt_find_file.o)
 .debug_aranges
                0x0000000000000448       0x20 ../MA_timer_bsp/\libhal_bsp.a(alt_get_fd.o)
 .debug_aranges
                0x0000000000000468       0x20 c:/intelfpga_lite/18.1/nios2eds/bin/gnu/h-x86_64-mingw32/bin/../lib/gcc/nios2-elf/5.3.0/../../../../../H-x86_64-mingw32/nios2-elf/lib/mno-hw-mul\libsmallc.a(lib_a-atexit.o)
 .debug_aranges
                0x0000000000000488       0x20 c:/intelfpga_lite/18.1/nios2eds/bin/gnu/h-x86_64-mingw32/bin/../lib/gcc/nios2-elf/5.3.0/../../../../../H-x86_64-mingw32/nios2-elf/lib/mno-hw-mul\libsmallc.a(lib_a-exit.o)
 .debug_aranges
                0x00000000000004a8       0x18 c:/intelfpga_lite/18.1/nios2eds/bin/gnu/h-x86_64-mingw32/bin/../lib/gcc/nios2-elf/5.3.0/../../../../../H-x86_64-mingw32/nios2-elf/lib/mno-hw-mul\libsmallc.a(lib_a-int_errno.o)
 .debug_aranges
                0x00000000000004c0       0x20 c:/intelfpga_lite/18.1/nios2eds/bin/gnu/h-x86_64-mingw32/bin/../lib/gcc/nios2-elf/5.3.0/../../../../../H-x86_64-mingw32/nios2-elf/lib/mno-hw-mul\libsmallc.a(lib_a-memcmp.o)
 .debug_aranges
                0x00000000000004e0       0x20 c:/intelfpga_lite/18.1/nios2eds/bin/gnu/h-x86_64-mingw32/bin/../lib/gcc/nios2-elf/5.3.0/../../../../../H-x86_64-mingw32/nios2-elf/lib/mno-hw-mul\libsmallc.a(lib_a-strlen.o)
 .debug_aranges
                0x0000000000000500       0x20 c:/intelfpga_lite/18.1/nios2eds/bin/gnu/h-x86_64-mingw32/bin/../lib/gcc/nios2-elf/5.3.0/../../../../../H-x86_64-mingw32/nios2-elf/lib/mno-hw-mul\libsmallc.a(lib_a-__atexit.o)
 .debug_aranges
                0x0000000000000520       0x20 c:/intelfpga_lite/18.1/nios2eds/bin/gnu/h-x86_64-mingw32/bin/../lib/gcc/nios2-elf/5.3.0/../../../../../H-x86_64-mingw32/nios2-elf/lib/mno-hw-mul\libsmallc.a(lib_a-__call_atexit.o)
 .debug_aranges
                0x0000000000000540       0x18 c:/intelfpga_lite/18.1/nios2eds/bin/gnu/h-x86_64-mingw32/bin/../lib/gcc/nios2-elf/5.3.0/../../../../../H-x86_64-mingw32/nios2-elf/lib/mno-hw-mul\libsmallc.a(lib_a-impure.o)
 .debug_aranges
                0x0000000000000558       0x20 ../MA_timer_bsp/\libhal_bsp.a(alt_exit.o)

.debug_pubnames
 *(.debug_pubnames)

.debug_info     0x0000000000000000     0x5a1f
 *(.debug_info .gnu.linkonce.wi.*)
 .debug_info    0x0000000000000000       0x7d ../MA_timer_bsp//obj/HAL/src/crt0.o
 .debug_info    0x000000000000007d      0x1a4 obj/default/hello_world.o
 .debug_info    0x0000000000000221      0x2c6 c:/intelfpga_lite/18.1/nios2eds/bin/gnu/h-x86_64-mingw32/bin/../lib/gcc/nios2-elf/5.3.0/mno-hw-mul\libgcc.a(lib2-divmod.o)
 .debug_info    0x00000000000004e7       0xb4 c:/intelfpga_lite/18.1/nios2eds/bin/gnu/h-x86_64-mingw32/bin/../lib/gcc/nios2-elf/5.3.0/mno-hw-mul\libgcc.a(lib2-mul.o)
 .debug_info    0x000000000000059b      0x350 ../MA_timer_bsp/\libhal_bsp.a(alt_iic.o)
 .debug_info    0x00000000000008eb      0x1ef ../MA_timer_bsp/\libhal_bsp.a(alt_iic_isr_register.o)
 .debug_info    0x0000000000000ada       0x86 ../MA_timer_bsp/\libhal_bsp.a(alt_irq_entry.o)
 .debug_info    0x0000000000000b60      0x187 ../MA_timer_bsp/\libhal_bsp.a(alt_irq_handler.o)
 .debug_info    0x0000000000000ce7       0x88 ../MA_timer_bsp/\libhal_bsp.a(alt_irq_vars.o)
 .debug_info    0x0000000000000d6f      0x145 ../MA_timer_bsp/\libhal_bsp.a(alt_load.o)
 .debug_info    0x0000000000000eb4      0x131 ../MA_timer_bsp/\libhal_bsp.a(alt_main.o)
 .debug_info    0x0000000000000fe5      0x3df ../MA_timer_bsp/\libhal_bsp.a(alt_sys_init.o)
 .debug_info    0x00000000000013c4      0x3a7 ../MA_timer_bsp/\libhal_bsp.a(altera_avalon_jtag_uart_fd.o)
 .debug_info    0x000000000000176b      0x1b2 ../MA_timer_bsp/\libhal_bsp.a(altera_avalon_jtag_uart_read.o)
 .debug_info    0x000000000000191d      0x195 ../MA_timer_bsp/\libhal_bsp.a(altera_avalon_jtag_uart_write.o)
 .debug_info    0x0000000000001ab2      0x226 ../MA_timer_bsp/\libhal_bsp.a(altera_avalon_timer_sc.o)
 .debug_info    0x0000000000001cd8      0x321 ../MA_timer_bsp/\libhal_bsp.a(alt_close.o)
 .debug_info    0x0000000000001ff9       0x92 ../MA_timer_bsp/\libhal_bsp.a(alt_dcache_flush_all.o)
 .debug_info    0x000000000000208b      0x49c ../MA_timer_bsp/\libhal_bsp.a(alt_dev.o)
 .debug_info    0x0000000000002527      0x1a9 ../MA_timer_bsp/\libhal_bsp.a(alt_dev_llist_insert.o)
 .debug_info    0x00000000000026d0       0x83 ../MA_timer_bsp/\libhal_bsp.a(alt_do_ctors.o)
 .debug_info    0x0000000000002753       0x83 ../MA_timer_bsp/\libhal_bsp.a(alt_do_dtors.o)
 .debug_info    0x00000000000027d6       0xa6 ../MA_timer_bsp/\libhal_bsp.a(alt_errno.o)
 .debug_info    0x000000000000287c       0x8c ../MA_timer_bsp/\libhal_bsp.a(alt_exception_entry.o)
 .debug_info    0x0000000000002908       0x92 ../MA_timer_bsp/\libhal_bsp.a(alt_icache_flush_all.o)
 .debug_info    0x000000000000299a      0x1e7 ../MA_timer_bsp/\libhal_bsp.a(alt_instruction_exception_entry.o)
 .debug_info    0x0000000000002b81      0x4a5 ../MA_timer_bsp/\libhal_bsp.a(alt_io_redirect.o)
 .debug_info    0x0000000000003026      0x3bb ../MA_timer_bsp/\libhal_bsp.a(alt_open.o)
 .debug_info    0x00000000000033e1      0x2b0 ../MA_timer_bsp/\libhal_bsp.a(alt_release_fd.o)
 .debug_info    0x0000000000003691      0x299 ../MA_timer_bsp/\libhal_bsp.a(alt_tick.o)
 .debug_info    0x000000000000392a       0x92 ../MA_timer_bsp/\libhal_bsp.a(altera_nios2_gen2_irq.o)
 .debug_info    0x00000000000039bc      0x2e9 ../MA_timer_bsp/\libhal_bsp.a(alt_find_dev.o)
 .debug_info    0x0000000000003ca5      0x2e6 ../MA_timer_bsp/\libhal_bsp.a(alt_find_file.o)
 .debug_info    0x0000000000003f8b      0x310 ../MA_timer_bsp/\libhal_bsp.a(alt_get_fd.o)
 .debug_info    0x000000000000429b       0xfe c:/intelfpga_lite/18.1/nios2eds/bin/gnu/h-x86_64-mingw32/bin/../lib/gcc/nios2-elf/5.3.0/../../../../../H-x86_64-mingw32/nios2-elf/lib/mno-hw-mul\libsmallc.a(lib_a-atexit.o)
 .debug_info    0x0000000000004399       0xe5 c:/intelfpga_lite/18.1/nios2eds/bin/gnu/h-x86_64-mingw32/bin/../lib/gcc/nios2-elf/5.3.0/../../../../../H-x86_64-mingw32/nios2-elf/lib/mno-hw-mul\libsmallc.a(lib_a-exit.o)
 .debug_info    0x000000000000447e       0x8a c:/intelfpga_lite/18.1/nios2eds/bin/gnu/h-x86_64-mingw32/bin/../lib/gcc/nios2-elf/5.3.0/../../../../../H-x86_64-mingw32/nios2-elf/lib/mno-hw-mul\libsmallc.a(lib_a-int_errno.o)
 .debug_info    0x0000000000004508       0xf4 c:/intelfpga_lite/18.1/nios2eds/bin/gnu/h-x86_64-mingw32/bin/../lib/gcc/nios2-elf/5.3.0/../../../../../H-x86_64-mingw32/nios2-elf/lib/mno-hw-mul\libsmallc.a(lib_a-memcmp.o)
 .debug_info    0x00000000000045fc       0xc9 c:/intelfpga_lite/18.1/nios2eds/bin/gnu/h-x86_64-mingw32/bin/../lib/gcc/nios2-elf/5.3.0/../../../../../H-x86_64-mingw32/nios2-elf/lib/mno-hw-mul\libsmallc.a(lib_a-strlen.o)
 .debug_info    0x00000000000046c5      0x64a c:/intelfpga_lite/18.1/nios2eds/bin/gnu/h-x86_64-mingw32/bin/../lib/gcc/nios2-elf/5.3.0/../../../../../H-x86_64-mingw32/nios2-elf/lib/mno-hw-mul\libsmallc.a(lib_a-__atexit.o)
 .debug_info    0x0000000000004d0f      0x67b c:/intelfpga_lite/18.1/nios2eds/bin/gnu/h-x86_64-mingw32/bin/../lib/gcc/nios2-elf/5.3.0/../../../../../H-x86_64-mingw32/nios2-elf/lib/mno-hw-mul\libsmallc.a(lib_a-__call_atexit.o)
 .debug_info    0x000000000000538a      0x5a9 c:/intelfpga_lite/18.1/nios2eds/bin/gnu/h-x86_64-mingw32/bin/../lib/gcc/nios2-elf/5.3.0/../../../../../H-x86_64-mingw32/nios2-elf/lib/mno-hw-mul\libsmallc.a(lib_a-impure.o)
 .debug_info    0x0000000000005933       0xec ../MA_timer_bsp/\libhal_bsp.a(alt_exit.o)

.debug_abbrev   0x0000000000000000     0x232d
 *(.debug_abbrev)
 .debug_abbrev  0x0000000000000000       0x12 ../MA_timer_bsp//obj/HAL/src/crt0.o
 .debug_abbrev  0x0000000000000012       0xf2 obj/default/hello_world.o
 .debug_abbrev  0x0000000000000104      0x10e c:/intelfpga_lite/18.1/nios2eds/bin/gnu/h-x86_64-mingw32/bin/../lib/gcc/nios2-elf/5.3.0/mno-hw-mul\libgcc.a(lib2-divmod.o)
 .debug_abbrev  0x0000000000000212       0x6f c:/intelfpga_lite/18.1/nios2eds/bin/gnu/h-x86_64-mingw32/bin/../lib/gcc/nios2-elf/5.3.0/mno-hw-mul\libgcc.a(lib2-mul.o)
 .debug_abbrev  0x0000000000000281      0x163 ../MA_timer_bsp/\libhal_bsp.a(alt_iic.o)
 .debug_abbrev  0x00000000000003e4      0x169 ../MA_timer_bsp/\libhal_bsp.a(alt_iic_isr_register.o)
 .debug_abbrev  0x000000000000054d       0x12 ../MA_timer_bsp/\libhal_bsp.a(alt_irq_entry.o)
 .debug_abbrev  0x000000000000055f      0x122 ../MA_timer_bsp/\libhal_bsp.a(alt_irq_handler.o)
 .debug_abbrev  0x0000000000000681       0x40 ../MA_timer_bsp/\libhal_bsp.a(alt_irq_vars.o)
 .debug_abbrev  0x00000000000006c1       0x9f ../MA_timer_bsp/\libhal_bsp.a(alt_load.o)
 .debug_abbrev  0x0000000000000760       0xba ../MA_timer_bsp/\libhal_bsp.a(alt_main.o)
 .debug_abbrev  0x000000000000081a      0x157 ../MA_timer_bsp/\libhal_bsp.a(alt_sys_init.o)
 .debug_abbrev  0x0000000000000971       0xf7 ../MA_timer_bsp/\libhal_bsp.a(altera_avalon_jtag_uart_fd.o)
 .debug_abbrev  0x0000000000000a68       0xd5 ../MA_timer_bsp/\libhal_bsp.a(altera_avalon_jtag_uart_read.o)
 .debug_abbrev  0x0000000000000b3d       0xd5 ../MA_timer_bsp/\libhal_bsp.a(altera_avalon_jtag_uart_write.o)
 .debug_abbrev  0x0000000000000c12      0x155 ../MA_timer_bsp/\libhal_bsp.a(altera_avalon_timer_sc.o)
 .debug_abbrev  0x0000000000000d67      0x11f ../MA_timer_bsp/\libhal_bsp.a(alt_close.o)
 .debug_abbrev  0x0000000000000e86       0x42 ../MA_timer_bsp/\libhal_bsp.a(alt_dcache_flush_all.o)
 .debug_abbrev  0x0000000000000ec8       0xd9 ../MA_timer_bsp/\libhal_bsp.a(alt_dev.o)
 .debug_abbrev  0x0000000000000fa1      0x114 ../MA_timer_bsp/\libhal_bsp.a(alt_dev_llist_insert.o)
 .debug_abbrev  0x00000000000010b5       0x79 ../MA_timer_bsp/\libhal_bsp.a(alt_do_ctors.o)
 .debug_abbrev  0x000000000000112e       0x79 ../MA_timer_bsp/\libhal_bsp.a(alt_do_dtors.o)
 .debug_abbrev  0x00000000000011a7       0x5a ../MA_timer_bsp/\libhal_bsp.a(alt_errno.o)
 .debug_abbrev  0x0000000000001201       0x12 ../MA_timer_bsp/\libhal_bsp.a(alt_exception_entry.o)
 .debug_abbrev  0x0000000000001213       0x42 ../MA_timer_bsp/\libhal_bsp.a(alt_icache_flush_all.o)
 .debug_abbrev  0x0000000000001255       0xdc ../MA_timer_bsp/\libhal_bsp.a(alt_instruction_exception_entry.o)
 .debug_abbrev  0x0000000000001331      0x114 ../MA_timer_bsp/\libhal_bsp.a(alt_io_redirect.o)
 .debug_abbrev  0x0000000000001445      0x148 ../MA_timer_bsp/\libhal_bsp.a(alt_open.o)
 .debug_abbrev  0x000000000000158d       0xde ../MA_timer_bsp/\libhal_bsp.a(alt_release_fd.o)
 .debug_abbrev  0x000000000000166b      0x15a ../MA_timer_bsp/\libhal_bsp.a(alt_tick.o)
 .debug_abbrev  0x00000000000017c5       0x42 ../MA_timer_bsp/\libhal_bsp.a(altera_nios2_gen2_irq.o)
 .debug_abbrev  0x0000000000001807       0xf0 ../MA_timer_bsp/\libhal_bsp.a(alt_find_dev.o)
 .debug_abbrev  0x00000000000018f7       0xf0 ../MA_timer_bsp/\libhal_bsp.a(alt_find_file.o)
 .debug_abbrev  0x00000000000019e7      0x10d ../MA_timer_bsp/\libhal_bsp.a(alt_get_fd.o)
 .debug_abbrev  0x0000000000001af4       0xaa c:/intelfpga_lite/18.1/nios2eds/bin/gnu/h-x86_64-mingw32/bin/../lib/gcc/nios2-elf/5.3.0/../../../../../H-x86_64-mingw32/nios2-elf/lib/mno-hw-mul\libsmallc.a(lib_a-atexit.o)
 .debug_abbrev  0x0000000000001b9e       0x8b c:/intelfpga_lite/18.1/nios2eds/bin/gnu/h-x86_64-mingw32/bin/../lib/gcc/nios2-elf/5.3.0/../../../../../H-x86_64-mingw32/nios2-elf/lib/mno-hw-mul\libsmallc.a(lib_a-exit.o)
 .debug_abbrev  0x0000000000001c29       0x37 c:/intelfpga_lite/18.1/nios2eds/bin/gnu/h-x86_64-mingw32/bin/../lib/gcc/nios2-elf/5.3.0/../../../../../H-x86_64-mingw32/nios2-elf/lib/mno-hw-mul\libsmallc.a(lib_a-int_errno.o)
 .debug_abbrev  0x0000000000001c60       0x7f c:/intelfpga_lite/18.1/nios2eds/bin/gnu/h-x86_64-mingw32/bin/../lib/gcc/nios2-elf/5.3.0/../../../../../H-x86_64-mingw32/nios2-elf/lib/mno-hw-mul\libsmallc.a(lib_a-memcmp.o)
 .debug_abbrev  0x0000000000001cdf       0x7f c:/intelfpga_lite/18.1/nios2eds/bin/gnu/h-x86_64-mingw32/bin/../lib/gcc/nios2-elf/5.3.0/../../../../../H-x86_64-mingw32/nios2-elf/lib/mno-hw-mul\libsmallc.a(lib_a-strlen.o)
 .debug_abbrev  0x0000000000001d5e      0x1e6 c:/intelfpga_lite/18.1/nios2eds/bin/gnu/h-x86_64-mingw32/bin/../lib/gcc/nios2-elf/5.3.0/../../../../../H-x86_64-mingw32/nios2-elf/lib/mno-hw-mul\libsmallc.a(lib_a-__atexit.o)
 .debug_abbrev  0x0000000000001f44      0x1f6 c:/intelfpga_lite/18.1/nios2eds/bin/gnu/h-x86_64-mingw32/bin/../lib/gcc/nios2-elf/5.3.0/../../../../../H-x86_64-mingw32/nios2-elf/lib/mno-hw-mul\libsmallc.a(lib_a-__call_atexit.o)
 .debug_abbrev  0x000000000000213a      0x14a c:/intelfpga_lite/18.1/nios2eds/bin/gnu/h-x86_64-mingw32/bin/../lib/gcc/nios2-elf/5.3.0/../../../../../H-x86_64-mingw32/nios2-elf/lib/mno-hw-mul\libsmallc.a(lib_a-impure.o)
 .debug_abbrev  0x0000000000002284       0xa9 ../MA_timer_bsp/\libhal_bsp.a(alt_exit.o)

.debug_line     0x0000000000000000     0x2481
 *(.debug_line)
 .debug_line    0x0000000000000000       0x66 ../MA_timer_bsp//obj/HAL/src/crt0.o
 .debug_line    0x0000000000000066       0x9f obj/default/hello_world.o
 .debug_line    0x0000000000000105      0x105 c:/intelfpga_lite/18.1/nios2eds/bin/gnu/h-x86_64-mingw32/bin/../lib/gcc/nios2-elf/5.3.0/mno-hw-mul\libgcc.a(lib2-divmod.o)
 .debug_line    0x000000000000020a       0x80 c:/intelfpga_lite/18.1/nios2eds/bin/gnu/h-x86_64-mingw32/bin/../lib/gcc/nios2-elf/5.3.0/mno-hw-mul\libgcc.a(lib2-mul.o)
 .debug_line    0x000000000000028a       0xeb ../MA_timer_bsp/\libhal_bsp.a(alt_iic.o)
 .debug_line    0x0000000000000375       0xdb ../MA_timer_bsp/\libhal_bsp.a(alt_iic_isr_register.o)
 .debug_line    0x0000000000000450       0x6b ../MA_timer_bsp/\libhal_bsp.a(alt_irq_entry.o)
 .debug_line    0x00000000000004bb       0xaa ../MA_timer_bsp/\libhal_bsp.a(alt_irq_handler.o)
 .debug_line    0x0000000000000565       0x50 ../MA_timer_bsp/\libhal_bsp.a(alt_irq_vars.o)
 .debug_line    0x00000000000005b5       0x8e ../MA_timer_bsp/\libhal_bsp.a(alt_load.o)
 .debug_line    0x0000000000000643       0xa4 ../MA_timer_bsp/\libhal_bsp.a(alt_main.o)
 .debug_line    0x00000000000006e7      0x141 ../MA_timer_bsp/\libhal_bsp.a(alt_sys_init.o)
 .debug_line    0x0000000000000828      0x112 ../MA_timer_bsp/\libhal_bsp.a(altera_avalon_jtag_uart_fd.o)
 .debug_line    0x000000000000093a       0xfd ../MA_timer_bsp/\libhal_bsp.a(altera_avalon_jtag_uart_read.o)
 .debug_line    0x0000000000000a37       0xf4 ../MA_timer_bsp/\libhal_bsp.a(altera_avalon_jtag_uart_write.o)
 .debug_line    0x0000000000000b2b       0xfd ../MA_timer_bsp/\libhal_bsp.a(altera_avalon_timer_sc.o)
 .debug_line    0x0000000000000c28      0x165 ../MA_timer_bsp/\libhal_bsp.a(alt_close.o)
 .debug_line    0x0000000000000d8d       0x51 ../MA_timer_bsp/\libhal_bsp.a(alt_dcache_flush_all.o)
 .debug_line    0x0000000000000dde       0xf8 ../MA_timer_bsp/\libhal_bsp.a(alt_dev.o)
 .debug_line    0x0000000000000ed6       0xcf ../MA_timer_bsp/\libhal_bsp.a(alt_dev_llist_insert.o)
 .debug_line    0x0000000000000fa5       0x59 ../MA_timer_bsp/\libhal_bsp.a(alt_do_ctors.o)
 .debug_line    0x0000000000000ffe       0x59 ../MA_timer_bsp/\libhal_bsp.a(alt_do_dtors.o)
 .debug_line    0x0000000000001057       0x51 ../MA_timer_bsp/\libhal_bsp.a(alt_errno.o)
 .debug_line    0x00000000000010a8       0xb3 ../MA_timer_bsp/\libhal_bsp.a(alt_exception_entry.o)
 .debug_line    0x000000000000115b       0x4f ../MA_timer_bsp/\libhal_bsp.a(alt_icache_flush_all.o)
 .debug_line    0x00000000000011aa       0xb9 ../MA_timer_bsp/\libhal_bsp.a(alt_instruction_exception_entry.o)
 .debug_line    0x0000000000001263      0x135 ../MA_timer_bsp/\libhal_bsp.a(alt_io_redirect.o)
 .debug_line    0x0000000000001398      0x12b ../MA_timer_bsp/\libhal_bsp.a(alt_open.o)
 .debug_line    0x00000000000014c3       0xb0 ../MA_timer_bsp/\libhal_bsp.a(alt_release_fd.o)
 .debug_line    0x0000000000001573       0xff ../MA_timer_bsp/\libhal_bsp.a(alt_tick.o)
 .debug_line    0x0000000000001672       0x51 ../MA_timer_bsp/\libhal_bsp.a(altera_nios2_gen2_irq.o)
 .debug_line    0x00000000000016c3       0xb5 ../MA_timer_bsp/\libhal_bsp.a(alt_find_dev.o)
 .debug_line    0x0000000000001778       0xd1 ../MA_timer_bsp/\libhal_bsp.a(alt_find_file.o)
 .debug_line    0x0000000000001849       0xd7 ../MA_timer_bsp/\libhal_bsp.a(alt_get_fd.o)
 .debug_line    0x0000000000001920       0xe7 c:/intelfpga_lite/18.1/nios2eds/bin/gnu/h-x86_64-mingw32/bin/../lib/gcc/nios2-elf/5.3.0/../../../../../H-x86_64-mingw32/nios2-elf/lib/mno-hw-mul\libsmallc.a(lib_a-atexit.o)
 .debug_line    0x0000000000001a07      0x159 c:/intelfpga_lite/18.1/nios2eds/bin/gnu/h-x86_64-mingw32/bin/../lib/gcc/nios2-elf/5.3.0/../../../../../H-x86_64-mingw32/nios2-elf/lib/mno-hw-mul\libsmallc.a(lib_a-exit.o)
 .debug_line    0x0000000000001b60       0x5f c:/intelfpga_lite/18.1/nios2eds/bin/gnu/h-x86_64-mingw32/bin/../lib/gcc/nios2-elf/5.3.0/../../../../../H-x86_64-mingw32/nios2-elf/lib/mno-hw-mul\libsmallc.a(lib_a-int_errno.o)
 .debug_line    0x0000000000001bbf      0x160 c:/intelfpga_lite/18.1/nios2eds/bin/gnu/h-x86_64-mingw32/bin/../lib/gcc/nios2-elf/5.3.0/../../../../../H-x86_64-mingw32/nios2-elf/lib/mno-hw-mul\libsmallc.a(lib_a-memcmp.o)
 .debug_line    0x0000000000001d1f      0x15c c:/intelfpga_lite/18.1/nios2eds/bin/gnu/h-x86_64-mingw32/bin/../lib/gcc/nios2-elf/5.3.0/../../../../../H-x86_64-mingw32/nios2-elf/lib/mno-hw-mul\libsmallc.a(lib_a-strlen.o)
 .debug_line    0x0000000000001e7b      0x20d c:/intelfpga_lite/18.1/nios2eds/bin/gnu/h-x86_64-mingw32/bin/../lib/gcc/nios2-elf/5.3.0/../../../../../H-x86_64-mingw32/nios2-elf/lib/mno-hw-mul\libsmallc.a(lib_a-__atexit.o)
 .debug_line    0x0000000000002088      0x232 c:/intelfpga_lite/18.1/nios2eds/bin/gnu/h-x86_64-mingw32/bin/../lib/gcc/nios2-elf/5.3.0/../../../../../H-x86_64-mingw32/nios2-elf/lib/mno-hw-mul\libsmallc.a(lib_a-__call_atexit.o)
 .debug_line    0x00000000000022ba      0x156 c:/intelfpga_lite/18.1/nios2eds/bin/gnu/h-x86_64-mingw32/bin/../lib/gcc/nios2-elf/5.3.0/../../../../../H-x86_64-mingw32/nios2-elf/lib/mno-hw-mul\libsmallc.a(lib_a-impure.o)
 .debug_line    0x0000000000002410       0x71 ../MA_timer_bsp/\libhal_bsp.a(alt_exit.o)

.debug_frame    0x0000000000000000      0xa14
 *(.debug_frame)
 .debug_frame   0x0000000000000000       0x78 obj/default/hello_world.o
 .debug_frame   0x0000000000000078       0x50 c:/intelfpga_lite/18.1/nios2eds/bin/gnu/h-x86_64-mingw32/bin/../lib/gcc/nios2-elf/5.3.0/mno-hw-mul\libgcc.a(lib2-divmod.o)
 .debug_frame   0x00000000000000c8       0x20 c:/intelfpga_lite/18.1/nios2eds/bin/gnu/h-x86_64-mingw32/bin/../lib/gcc/nios2-elf/5.3.0/mno-hw-mul\libgcc.a(lib2-mul.o)
 .debug_frame   0x00000000000000e8       0xa4 ../MA_timer_bsp/\libhal_bsp.a(alt_iic.o)
 .debug_frame   0x000000000000018c       0x38 ../MA_timer_bsp/\libhal_bsp.a(alt_iic_isr_register.o)
 .debug_frame   0x00000000000001c4       0x38 ../MA_timer_bsp/\libhal_bsp.a(alt_irq_handler.o)
 .debug_frame   0x00000000000001fc       0x5c ../MA_timer_bsp/\libhal_bsp.a(alt_load.o)
 .debug_frame   0x0000000000000258       0x2c ../MA_timer_bsp/\libhal_bsp.a(alt_main.o)
 .debug_frame   0x0000000000000284       0x88 ../MA_timer_bsp/\libhal_bsp.a(alt_sys_init.o)
 .debug_frame   0x000000000000030c       0x60 ../MA_timer_bsp/\libhal_bsp.a(altera_avalon_jtag_uart_fd.o)
 .debug_frame   0x000000000000036c       0x34 ../MA_timer_bsp/\libhal_bsp.a(altera_avalon_jtag_uart_read.o)
 .debug_frame   0x00000000000003a0       0x34 ../MA_timer_bsp/\libhal_bsp.a(altera_avalon_jtag_uart_write.o)
 .debug_frame   0x00000000000003d4       0x60 ../MA_timer_bsp/\libhal_bsp.a(altera_avalon_timer_sc.o)
 .debug_frame   0x0000000000000434       0x60 ../MA_timer_bsp/\libhal_bsp.a(alt_close.o)
 .debug_frame   0x0000000000000494       0x34 ../MA_timer_bsp/\libhal_bsp.a(alt_dcache_flush_all.o)
 .debug_frame   0x00000000000004c8       0x34 ../MA_timer_bsp/\libhal_bsp.a(alt_dev.o)
 .debug_frame   0x00000000000004fc       0x60 ../MA_timer_bsp/\libhal_bsp.a(alt_dev_llist_insert.o)
 .debug_frame   0x000000000000055c       0x38 ../MA_timer_bsp/\libhal_bsp.a(alt_do_ctors.o)
 .debug_frame   0x0000000000000594       0x38 ../MA_timer_bsp/\libhal_bsp.a(alt_do_dtors.o)
 .debug_frame   0x00000000000005cc       0x34 ../MA_timer_bsp/\libhal_bsp.a(alt_icache_flush_all.o)
 .debug_frame   0x0000000000000600       0x5c ../MA_timer_bsp/\libhal_bsp.a(alt_instruction_exception_entry.o)
 .debug_frame   0x000000000000065c       0x64 ../MA_timer_bsp/\libhal_bsp.a(alt_io_redirect.o)
 .debug_frame   0x00000000000006c0       0x8c ../MA_timer_bsp/\libhal_bsp.a(alt_open.o)
 .debug_frame   0x000000000000074c       0x3c ../MA_timer_bsp/\libhal_bsp.a(alt_release_fd.o)
 .debug_frame   0x0000000000000788       0x5c ../MA_timer_bsp/\libhal_bsp.a(alt_tick.o)
 .debug_frame   0x00000000000007e4       0x34 ../MA_timer_bsp/\libhal_bsp.a(altera_nios2_gen2_irq.o)
 .debug_frame   0x0000000000000818       0x38 ../MA_timer_bsp/\libhal_bsp.a(alt_find_dev.o)
 .debug_frame   0x0000000000000850       0x38 ../MA_timer_bsp/\libhal_bsp.a(alt_find_file.o)
 .debug_frame   0x0000000000000888       0x3c ../MA_timer_bsp/\libhal_bsp.a(alt_get_fd.o)
 .debug_frame   0x00000000000008c4       0x20 c:/intelfpga_lite/18.1/nios2eds/bin/gnu/h-x86_64-mingw32/bin/../lib/gcc/nios2-elf/5.3.0/../../../../../H-x86_64-mingw32/nios2-elf/lib/mno-hw-mul\libsmallc.a(lib_a-atexit.o)
 .debug_frame   0x00000000000008e4       0x28 c:/intelfpga_lite/18.1/nios2eds/bin/gnu/h-x86_64-mingw32/bin/../lib/gcc/nios2-elf/5.3.0/../../../../../H-x86_64-mingw32/nios2-elf/lib/mno-hw-mul\libsmallc.a(lib_a-exit.o)
 .debug_frame   0x000000000000090c       0x20 c:/intelfpga_lite/18.1/nios2eds/bin/gnu/h-x86_64-mingw32/bin/../lib/gcc/nios2-elf/5.3.0/../../../../../H-x86_64-mingw32/nios2-elf/lib/mno-hw-mul\libsmallc.a(lib_a-memcmp.o)
 .debug_frame   0x000000000000092c       0x20 c:/intelfpga_lite/18.1/nios2eds/bin/gnu/h-x86_64-mingw32/bin/../lib/gcc/nios2-elf/5.3.0/../../../../../H-x86_64-mingw32/nios2-elf/lib/mno-hw-mul\libsmallc.a(lib_a-strlen.o)
 .debug_frame   0x000000000000094c       0x48 c:/intelfpga_lite/18.1/nios2eds/bin/gnu/h-x86_64-mingw32/bin/../lib/gcc/nios2-elf/5.3.0/../../../../../H-x86_64-mingw32/nios2-elf/lib/mno-hw-mul\libsmallc.a(lib_a-__atexit.o)
 .debug_frame   0x0000000000000994       0x54 c:/intelfpga_lite/18.1/nios2eds/bin/gnu/h-x86_64-mingw32/bin/../lib/gcc/nios2-elf/5.3.0/../../../../../H-x86_64-mingw32/nios2-elf/lib/mno-hw-mul\libsmallc.a(lib_a-__call_atexit.o)
 .debug_frame   0x00000000000009e8       0x2c ../MA_timer_bsp/\libhal_bsp.a(alt_exit.o)

.debug_str      0x0000000000000000     0x1a06
 *(.debug_str)
 .debug_str     0x0000000000000000      0x15c obj/default/hello_world.o
                                        0x1a4 (size before relaxing)
 .debug_str     0x000000000000015c      0x187 c:/intelfpga_lite/18.1/nios2eds/bin/gnu/h-x86_64-mingw32/bin/../lib/gcc/nios2-elf/5.3.0/mno-hw-mul\libgcc.a(lib2-divmod.o)
                                        0x1d2 (size before relaxing)
 .debug_str     0x00000000000002e3       0x40 c:/intelfpga_lite/18.1/nios2eds/bin/gnu/h-x86_64-mingw32/bin/../lib/gcc/nios2-elf/5.3.0/mno-hw-mul\libgcc.a(lib2-mul.o)
                                        0x193 (size before relaxing)
 .debug_str     0x0000000000000323      0x140 ../MA_timer_bsp/\libhal_bsp.a(alt_iic.o)
                                        0x24d (size before relaxing)
 .debug_str     0x0000000000000463       0x4c ../MA_timer_bsp/\libhal_bsp.a(alt_iic_isr_register.o)
                                        0x1f7 (size before relaxing)
 .debug_str     0x00000000000004af       0x3a ../MA_timer_bsp/\libhal_bsp.a(alt_irq_handler.o)
                                        0x1a6 (size before relaxing)
 .debug_str     0x00000000000004e9       0x17 ../MA_timer_bsp/\libhal_bsp.a(alt_irq_vars.o)
                                        0x149 (size before relaxing)
 .debug_str     0x0000000000000500       0xe9 ../MA_timer_bsp/\libhal_bsp.a(alt_load.o)
                                        0x221 (size before relaxing)
 .debug_str     0x00000000000005e9       0x70 ../MA_timer_bsp/\libhal_bsp.a(alt_main.o)
                                        0x1ac (size before relaxing)
 .debug_str     0x0000000000000659      0x18a ../MA_timer_bsp/\libhal_bsp.a(alt_sys_init.o)
                                        0x31b (size before relaxing)
 .debug_str     0x00000000000007e3       0x77 ../MA_timer_bsp/\libhal_bsp.a(altera_avalon_jtag_uart_fd.o)
                                        0x2e4 (size before relaxing)
 .debug_str     0x000000000000085a       0x48 ../MA_timer_bsp/\libhal_bsp.a(altera_avalon_jtag_uart_read.o)
                                        0x22e (size before relaxing)
 .debug_str     0x00000000000008a2       0x4a ../MA_timer_bsp/\libhal_bsp.a(altera_avalon_jtag_uart_write.o)
                                        0x224 (size before relaxing)
 .debug_str     0x00000000000008ec       0x7f ../MA_timer_bsp/\libhal_bsp.a(altera_avalon_timer_sc.o)
                                        0x25a (size before relaxing)
 .debug_str     0x000000000000096b       0x44 ../MA_timer_bsp/\libhal_bsp.a(alt_close.o)
                                        0x21a (size before relaxing)
 .debug_str     0x00000000000009af       0x34 ../MA_timer_bsp/\libhal_bsp.a(alt_dcache_flush_all.o)
                                        0x164 (size before relaxing)
 .debug_str     0x00000000000009e3      0x120 ../MA_timer_bsp/\libhal_bsp.a(alt_dev.o)
                                        0x314 (size before relaxing)
 .debug_str     0x0000000000000b03       0x45 ../MA_timer_bsp/\libhal_bsp.a(alt_dev_llist_insert.o)
                                        0x1db (size before relaxing)
 .debug_str     0x0000000000000b48       0x48 ../MA_timer_bsp/\libhal_bsp.a(alt_do_ctors.o)
                                         0xdf (size before relaxing)
 .debug_str     0x0000000000000b90       0x4c ../MA_timer_bsp/\libhal_bsp.a(alt_do_dtors.o)
                                         0xde (size before relaxing)
 .debug_str     0x0000000000000bdc       0x14 ../MA_timer_bsp/\libhal_bsp.a(alt_errno.o)
                                        0x154 (size before relaxing)
 .debug_str     0x0000000000000bf0       0x34 ../MA_timer_bsp/\libhal_bsp.a(alt_icache_flush_all.o)
                                        0x164 (size before relaxing)
 .debug_str     0x0000000000000c24      0x48b ../MA_timer_bsp/\libhal_bsp.a(alt_instruction_exception_entry.o)
                                        0x5af (size before relaxing)
 .debug_str     0x00000000000010af       0x56 ../MA_timer_bsp/\libhal_bsp.a(alt_io_redirect.o)
                                        0x325 (size before relaxing)
 .debug_str     0x0000000000001105       0x2f ../MA_timer_bsp/\libhal_bsp.a(alt_open.o)
                                        0x25a (size before relaxing)
 .debug_str     0x0000000000001134       0x28 ../MA_timer_bsp/\libhal_bsp.a(alt_release_fd.o)
                                        0x1e2 (size before relaxing)
 .debug_str     0x000000000000115c       0x78 ../MA_timer_bsp/\libhal_bsp.a(alt_tick.o)
                                        0x261 (size before relaxing)
 .debug_str     0x00000000000011d4       0x3b ../MA_timer_bsp/\libhal_bsp.a(altera_nios2_gen2_irq.o)
                                        0x16b (size before relaxing)
 .debug_str     0x000000000000120f       0x24 ../MA_timer_bsp/\libhal_bsp.a(alt_find_dev.o)
                                        0x1fb (size before relaxing)
 .debug_str     0x0000000000001233       0x26 ../MA_timer_bsp/\libhal_bsp.a(alt_find_file.o)
                                        0x209 (size before relaxing)
 .debug_str     0x0000000000001259       0x30 ../MA_timer_bsp/\libhal_bsp.a(alt_get_fd.o)
                                        0x22b (size before relaxing)
 .debug_str     0x0000000000001289      0x177 c:/intelfpga_lite/18.1/nios2eds/bin/gnu/h-x86_64-mingw32/bin/../lib/gcc/nios2-elf/5.3.0/../../../../../H-x86_64-mingw32/nios2-elf/lib/mno-hw-mul\libsmallc.a(lib_a-atexit.o)
                                        0x21c (size before relaxing)
 .debug_str     0x0000000000001400       0x4c c:/intelfpga_lite/18.1/nios2eds/bin/gnu/h-x86_64-mingw32/bin/../lib/gcc/nios2-elf/5.3.0/../../../../../H-x86_64-mingw32/nios2-elf/lib/mno-hw-mul\libsmallc.a(lib_a-exit.o)
                                        0x1f0 (size before relaxing)
 .debug_str     0x000000000000144c       0xd3 c:/intelfpga_lite/18.1/nios2eds/bin/gnu/h-x86_64-mingw32/bin/../lib/gcc/nios2-elf/5.3.0/../../../../../H-x86_64-mingw32/nios2-elf/lib/mno-hw-mul\libsmallc.a(lib_a-int_errno.o)
                                        0x1d8 (size before relaxing)
 .debug_str     0x000000000000151f       0xe0 c:/intelfpga_lite/18.1/nios2eds/bin/gnu/h-x86_64-mingw32/bin/../lib/gcc/nios2-elf/5.3.0/../../../../../H-x86_64-mingw32/nios2-elf/lib/mno-hw-mul\libsmallc.a(lib_a-memcmp.o)
                                        0x1df (size before relaxing)
 .debug_str     0x00000000000015ff       0x44 c:/intelfpga_lite/18.1/nios2eds/bin/gnu/h-x86_64-mingw32/bin/../lib/gcc/nios2-elf/5.3.0/../../../../../H-x86_64-mingw32/nios2-elf/lib/mno-hw-mul\libsmallc.a(lib_a-strlen.o)
                                        0x1e5 (size before relaxing)
 .debug_str     0x0000000000001643      0x2ec c:/intelfpga_lite/18.1/nios2eds/bin/gnu/h-x86_64-mingw32/bin/../lib/gcc/nios2-elf/5.3.0/../../../../../H-x86_64-mingw32/nios2-elf/lib/mno-hw-mul\libsmallc.a(lib_a-__atexit.o)
                                        0x4ff (size before relaxing)
 .debug_str     0x000000000000192f       0x65 c:/intelfpga_lite/18.1/nios2eds/bin/gnu/h-x86_64-mingw32/bin/../lib/gcc/nios2-elf/5.3.0/../../../../../H-x86_64-mingw32/nios2-elf/lib/mno-hw-mul\libsmallc.a(lib_a-__call_atexit.o)
                                        0x4eb (size before relaxing)
 .debug_str     0x0000000000001994       0x48 c:/intelfpga_lite/18.1/nios2eds/bin/gnu/h-x86_64-mingw32/bin/../lib/gcc/nios2-elf/5.3.0/../../../../../H-x86_64-mingw32/nios2-elf/lib/mno-hw-mul\libsmallc.a(lib_a-impure.o)
                                        0x4be (size before relaxing)
 .debug_str     0x00000000000019dc       0x2a ../MA_timer_bsp/\libhal_bsp.a(alt_exit.o)
                                        0x160 (size before relaxing)

.debug_loc      0x0000000000000000      0x974
 *(.debug_loc)
 .debug_loc     0x0000000000000000      0x4ce c:/intelfpga_lite/18.1/nios2eds/bin/gnu/h-x86_64-mingw32/bin/../lib/gcc/nios2-elf/5.3.0/mno-hw-mul\libgcc.a(lib2-divmod.o)
 .debug_loc     0x00000000000004ce       0x93 c:/intelfpga_lite/18.1/nios2eds/bin/gnu/h-x86_64-mingw32/bin/../lib/gcc/nios2-elf/5.3.0/mno-hw-mul\libgcc.a(lib2-mul.o)
 .debug_loc     0x0000000000000561       0x2c c:/intelfpga_lite/18.1/nios2eds/bin/gnu/h-x86_64-mingw32/bin/../lib/gcc/nios2-elf/5.3.0/../../../../../H-x86_64-mingw32/nios2-elf/lib/mno-hw-mul\libsmallc.a(lib_a-atexit.o)
 .debug_loc     0x000000000000058d       0x1e c:/intelfpga_lite/18.1/nios2eds/bin/gnu/h-x86_64-mingw32/bin/../lib/gcc/nios2-elf/5.3.0/../../../../../H-x86_64-mingw32/nios2-elf/lib/mno-hw-mul\libsmallc.a(lib_a-exit.o)
 .debug_loc     0x00000000000005ab       0x94 c:/intelfpga_lite/18.1/nios2eds/bin/gnu/h-x86_64-mingw32/bin/../lib/gcc/nios2-elf/5.3.0/../../../../../H-x86_64-mingw32/nios2-elf/lib/mno-hw-mul\libsmallc.a(lib_a-memcmp.o)
 .debug_loc     0x000000000000063f       0x1e c:/intelfpga_lite/18.1/nios2eds/bin/gnu/h-x86_64-mingw32/bin/../lib/gcc/nios2-elf/5.3.0/../../../../../H-x86_64-mingw32/nios2-elf/lib/mno-hw-mul\libsmallc.a(lib_a-strlen.o)
 .debug_loc     0x000000000000065d      0x1c0 c:/intelfpga_lite/18.1/nios2eds/bin/gnu/h-x86_64-mingw32/bin/../lib/gcc/nios2-elf/5.3.0/../../../../../H-x86_64-mingw32/nios2-elf/lib/mno-hw-mul\libsmallc.a(lib_a-__atexit.o)
 .debug_loc     0x000000000000081d      0x157 c:/intelfpga_lite/18.1/nios2eds/bin/gnu/h-x86_64-mingw32/bin/../lib/gcc/nios2-elf/5.3.0/../../../../../H-x86_64-mingw32/nios2-elf/lib/mno-hw-mul\libsmallc.a(lib_a-__call_atexit.o)

.debug_macinfo
 *(.debug_macinfo)

.debug_weaknames
 *(.debug_weaknames)

.debug_funcnames
 *(.debug_funcnames)

.debug_typenames
 *(.debug_typenames)

.debug_varnames
 *(.debug_varnames)

.debug_alt_sim_info
                0x0000000000000000       0x10
 *(.debug_alt_sim_info)
 .debug_alt_sim_info
                0x0000000000000000       0x10 ../MA_timer_bsp//obj/HAL/src/crt0.o
                0x0000000000010000                __alt_data_end = 0x10000
                0x0000000000010000                PROVIDE (__alt_stack_pointer, __alt_data_end)
                [!provide]                        PROVIDE (__alt_stack_limit, __alt_stack_base)
                [!provide]                        PROVIDE (__alt_heap_start, end)
                [!provide]                        PROVIDE (__alt_heap_limit, 0x10000)
OUTPUT(MA_timer.elf elf32-littlenios2)

.debug_ranges   0x0000000000000000      0x190
 .debug_ranges  0x0000000000000000       0x20 ../MA_timer_bsp//obj/HAL/src/crt0.o
 .debug_ranges  0x0000000000000020       0x60 c:/intelfpga_lite/18.1/nios2eds/bin/gnu/h-x86_64-mingw32/bin/../lib/gcc/nios2-elf/5.3.0/mno-hw-mul\libgcc.a(lib2-divmod.o)
 .debug_ranges  0x0000000000000080       0x28 ../MA_timer_bsp/\libhal_bsp.a(alt_irq_entry.o)
 .debug_ranges  0x00000000000000a8       0x10 ../MA_timer_bsp/\libhal_bsp.a(alt_irq_handler.o)
 .debug_ranges  0x00000000000000b8       0x18 ../MA_timer_bsp/\libhal_bsp.a(altera_avalon_jtag_uart_read.o)
 .debug_ranges  0x00000000000000d0       0x30 ../MA_timer_bsp/\libhal_bsp.a(alt_exception_entry.o)
 .debug_ranges  0x0000000000000100       0x18 ../MA_timer_bsp/\libhal_bsp.a(alt_instruction_exception_entry.o)
 .debug_ranges  0x0000000000000118       0x10 c:/intelfpga_lite/18.1/nios2eds/bin/gnu/h-x86_64-mingw32/bin/../lib/gcc/nios2-elf/5.3.0/../../../../../H-x86_64-mingw32/nios2-elf/lib/mno-hw-mul\libsmallc.a(lib_a-atexit.o)
 .debug_ranges  0x0000000000000128       0x10 c:/intelfpga_lite/18.1/nios2eds/bin/gnu/h-x86_64-mingw32/bin/../lib/gcc/nios2-elf/5.3.0/../../../../../H-x86_64-mingw32/nios2-elf/lib/mno-hw-mul\libsmallc.a(lib_a-exit.o)
 .debug_ranges  0x0000000000000138       0x10 c:/intelfpga_lite/18.1/nios2eds/bin/gnu/h-x86_64-mingw32/bin/../lib/gcc/nios2-elf/5.3.0/../../../../../H-x86_64-mingw32/nios2-elf/lib/mno-hw-mul\libsmallc.a(lib_a-memcmp.o)
 .debug_ranges  0x0000000000000148       0x10 c:/intelfpga_lite/18.1/nios2eds/bin/gnu/h-x86_64-mingw32/bin/../lib/gcc/nios2-elf/5.3.0/../../../../../H-x86_64-mingw32/nios2-elf/lib/mno-hw-mul\libsmallc.a(lib_a-strlen.o)
 .debug_ranges  0x0000000000000158       0x10 c:/intelfpga_lite/18.1/nios2eds/bin/gnu/h-x86_64-mingw32/bin/../lib/gcc/nios2-elf/5.3.0/../../../../../H-x86_64-mingw32/nios2-elf/lib/mno-hw-mul\libsmallc.a(lib_a-__atexit.o)
 .debug_ranges  0x0000000000000168       0x28 c:/intelfpga_lite/18.1/nios2eds/bin/gnu/h-x86_64-mingw32/bin/../lib/gcc/nios2-elf/5.3.0/../../../../../H-x86_64-mingw32/nios2-elf/lib/mno-hw-mul\libsmallc.a(lib_a-__call_atexit.o)
