Archive member included to satisfy reference by file (symbol)

d:/intelfpga_lite/18.1/nios2eds/bin/gnu/h-x86_64-mingw32/bin/../lib/gcc/nios2-elf/5.3.0/mno-hw-mul\libgcc.a(lib2-divmod.o)
                              obj/default/source.o (__udivsi3)
d:/intelfpga_lite/18.1/nios2eds/bin/gnu/h-x86_64-mingw32/bin/../lib/gcc/nios2-elf/5.3.0/mno-hw-mul\libgcc.a(lib2-mul.o)
                              obj/default/source.o (__mulsi3)
../Bai4v1_bsp/\libhal_bsp.a(alt_load.o)
                              ../Bai4v1_bsp//obj/HAL/src/crt0.o (alt_load)
../Bai4v1_bsp/\libhal_bsp.a(alt_main.o)
                              ../Bai4v1_bsp//obj/HAL/src/crt0.o (alt_main)
../Bai4v1_bsp/\libhal_bsp.a(alt_usleep.o)
                              obj/default/source.o (usleep)
../Bai4v1_bsp/\libhal_bsp.a(alt_sys_init.o)
                              ../Bai4v1_bsp/\libhal_bsp.a(alt_main.o) (alt_irq_init)
../Bai4v1_bsp/\libhal_bsp.a(altera_avalon_jtag_uart_fd.o)
                              ../Bai4v1_bsp/\libhal_bsp.a(alt_sys_init.o) (altera_avalon_jtag_uart_read_fd)
../Bai4v1_bsp/\libhal_bsp.a(altera_avalon_jtag_uart_read.o)
                              ../Bai4v1_bsp/\libhal_bsp.a(altera_avalon_jtag_uart_fd.o) (altera_avalon_jtag_uart_read)
../Bai4v1_bsp/\libhal_bsp.a(altera_avalon_jtag_uart_write.o)
                              ../Bai4v1_bsp/\libhal_bsp.a(altera_avalon_jtag_uart_fd.o) (altera_avalon_jtag_uart_write)
../Bai4v1_bsp/\libhal_bsp.a(alt_busy_sleep.o)
                              ../Bai4v1_bsp/\libhal_bsp.a(alt_usleep.o) (alt_busy_sleep)
../Bai4v1_bsp/\libhal_bsp.a(alt_close.o)
                              ../Bai4v1_bsp/\libhal_bsp.a(alt_main.o) (close)
../Bai4v1_bsp/\libhal_bsp.a(alt_dcache_flush_all.o)
                              ../Bai4v1_bsp/\libhal_bsp.a(alt_load.o) (alt_dcache_flush_all)
../Bai4v1_bsp/\libhal_bsp.a(alt_dev.o)
                              ../Bai4v1_bsp/\libhal_bsp.a(alt_sys_init.o) (alt_dev_list)
../Bai4v1_bsp/\libhal_bsp.a(alt_dev_llist_insert.o)
                              ../Bai4v1_bsp/\libhal_bsp.a(alt_sys_init.o) (alt_dev_llist_insert)
../Bai4v1_bsp/\libhal_bsp.a(alt_do_ctors.o)
                              ../Bai4v1_bsp/\libhal_bsp.a(alt_main.o) (_do_ctors)
../Bai4v1_bsp/\libhal_bsp.a(alt_do_dtors.o)
                              ../Bai4v1_bsp/\libhal_bsp.a(alt_main.o) (_do_dtors)
../Bai4v1_bsp/\libhal_bsp.a(alt_errno.o)
                              ../Bai4v1_bsp/\libhal_bsp.a(alt_close.o) (alt_errno)
../Bai4v1_bsp/\libhal_bsp.a(alt_icache_flush_all.o)
                              ../Bai4v1_bsp/\libhal_bsp.a(alt_load.o) (alt_icache_flush_all)
../Bai4v1_bsp/\libhal_bsp.a(alt_io_redirect.o)
                              ../Bai4v1_bsp/\libhal_bsp.a(alt_main.o) (alt_io_redirect)
../Bai4v1_bsp/\libhal_bsp.a(alt_open.o)
                              ../Bai4v1_bsp/\libhal_bsp.a(alt_io_redirect.o) (open)
../Bai4v1_bsp/\libhal_bsp.a(alt_release_fd.o)
                              ../Bai4v1_bsp/\libhal_bsp.a(alt_close.o) (alt_release_fd)
../Bai4v1_bsp/\libhal_bsp.a(altera_nios2_gen2_irq.o)
                              ../Bai4v1_bsp/\libhal_bsp.a(alt_sys_init.o) (altera_nios2_gen2_irq_init)
../Bai4v1_bsp/\libhal_bsp.a(alt_find_dev.o)
                              ../Bai4v1_bsp/\libhal_bsp.a(alt_open.o) (alt_find_dev)
../Bai4v1_bsp/\libhal_bsp.a(alt_find_file.o)
                              ../Bai4v1_bsp/\libhal_bsp.a(alt_open.o) (alt_find_file)
../Bai4v1_bsp/\libhal_bsp.a(alt_get_fd.o)
                              ../Bai4v1_bsp/\libhal_bsp.a(alt_open.o) (alt_get_fd)
d:/intelfpga_lite/18.1/nios2eds/bin/gnu/h-x86_64-mingw32/bin/../lib/gcc/nios2-elf/5.3.0/../../../../../H-x86_64-mingw32/nios2-elf/lib/mno-hw-mul\libsmallc.a(lib_a-atexit.o)
                              ../Bai4v1_bsp/\libhal_bsp.a(alt_main.o) (atexit)
d:/intelfpga_lite/18.1/nios2eds/bin/gnu/h-x86_64-mingw32/bin/../lib/gcc/nios2-elf/5.3.0/../../../../../H-x86_64-mingw32/nios2-elf/lib/mno-hw-mul\libsmallc.a(lib_a-exit.o)
                              ../Bai4v1_bsp/\libhal_bsp.a(alt_main.o) (exit)
d:/intelfpga_lite/18.1/nios2eds/bin/gnu/h-x86_64-mingw32/bin/../lib/gcc/nios2-elf/5.3.0/../../../../../H-x86_64-mingw32/nios2-elf/lib/mno-hw-mul\libsmallc.a(lib_a-int_errno.o)
                              ../Bai4v1_bsp/\libhal_bsp.a(alt_close.o) (errno)
d:/intelfpga_lite/18.1/nios2eds/bin/gnu/h-x86_64-mingw32/bin/../lib/gcc/nios2-elf/5.3.0/../../../../../H-x86_64-mingw32/nios2-elf/lib/mno-hw-mul\libsmallc.a(lib_a-memcmp.o)
                              ../Bai4v1_bsp/\libhal_bsp.a(alt_find_dev.o) (memcmp)
d:/intelfpga_lite/18.1/nios2eds/bin/gnu/h-x86_64-mingw32/bin/../lib/gcc/nios2-elf/5.3.0/../../../../../H-x86_64-mingw32/nios2-elf/lib/mno-hw-mul\libsmallc.a(lib_a-strlen.o)
                              ../Bai4v1_bsp/\libhal_bsp.a(alt_find_dev.o) (strlen)
d:/intelfpga_lite/18.1/nios2eds/bin/gnu/h-x86_64-mingw32/bin/../lib/gcc/nios2-elf/5.3.0/../../../../../H-x86_64-mingw32/nios2-elf/lib/mno-hw-mul\libsmallc.a(lib_a-__atexit.o)
                              d:/intelfpga_lite/18.1/nios2eds/bin/gnu/h-x86_64-mingw32/bin/../lib/gcc/nios2-elf/5.3.0/../../../../../H-x86_64-mingw32/nios2-elf/lib/mno-hw-mul\libsmallc.a(lib_a-atexit.o) (__register_exitproc)
d:/intelfpga_lite/18.1/nios2eds/bin/gnu/h-x86_64-mingw32/bin/../lib/gcc/nios2-elf/5.3.0/../../../../../H-x86_64-mingw32/nios2-elf/lib/mno-hw-mul\libsmallc.a(lib_a-__call_atexit.o)
                              d:/intelfpga_lite/18.1/nios2eds/bin/gnu/h-x86_64-mingw32/bin/../lib/gcc/nios2-elf/5.3.0/../../../../../H-x86_64-mingw32/nios2-elf/lib/mno-hw-mul\libsmallc.a(lib_a-exit.o) (__call_exitprocs)
d:/intelfpga_lite/18.1/nios2eds/bin/gnu/h-x86_64-mingw32/bin/../lib/gcc/nios2-elf/5.3.0/../../../../../H-x86_64-mingw32/nios2-elf/lib/mno-hw-mul\libsmallc.a(lib_a-impure.o)
                              d:/intelfpga_lite/18.1/nios2eds/bin/gnu/h-x86_64-mingw32/bin/../lib/gcc/nios2-elf/5.3.0/../../../../../H-x86_64-mingw32/nios2-elf/lib/mno-hw-mul\libsmallc.a(lib_a-__atexit.o) (_global_impure_ptr)
../Bai4v1_bsp/\libhal_bsp.a(alt_exit.o)
                              d:/intelfpga_lite/18.1/nios2eds/bin/gnu/h-x86_64-mingw32/bin/../lib/gcc/nios2-elf/5.3.0/../../../../../H-x86_64-mingw32/nios2-elf/lib/mno-hw-mul\libsmallc.a(lib_a-exit.o) (_exit)

Allocating common symbols
Common symbol       size              file

errno               0x4               d:/intelfpga_lite/18.1/nios2eds/bin/gnu/h-x86_64-mingw32/bin/../lib/gcc/nios2-elf/5.3.0/../../../../../H-x86_64-mingw32/nios2-elf/lib/mno-hw-mul\libsmallc.a(lib_a-int_errno.o)
SW_ptr              0x4               obj/default/source.o

Memory Configuration

Name             Origin             Length             Attributes
reset            0x0000000000008000 0x0000000000000020
onchip_memory2_0 0x0000000000008020 0x0000000000007fe0
*default*        0x0000000000000000 0xffffffffffffffff

Linker script and memory map

LOAD ../Bai4v1_bsp//obj/HAL/src/crt0.o
LOAD obj/default/source.o
LOAD d:/intelfpga_lite/18.1/nios2eds/bin/gnu/h-x86_64-mingw32/bin/../lib/gcc/nios2-elf/5.3.0/../../../../../H-x86_64-mingw32/nios2-elf/lib/mno-hw-mul\libstdc++.a
LOAD d:/intelfpga_lite/18.1/nios2eds/bin/gnu/h-x86_64-mingw32/bin/../lib/gcc/nios2-elf/5.3.0/../../../../../H-x86_64-mingw32/nios2-elf/lib/mno-hw-mul\libm.a
LOAD d:/intelfpga_lite/18.1/nios2eds/bin/gnu/h-x86_64-mingw32/bin/../lib/gcc/nios2-elf/5.3.0/mno-hw-mul\libgcc.a
START GROUP
LOAD d:/intelfpga_lite/18.1/nios2eds/bin/gnu/h-x86_64-mingw32/bin/../lib/gcc/nios2-elf/5.3.0/../../../../../H-x86_64-mingw32/nios2-elf/lib/mno-hw-mul\libsmallc.a
LOAD d:/intelfpga_lite/18.1/nios2eds/bin/gnu/h-x86_64-mingw32/bin/../lib/gcc/nios2-elf/5.3.0/mno-hw-mul\libgcc.a
LOAD ../Bai4v1_bsp/\libhal_bsp.a
LOAD d:/intelfpga_lite/18.1/nios2eds/bin/gnu/h-x86_64-mingw32/bin/../lib/gcc/nios2-elf/5.3.0/../../../../../H-x86_64-mingw32/nios2-elf/lib/mno-hw-mul\libm.a
END GROUP
LOAD d:/intelfpga_lite/18.1/nios2eds/bin/gnu/h-x86_64-mingw32/bin/../lib/gcc/nios2-elf/5.3.0/mno-hw-mul\libgcc.a
                0x0000000000008000                __alt_mem_onchip_memory2_0 = 0x8000

.entry          0x0000000000008000       0x20
 *(.entry)
 .entry         0x0000000000008000       0x20 ../Bai4v1_bsp//obj/HAL/src/crt0.o
                0x0000000000008000                __reset

.exceptions     0x0000000000008020        0x0
                0x0000000000008020                PROVIDE (__ram_exceptions_start, ABSOLUTE (.))
                0x0000000000008020                . = ALIGN (0x20)
 *(.irq)
 *(.exceptions.entry.label)
 *(.exceptions.entry.user)
 *(.exceptions.entry.ecc_fatal)
 *(.exceptions.entry)
 *(.exceptions.irqtest.user)
 *(.exceptions.irqtest)
 *(.exceptions.irqhandler.user)
 *(.exceptions.irqhandler)
 *(.exceptions.irqreturn.user)
 *(.exceptions.irqreturn)
 *(.exceptions.notirq.label)
 *(.exceptions.notirq.user)
 *(.exceptions.notirq)
 *(.exceptions.soft.user)
 *(.exceptions.soft)
 *(.exceptions.unknown.user)
 *(.exceptions.unknown)
 *(.exceptions.exit.label)
 *(.exceptions.exit.user)
 *(.exceptions.exit)
 *(.exceptions)
                0x0000000000008020                PROVIDE (__ram_exceptions_end, ABSOLUTE (.))
                0x0000000000008020                PROVIDE (__flash_exceptions_start, LOADADDR (.exceptions))

.text           0x0000000000008020     0x1874
                [!provide]                        PROVIDE (stext, ABSOLUTE (.))
 *(.interp)
 *(.hash)
 *(.dynsym)
 *(.dynstr)
 *(.gnu.version)
 *(.gnu.version_d)
 *(.gnu.version_r)
 *(.rel.init)
 *(.rela.init)
 *(.rel.text .rel.text.* .rel.gnu.linkonce.t.*)
 *(.rela.text .rela.text.* .rela.gnu.linkonce.t.*)
 *(.rel.fini)
 *(.rela.fini)
 *(.rel.rodata .rel.rodata.* .rel.gnu.linkonce.r.*)
 *(.rela.rodata .rela.rodata.* .rela.gnu.linkonce.r.*)
 *(.rel.data .rel.data.* .rel.gnu.linkonce.d.*)
 *(.rela.data .rela.data.* .rela.gnu.linkonce.d.*)
 *(.rel.tdata .rel.tdata.* .rel.gnu.linkonce.td.*)
 *(.rela.tdata .rela.tdata.* .rela.gnu.linkonce.td.*)
 *(.rel.tbss .rel.tbss.* .rel.gnu.linkonce.tb.*)
 *(.rela.tbss .rela.tbss.* .rela.gnu.linkonce.tb.*)
 *(.rel.ctors)
 *(.rela.ctors)
 *(.rel.dtors)
 *(.rela.dtors)
 *(.rel.got)
 *(.rela.got)
 *(.rel.sdata .rel.sdata.* .rel.gnu.linkonce.s.*)
 *(.rela.sdata .rela.sdata.* .rela.gnu.linkonce.s.*)
 *(.rel.sbss .rel.sbss.* .rel.gnu.linkonce.sb.*)
 *(.rela.sbss .rela.sbss.* .rela.gnu.linkonce.sb.*)
 *(.rel.sdata2 .rel.sdata2.* .rel.gnu.linkonce.s2.*)
 *(.rela.sdata2 .rela.sdata2.* .rela.gnu.linkonce.s2.*)
 *(.rel.sbss2 .rel.sbss2.* .rel.gnu.linkonce.sb2.*)
 *(.rela.sbss2 .rela.sbss2.* .rela.gnu.linkonce.sb2.*)
 *(.rel.bss .rel.bss.* .rel.gnu.linkonce.b.*)
 *(.rela.bss .rela.bss.* .rela.gnu.linkonce.b.*)
 *(.rel.plt)
 *(.rela.plt)
 *(.rel.dyn)
 *(.init)
 *(.plt)
 *(.text .stub .text.* .gnu.linkonce.t.*)
 .text          0x0000000000008020       0x3c ../Bai4v1_bsp//obj/HAL/src/crt0.o
                0x0000000000008020                _start
 .text          0x000000000000805c      0x2e8 obj/default/source.o
                0x000000000000805c                main
 .text          0x0000000000008344      0x1b4 d:/intelfpga_lite/18.1/nios2eds/bin/gnu/h-x86_64-mingw32/bin/../lib/gcc/nios2-elf/5.3.0/mno-hw-mul\libgcc.a(lib2-divmod.o)
                0x0000000000008344                __divsi3
                0x00000000000083c8                __modsi3
                0x000000000000843c                __udivsi3
                0x00000000000084a0                __umodsi3
 .text          0x00000000000084f8       0x28 d:/intelfpga_lite/18.1/nios2eds/bin/gnu/h-x86_64-mingw32/bin/../lib/gcc/nios2-elf/5.3.0/mno-hw-mul\libgcc.a(lib2-mul.o)
                0x00000000000084f8                __mulsi3
 .text          0x0000000000008520       0xec ../Bai4v1_bsp/\libhal_bsp.a(alt_load.o)
                0x0000000000008588                alt_load
 .text          0x000000000000860c       0x7c ../Bai4v1_bsp/\libhal_bsp.a(alt_main.o)
                0x000000000000860c                alt_main
 .text          0x0000000000008688       0x30 ../Bai4v1_bsp/\libhal_bsp.a(alt_usleep.o)
                0x0000000000008688                usleep
 .text          0x00000000000086b8       0xa0 ../Bai4v1_bsp/\libhal_bsp.a(alt_sys_init.o)
                0x00000000000086ec                alt_irq_init
                0x0000000000008724                alt_sys_init
 .text          0x0000000000008758       0xc0 ../Bai4v1_bsp/\libhal_bsp.a(altera_avalon_jtag_uart_fd.o)
                0x0000000000008758                altera_avalon_jtag_uart_read_fd
                0x00000000000087b8                altera_avalon_jtag_uart_write_fd
 .text          0x0000000000008818       0xec ../Bai4v1_bsp/\libhal_bsp.a(altera_avalon_jtag_uart_read.o)
                0x0000000000008818                altera_avalon_jtag_uart_read
 .text          0x0000000000008904       0x94 ../Bai4v1_bsp/\libhal_bsp.a(altera_avalon_jtag_uart_write.o)
                0x0000000000008904                altera_avalon_jtag_uart_write
 .text          0x0000000000008998      0x158 ../Bai4v1_bsp/\libhal_bsp.a(alt_busy_sleep.o)
                0x0000000000008998                alt_busy_sleep
 .text          0x0000000000008af0      0x114 ../Bai4v1_bsp/\libhal_bsp.a(alt_close.o)
                0x0000000000008b2c                close
 .text          0x0000000000008c04       0x20 ../Bai4v1_bsp/\libhal_bsp.a(alt_dcache_flush_all.o)
                0x0000000000008c04                alt_dcache_flush_all
 .text          0x0000000000008c24       0x2c ../Bai4v1_bsp/\libhal_bsp.a(alt_dev.o)
 .text          0x0000000000008c50       0xe0 ../Bai4v1_bsp/\libhal_bsp.a(alt_dev_llist_insert.o)
                0x0000000000008c8c                alt_dev_llist_insert
 .text          0x0000000000008d30       0x60 ../Bai4v1_bsp/\libhal_bsp.a(alt_do_ctors.o)
                0x0000000000008d30                _do_ctors
 .text          0x0000000000008d90       0x60 ../Bai4v1_bsp/\libhal_bsp.a(alt_do_dtors.o)
                0x0000000000008d90                _do_dtors
 .text          0x0000000000008df0        0x0 ../Bai4v1_bsp/\libhal_bsp.a(alt_errno.o)
 .text          0x0000000000008df0       0x20 ../Bai4v1_bsp/\libhal_bsp.a(alt_icache_flush_all.o)
                0x0000000000008df0                alt_icache_flush_all
 .text          0x0000000000008e10      0x160 ../Bai4v1_bsp/\libhal_bsp.a(alt_io_redirect.o)
                0x0000000000008ef4                alt_io_redirect
 .text          0x0000000000008f70      0x284 ../Bai4v1_bsp/\libhal_bsp.a(alt_open.o)
                0x0000000000009098                open
 .text          0x00000000000091f4       0x84 ../Bai4v1_bsp/\libhal_bsp.a(alt_release_fd.o)
                0x00000000000091f4                alt_release_fd
 .text          0x0000000000009278       0x24 ../Bai4v1_bsp/\libhal_bsp.a(altera_nios2_gen2_irq.o)
                0x0000000000009278                altera_nios2_gen2_irq_init
 .text          0x000000000000929c       0x90 ../Bai4v1_bsp/\libhal_bsp.a(alt_find_dev.o)
                0x000000000000929c                alt_find_dev
 .text          0x000000000000932c      0x108 ../Bai4v1_bsp/\libhal_bsp.a(alt_find_file.o)
                0x000000000000932c                alt_find_file
 .text          0x0000000000009434       0xc4 ../Bai4v1_bsp/\libhal_bsp.a(alt_get_fd.o)
                0x0000000000009434                alt_get_fd
 .text          0x00000000000094f8        0x0 d:/intelfpga_lite/18.1/nios2eds/bin/gnu/h-x86_64-mingw32/bin/../lib/gcc/nios2-elf/5.3.0/../../../../../H-x86_64-mingw32/nios2-elf/lib/mno-hw-mul\libsmallc.a(lib_a-atexit.o)
 .text.atexit   0x00000000000094f8       0x14 d:/intelfpga_lite/18.1/nios2eds/bin/gnu/h-x86_64-mingw32/bin/../lib/gcc/nios2-elf/5.3.0/../../../../../H-x86_64-mingw32/nios2-elf/lib/mno-hw-mul\libsmallc.a(lib_a-atexit.o)
                0x00000000000094f8                atexit
 .text          0x000000000000950c        0x0 d:/intelfpga_lite/18.1/nios2eds/bin/gnu/h-x86_64-mingw32/bin/../lib/gcc/nios2-elf/5.3.0/../../../../../H-x86_64-mingw32/nios2-elf/lib/mno-hw-mul\libsmallc.a(lib_a-exit.o)
 .text.exit     0x000000000000950c       0x20 d:/intelfpga_lite/18.1/nios2eds/bin/gnu/h-x86_64-mingw32/bin/../lib/gcc/nios2-elf/5.3.0/../../../../../H-x86_64-mingw32/nios2-elf/lib/mno-hw-mul\libsmallc.a(lib_a-exit.o)
                0x000000000000950c                exit
 .text          0x000000000000952c        0x0 d:/intelfpga_lite/18.1/nios2eds/bin/gnu/h-x86_64-mingw32/bin/../lib/gcc/nios2-elf/5.3.0/../../../../../H-x86_64-mingw32/nios2-elf/lib/mno-hw-mul\libsmallc.a(lib_a-int_errno.o)
 .text          0x000000000000952c        0x0 d:/intelfpga_lite/18.1/nios2eds/bin/gnu/h-x86_64-mingw32/bin/../lib/gcc/nios2-elf/5.3.0/../../../../../H-x86_64-mingw32/nios2-elf/lib/mno-hw-mul\libsmallc.a(lib_a-memcmp.o)
 .text.memcmp   0x000000000000952c       0x30 d:/intelfpga_lite/18.1/nios2eds/bin/gnu/h-x86_64-mingw32/bin/../lib/gcc/nios2-elf/5.3.0/../../../../../H-x86_64-mingw32/nios2-elf/lib/mno-hw-mul\libsmallc.a(lib_a-memcmp.o)
                0x000000000000952c                memcmp
 .text          0x000000000000955c        0x0 d:/intelfpga_lite/18.1/nios2eds/bin/gnu/h-x86_64-mingw32/bin/../lib/gcc/nios2-elf/5.3.0/../../../../../H-x86_64-mingw32/nios2-elf/lib/mno-hw-mul\libsmallc.a(lib_a-strlen.o)
 .text.strlen   0x000000000000955c       0x1c d:/intelfpga_lite/18.1/nios2eds/bin/gnu/h-x86_64-mingw32/bin/../lib/gcc/nios2-elf/5.3.0/../../../../../H-x86_64-mingw32/nios2-elf/lib/mno-hw-mul\libsmallc.a(lib_a-strlen.o)
                0x000000000000955c                strlen
 .text          0x0000000000009578        0x0 d:/intelfpga_lite/18.1/nios2eds/bin/gnu/h-x86_64-mingw32/bin/../lib/gcc/nios2-elf/5.3.0/../../../../../H-x86_64-mingw32/nios2-elf/lib/mno-hw-mul\libsmallc.a(lib_a-__atexit.o)
 .text.__register_exitproc
                0x0000000000009578      0x158 d:/intelfpga_lite/18.1/nios2eds/bin/gnu/h-x86_64-mingw32/bin/../lib/gcc/nios2-elf/5.3.0/../../../../../H-x86_64-mingw32/nios2-elf/lib/mno-hw-mul\libsmallc.a(lib_a-__atexit.o)
                0x0000000000009578                __register_exitproc
 .text          0x00000000000096d0        0x0 d:/intelfpga_lite/18.1/nios2eds/bin/gnu/h-x86_64-mingw32/bin/../lib/gcc/nios2-elf/5.3.0/../../../../../H-x86_64-mingw32/nios2-elf/lib/mno-hw-mul\libsmallc.a(lib_a-__call_atexit.o)
 .text.__call_exitprocs
                0x00000000000096d0      0x190 d:/intelfpga_lite/18.1/nios2eds/bin/gnu/h-x86_64-mingw32/bin/../lib/gcc/nios2-elf/5.3.0/../../../../../H-x86_64-mingw32/nios2-elf/lib/mno-hw-mul\libsmallc.a(lib_a-__call_atexit.o)
                0x00000000000096d0                __call_exitprocs
 .text          0x0000000000009860        0x0 d:/intelfpga_lite/18.1/nios2eds/bin/gnu/h-x86_64-mingw32/bin/../lib/gcc/nios2-elf/5.3.0/../../../../../H-x86_64-mingw32/nios2-elf/lib/mno-hw-mul\libsmallc.a(lib_a-impure.o)
 .text          0x0000000000009860       0x34 ../Bai4v1_bsp/\libhal_bsp.a(alt_exit.o)
                0x0000000000009860                _exit
 *(.gnu.warning.*)
 *(.fini)
                [!provide]                        PROVIDE (__etext, ABSOLUTE (.))
                [!provide]                        PROVIDE (_etext, ABSOLUTE (.))
                [!provide]                        PROVIDE (etext, ABSOLUTE (.))
 *(.eh_frame_hdr)
                0x0000000000009894                . = ALIGN (0x4)
                [!provide]                        PROVIDE (__preinit_array_start, ABSOLUTE (.))
 *(.preinit_array)
                [!provide]                        PROVIDE (__preinit_array_end, ABSOLUTE (.))
                [!provide]                        PROVIDE (__init_array_start, ABSOLUTE (.))
 *(.init_array)
                [!provide]                        PROVIDE (__init_array_end, ABSOLUTE (.))
                [!provide]                        PROVIDE (__fini_array_start, ABSOLUTE (.))
 *(.fini_array)
                [!provide]                        PROVIDE (__fini_array_end, ABSOLUTE (.))
 *(.eh_frame)
 *(.gcc_except_table .gcc_except_table.*)
 *(.dynamic)
                0x0000000000009894                PROVIDE (__CTOR_LIST__, ABSOLUTE (.))
 *(.ctors)
 *(SORT(.ctors.*))
                0x0000000000009894                PROVIDE (__CTOR_END__, ABSOLUTE (.))
                0x0000000000009894                PROVIDE (__DTOR_LIST__, ABSOLUTE (.))
 *(.dtors)
 *(SORT(.dtors.*))
                0x0000000000009894                PROVIDE (__DTOR_END__, ABSOLUTE (.))
 *(.jcr)
                0x0000000000009894                . = ALIGN (0x4)

.rodata         0x0000000000009894       0x34
                0x0000000000009894                PROVIDE (__ram_rodata_start, ABSOLUTE (.))
                0x0000000000009894                . = ALIGN (0x4)
 *(.rodata .rodata.* .gnu.linkonce.r.*)
 .rodata        0x0000000000009894       0x11 ../Bai4v1_bsp/\libhal_bsp.a(alt_main.o)
 *fill*         0x00000000000098a5        0x3 
 .rodata        0x00000000000098a8       0x11 ../Bai4v1_bsp/\libhal_bsp.a(alt_sys_init.o)
 *fill*         0x00000000000098b9        0x3 
 .rodata        0x00000000000098bc        0xa ../Bai4v1_bsp/\libhal_bsp.a(alt_dev.o)
 *(.rodata1)
                0x00000000000098c8                . = ALIGN (0x4)
 *fill*         0x00000000000098c6        0x2 
                0x00000000000098c8                PROVIDE (__ram_rodata_end, ABSOLUTE (.))
                0x0000000000009894                PROVIDE (__flash_rodata_start, LOADADDR (.rodata))

.rwdata         0x00000000000098c8      0x2d4 load address 0x0000000000009b9c
                0x00000000000098c8                PROVIDE (__ram_rwdata_start, ABSOLUTE (.))
                0x00000000000098c8                . = ALIGN (0x4)
 *(.got.plt)
 *(.got)
 *(.data1)
 *(.data .data.* .gnu.linkonce.d.*)
 .data          0x00000000000098c8        0x0 ../Bai4v1_bsp//obj/HAL/src/crt0.o
 .data          0x00000000000098c8        0x0 obj/default/source.o
 .data          0x00000000000098c8        0x0 d:/intelfpga_lite/18.1/nios2eds/bin/gnu/h-x86_64-mingw32/bin/../lib/gcc/nios2-elf/5.3.0/mno-hw-mul\libgcc.a(lib2-divmod.o)
 .data          0x00000000000098c8        0x0 d:/intelfpga_lite/18.1/nios2eds/bin/gnu/h-x86_64-mingw32/bin/../lib/gcc/nios2-elf/5.3.0/mno-hw-mul\libgcc.a(lib2-mul.o)
 .data          0x00000000000098c8        0x0 ../Bai4v1_bsp/\libhal_bsp.a(alt_load.o)
 .data          0x00000000000098c8        0x0 ../Bai4v1_bsp/\libhal_bsp.a(alt_main.o)
 .data          0x00000000000098c8        0x0 ../Bai4v1_bsp/\libhal_bsp.a(alt_usleep.o)
 .data          0x00000000000098c8       0x2c ../Bai4v1_bsp/\libhal_bsp.a(alt_sys_init.o)
 .data          0x00000000000098f4        0x0 ../Bai4v1_bsp/\libhal_bsp.a(altera_avalon_jtag_uart_fd.o)
 .data          0x00000000000098f4        0x0 ../Bai4v1_bsp/\libhal_bsp.a(altera_avalon_jtag_uart_read.o)
 .data          0x00000000000098f4        0x0 ../Bai4v1_bsp/\libhal_bsp.a(altera_avalon_jtag_uart_write.o)
 .data          0x00000000000098f4        0x0 ../Bai4v1_bsp/\libhal_bsp.a(alt_busy_sleep.o)
 .data          0x00000000000098f4        0x0 ../Bai4v1_bsp/\libhal_bsp.a(alt_close.o)
 .data          0x00000000000098f4        0x0 ../Bai4v1_bsp/\libhal_bsp.a(alt_dcache_flush_all.o)
 .data          0x00000000000098f4      0x1a8 ../Bai4v1_bsp/\libhal_bsp.a(alt_dev.o)
                0x00000000000098f4                alt_dev_null
                0x000000000000991c                alt_fd_list
 .data          0x0000000000009a9c        0x0 ../Bai4v1_bsp/\libhal_bsp.a(alt_dev_llist_insert.o)
 .data          0x0000000000009a9c        0x0 ../Bai4v1_bsp/\libhal_bsp.a(alt_do_ctors.o)
 .data          0x0000000000009a9c        0x0 ../Bai4v1_bsp/\libhal_bsp.a(alt_do_dtors.o)
 .data          0x0000000000009a9c        0x0 ../Bai4v1_bsp/\libhal_bsp.a(alt_errno.o)
 .data          0x0000000000009a9c        0x0 ../Bai4v1_bsp/\libhal_bsp.a(alt_icache_flush_all.o)
 .data          0x0000000000009a9c        0x0 ../Bai4v1_bsp/\libhal_bsp.a(alt_io_redirect.o)
 .data          0x0000000000009a9c        0x0 ../Bai4v1_bsp/\libhal_bsp.a(alt_open.o)
 .data          0x0000000000009a9c        0x0 ../Bai4v1_bsp/\libhal_bsp.a(alt_release_fd.o)
 .data          0x0000000000009a9c        0x0 ../Bai4v1_bsp/\libhal_bsp.a(altera_nios2_gen2_irq.o)
 .data          0x0000000000009a9c        0x0 ../Bai4v1_bsp/\libhal_bsp.a(alt_find_dev.o)
 .data          0x0000000000009a9c        0x0 ../Bai4v1_bsp/\libhal_bsp.a(alt_find_file.o)
 .data          0x0000000000009a9c        0x0 ../Bai4v1_bsp/\libhal_bsp.a(alt_get_fd.o)
 .data          0x0000000000009a9c        0x0 d:/intelfpga_lite/18.1/nios2eds/bin/gnu/h-x86_64-mingw32/bin/../lib/gcc/nios2-elf/5.3.0/../../../../../H-x86_64-mingw32/nios2-elf/lib/mno-hw-mul\libsmallc.a(lib_a-atexit.o)
 .data          0x0000000000009a9c        0x0 d:/intelfpga_lite/18.1/nios2eds/bin/gnu/h-x86_64-mingw32/bin/../lib/gcc/nios2-elf/5.3.0/../../../../../H-x86_64-mingw32/nios2-elf/lib/mno-hw-mul\libsmallc.a(lib_a-exit.o)
 .data          0x0000000000009a9c        0x0 d:/intelfpga_lite/18.1/nios2eds/bin/gnu/h-x86_64-mingw32/bin/../lib/gcc/nios2-elf/5.3.0/../../../../../H-x86_64-mingw32/nios2-elf/lib/mno-hw-mul\libsmallc.a(lib_a-int_errno.o)
 .data          0x0000000000009a9c        0x0 d:/intelfpga_lite/18.1/nios2eds/bin/gnu/h-x86_64-mingw32/bin/../lib/gcc/nios2-elf/5.3.0/../../../../../H-x86_64-mingw32/nios2-elf/lib/mno-hw-mul\libsmallc.a(lib_a-memcmp.o)
 .data          0x0000000000009a9c        0x0 d:/intelfpga_lite/18.1/nios2eds/bin/gnu/h-x86_64-mingw32/bin/../lib/gcc/nios2-elf/5.3.0/../../../../../H-x86_64-mingw32/nios2-elf/lib/mno-hw-mul\libsmallc.a(lib_a-strlen.o)
 .data          0x0000000000009a9c        0x0 d:/intelfpga_lite/18.1/nios2eds/bin/gnu/h-x86_64-mingw32/bin/../lib/gcc/nios2-elf/5.3.0/../../../../../H-x86_64-mingw32/nios2-elf/lib/mno-hw-mul\libsmallc.a(lib_a-__atexit.o)
 .data          0x0000000000009a9c        0x0 d:/intelfpga_lite/18.1/nios2eds/bin/gnu/h-x86_64-mingw32/bin/../lib/gcc/nios2-elf/5.3.0/../../../../../H-x86_64-mingw32/nios2-elf/lib/mno-hw-mul\libsmallc.a(lib_a-__call_atexit.o)
 .data          0x0000000000009a9c        0x0 d:/intelfpga_lite/18.1/nios2eds/bin/gnu/h-x86_64-mingw32/bin/../lib/gcc/nios2-elf/5.3.0/../../../../../H-x86_64-mingw32/nios2-elf/lib/mno-hw-mul\libsmallc.a(lib_a-impure.o)
 .data.impure_data
                0x0000000000009a9c       0xe0 d:/intelfpga_lite/18.1/nios2eds/bin/gnu/h-x86_64-mingw32/bin/../lib/gcc/nios2-elf/5.3.0/../../../../../H-x86_64-mingw32/nios2-elf/lib/mno-hw-mul\libsmallc.a(lib_a-impure.o)
 .data          0x0000000000009b7c        0x0 ../Bai4v1_bsp/\libhal_bsp.a(alt_exit.o)
                0x0000000000011b7c                _gp = ABSOLUTE ((. + 0x8000))
                [!provide]                        PROVIDE (gp, _gp)
 *(.rwdata .rwdata.*)
 *(.sdata .sdata.* .gnu.linkonce.s.*)
 .sdata         0x0000000000009b7c       0x14 ../Bai4v1_bsp/\libhal_bsp.a(alt_dev.o)
                0x0000000000009b7c                alt_fs_list
                0x0000000000009b84                alt_dev_list
                0x0000000000009b8c                alt_max_fd
 .sdata         0x0000000000009b90        0x4 ../Bai4v1_bsp/\libhal_bsp.a(alt_errno.o)
                0x0000000000009b90                alt_errno
 .sdata._global_impure_ptr
                0x0000000000009b94        0x4 d:/intelfpga_lite/18.1/nios2eds/bin/gnu/h-x86_64-mingw32/bin/../lib/gcc/nios2-elf/5.3.0/../../../../../H-x86_64-mingw32/nios2-elf/lib/mno-hw-mul\libsmallc.a(lib_a-impure.o)
                0x0000000000009b94                _global_impure_ptr
 .sdata._impure_ptr
                0x0000000000009b98        0x4 d:/intelfpga_lite/18.1/nios2eds/bin/gnu/h-x86_64-mingw32/bin/../lib/gcc/nios2-elf/5.3.0/../../../../../H-x86_64-mingw32/nios2-elf/lib/mno-hw-mul\libsmallc.a(lib_a-impure.o)
                0x0000000000009b98                _impure_ptr
 *(.sdata2 .sdata2.* .gnu.linkonce.s2.*)
                0x0000000000009b9c                . = ALIGN (0x4)
                0x0000000000009b9c                _edata = ABSOLUTE (.)
                [!provide]                        PROVIDE (edata, ABSOLUTE (.))
                0x0000000000009b9c                PROVIDE (__ram_rwdata_end, ABSOLUTE (.))
                0x0000000000009b9c                PROVIDE (__flash_rwdata_start, LOADADDR (.rwdata))

.bss            0x0000000000009e70       0x14
                0x0000000000009e70                __bss_start = ABSOLUTE (.)
                [!provide]                        PROVIDE (__sbss_start, ABSOLUTE (.))
                [!provide]                        PROVIDE (___sbss_start, ABSOLUTE (.))
 *(.dynsbss)
 *(.sbss .sbss.* .gnu.linkonce.sb.*)
 .sbss          0x0000000000009e70        0x4 obj/default/source.o
                0x0000000000009e70                SW_ptr
 .sbss          0x0000000000009e74        0xc ../Bai4v1_bsp/\libhal_bsp.a(alt_main.o)
                0x0000000000009e74                alt_argc
                0x0000000000009e78                alt_argv
                0x0000000000009e7c                alt_envp
 .sbss          0x0000000000009e80        0x4 d:/intelfpga_lite/18.1/nios2eds/bin/gnu/h-x86_64-mingw32/bin/../lib/gcc/nios2-elf/5.3.0/../../../../../H-x86_64-mingw32/nios2-elf/lib/mno-hw-mul\libsmallc.a(lib_a-int_errno.o)
                0x0000000000009e80                errno
 *(.sbss2 .sbss2.* .gnu.linkonce.sb2.*)
 *(.scommon)
                [!provide]                        PROVIDE (__sbss_end, ABSOLUTE (.))
                [!provide]                        PROVIDE (___sbss_end, ABSOLUTE (.))
 *(.dynbss)
 *(.bss .bss.* .gnu.linkonce.b.*)
 .bss           0x0000000000009e84        0x0 ../Bai4v1_bsp//obj/HAL/src/crt0.o
 .bss           0x0000000000009e84        0x0 obj/default/source.o
 .bss           0x0000000000009e84        0x0 d:/intelfpga_lite/18.1/nios2eds/bin/gnu/h-x86_64-mingw32/bin/../lib/gcc/nios2-elf/5.3.0/mno-hw-mul\libgcc.a(lib2-divmod.o)
 .bss           0x0000000000009e84        0x0 d:/intelfpga_lite/18.1/nios2eds/bin/gnu/h-x86_64-mingw32/bin/../lib/gcc/nios2-elf/5.3.0/mno-hw-mul\libgcc.a(lib2-mul.o)
 .bss           0x0000000000009e84        0x0 ../Bai4v1_bsp/\libhal_bsp.a(alt_load.o)
 .bss           0x0000000000009e84        0x0 ../Bai4v1_bsp/\libhal_bsp.a(alt_main.o)
 .bss           0x0000000000009e84        0x0 ../Bai4v1_bsp/\libhal_bsp.a(alt_usleep.o)
 .bss           0x0000000000009e84        0x0 ../Bai4v1_bsp/\libhal_bsp.a(alt_sys_init.o)
 .bss           0x0000000000009e84        0x0 ../Bai4v1_bsp/\libhal_bsp.a(altera_avalon_jtag_uart_fd.o)
 .bss           0x0000000000009e84        0x0 ../Bai4v1_bsp/\libhal_bsp.a(altera_avalon_jtag_uart_read.o)
 .bss           0x0000000000009e84        0x0 ../Bai4v1_bsp/\libhal_bsp.a(altera_avalon_jtag_uart_write.o)
 .bss           0x0000000000009e84        0x0 ../Bai4v1_bsp/\libhal_bsp.a(alt_busy_sleep.o)
 .bss           0x0000000000009e84        0x0 ../Bai4v1_bsp/\libhal_bsp.a(alt_close.o)
 .bss           0x0000000000009e84        0x0 ../Bai4v1_bsp/\libhal_bsp.a(alt_dcache_flush_all.o)
 .bss           0x0000000000009e84        0x0 ../Bai4v1_bsp/\libhal_bsp.a(alt_dev.o)
 .bss           0x0000000000009e84        0x0 ../Bai4v1_bsp/\libhal_bsp.a(alt_dev_llist_insert.o)
 .bss           0x0000000000009e84        0x0 ../Bai4v1_bsp/\libhal_bsp.a(alt_do_ctors.o)
 .bss           0x0000000000009e84        0x0 ../Bai4v1_bsp/\libhal_bsp.a(alt_do_dtors.o)
 .bss           0x0000000000009e84        0x0 ../Bai4v1_bsp/\libhal_bsp.a(alt_errno.o)
 .bss           0x0000000000009e84        0x0 ../Bai4v1_bsp/\libhal_bsp.a(alt_icache_flush_all.o)
 .bss           0x0000000000009e84        0x0 ../Bai4v1_bsp/\libhal_bsp.a(alt_io_redirect.o)
 .bss           0x0000000000009e84        0x0 ../Bai4v1_bsp/\libhal_bsp.a(alt_open.o)
 .bss           0x0000000000009e84        0x0 ../Bai4v1_bsp/\libhal_bsp.a(alt_release_fd.o)
 .bss           0x0000000000009e84        0x0 ../Bai4v1_bsp/\libhal_bsp.a(altera_nios2_gen2_irq.o)
 .bss           0x0000000000009e84        0x0 ../Bai4v1_bsp/\libhal_bsp.a(alt_find_dev.o)
 .bss           0x0000000000009e84        0x0 ../Bai4v1_bsp/\libhal_bsp.a(alt_find_file.o)
 .bss           0x0000000000009e84        0x0 ../Bai4v1_bsp/\libhal_bsp.a(alt_get_fd.o)
 .bss           0x0000000000009e84        0x0 d:/intelfpga_lite/18.1/nios2eds/bin/gnu/h-x86_64-mingw32/bin/../lib/gcc/nios2-elf/5.3.0/../../../../../H-x86_64-mingw32/nios2-elf/lib/mno-hw-mul\libsmallc.a(lib_a-atexit.o)
 .bss           0x0000000000009e84        0x0 d:/intelfpga_lite/18.1/nios2eds/bin/gnu/h-x86_64-mingw32/bin/../lib/gcc/nios2-elf/5.3.0/../../../../../H-x86_64-mingw32/nios2-elf/lib/mno-hw-mul\libsmallc.a(lib_a-exit.o)
 .bss           0x0000000000009e84        0x0 d:/intelfpga_lite/18.1/nios2eds/bin/gnu/h-x86_64-mingw32/bin/../lib/gcc/nios2-elf/5.3.0/../../../../../H-x86_64-mingw32/nios2-elf/lib/mno-hw-mul\libsmallc.a(lib_a-int_errno.o)
 .bss           0x0000000000009e84        0x0 d:/intelfpga_lite/18.1/nios2eds/bin/gnu/h-x86_64-mingw32/bin/../lib/gcc/nios2-elf/5.3.0/../../../../../H-x86_64-mingw32/nios2-elf/lib/mno-hw-mul\libsmallc.a(lib_a-memcmp.o)
 .bss           0x0000000000009e84        0x0 d:/intelfpga_lite/18.1/nios2eds/bin/gnu/h-x86_64-mingw32/bin/../lib/gcc/nios2-elf/5.3.0/../../../../../H-x86_64-mingw32/nios2-elf/lib/mno-hw-mul\libsmallc.a(lib_a-strlen.o)
 .bss           0x0000000000009e84        0x0 d:/intelfpga_lite/18.1/nios2eds/bin/gnu/h-x86_64-mingw32/bin/../lib/gcc/nios2-elf/5.3.0/../../../../../H-x86_64-mingw32/nios2-elf/lib/mno-hw-mul\libsmallc.a(lib_a-__atexit.o)
 .bss           0x0000000000009e84        0x0 d:/intelfpga_lite/18.1/nios2eds/bin/gnu/h-x86_64-mingw32/bin/../lib/gcc/nios2-elf/5.3.0/../../../../../H-x86_64-mingw32/nios2-elf/lib/mno-hw-mul\libsmallc.a(lib_a-__call_atexit.o)
 .bss           0x0000000000009e84        0x0 d:/intelfpga_lite/18.1/nios2eds/bin/gnu/h-x86_64-mingw32/bin/../lib/gcc/nios2-elf/5.3.0/../../../../../H-x86_64-mingw32/nios2-elf/lib/mno-hw-mul\libsmallc.a(lib_a-impure.o)
 .bss           0x0000000000009e84        0x0 ../Bai4v1_bsp/\libhal_bsp.a(alt_exit.o)
 *(COMMON)
                0x0000000000009e84                . = ALIGN (0x4)
                0x0000000000009e84                __bss_end = ABSOLUTE (.)

.onchip_memory2_0
                0x0000000000009e84        0x0
                [!provide]                        PROVIDE (_alt_partition_onchip_memory2_0_start, ABSOLUTE (.))
 *(.onchip_memory2_0 .onchip_memory2_0. onchip_memory2_0.*)
                0x0000000000009e84                . = ALIGN (0x4)
                [!provide]                        PROVIDE (_alt_partition_onchip_memory2_0_end, ABSOLUTE (.))
                0x0000000000009e84                _end = ABSOLUTE (.)
                0x0000000000009e84                end = ABSOLUTE (.)
                0x0000000000009e84                __alt_stack_base = ABSOLUTE (.)
                [!provide]                        PROVIDE (_alt_partition_onchip_memory2_0_load_addr, LOADADDR (.onchip_memory2_0))

.stab
 *(.stab)

.stabstr
 *(.stabstr)

.stab.excl
 *(.stab.excl)

.stab.exclstr
 *(.stab.exclstr)

.stab.index
 *(.stab.index)

.stab.indexstr
 *(.stab.indexstr)

.comment        0x0000000000000000       0x23
 *(.comment)
 .comment       0x0000000000000000       0x23 obj/default/source.o
                                         0x24 (size before relaxing)
 .comment       0x0000000000000023       0x24 d:/intelfpga_lite/18.1/nios2eds/bin/gnu/h-x86_64-mingw32/bin/../lib/gcc/nios2-elf/5.3.0/mno-hw-mul\libgcc.a(lib2-divmod.o)
 .comment       0x0000000000000023       0x24 d:/intelfpga_lite/18.1/nios2eds/bin/gnu/h-x86_64-mingw32/bin/../lib/gcc/nios2-elf/5.3.0/mno-hw-mul\libgcc.a(lib2-mul.o)
 .comment       0x0000000000000023       0x24 ../Bai4v1_bsp/\libhal_bsp.a(alt_load.o)
 .comment       0x0000000000000023       0x24 ../Bai4v1_bsp/\libhal_bsp.a(alt_main.o)
 .comment       0x0000000000000023       0x24 ../Bai4v1_bsp/\libhal_bsp.a(alt_usleep.o)
 .comment       0x0000000000000023       0x24 ../Bai4v1_bsp/\libhal_bsp.a(alt_sys_init.o)
 .comment       0x0000000000000023       0x24 ../Bai4v1_bsp/\libhal_bsp.a(altera_avalon_jtag_uart_fd.o)
 .comment       0x0000000000000023       0x24 ../Bai4v1_bsp/\libhal_bsp.a(altera_avalon_jtag_uart_read.o)
 .comment       0x0000000000000023       0x24 ../Bai4v1_bsp/\libhal_bsp.a(altera_avalon_jtag_uart_write.o)
 .comment       0x0000000000000023       0x24 ../Bai4v1_bsp/\libhal_bsp.a(alt_busy_sleep.o)
 .comment       0x0000000000000023       0x24 ../Bai4v1_bsp/\libhal_bsp.a(alt_close.o)
 .comment       0x0000000000000023       0x24 ../Bai4v1_bsp/\libhal_bsp.a(alt_dcache_flush_all.o)
 .comment       0x0000000000000023       0x24 ../Bai4v1_bsp/\libhal_bsp.a(alt_dev.o)
 .comment       0x0000000000000023       0x24 ../Bai4v1_bsp/\libhal_bsp.a(alt_dev_llist_insert.o)
 .comment       0x0000000000000023       0x24 ../Bai4v1_bsp/\libhal_bsp.a(alt_do_ctors.o)
 .comment       0x0000000000000023       0x24 ../Bai4v1_bsp/\libhal_bsp.a(alt_do_dtors.o)
 .comment       0x0000000000000023       0x24 ../Bai4v1_bsp/\libhal_bsp.a(alt_errno.o)
 .comment       0x0000000000000023       0x24 ../Bai4v1_bsp/\libhal_bsp.a(alt_icache_flush_all.o)
 .comment       0x0000000000000023       0x24 ../Bai4v1_bsp/\libhal_bsp.a(alt_io_redirect.o)
 .comment       0x0000000000000023       0x24 ../Bai4v1_bsp/\libhal_bsp.a(alt_open.o)
 .comment       0x0000000000000023       0x24 ../Bai4v1_bsp/\libhal_bsp.a(alt_release_fd.o)
 .comment       0x0000000000000023       0x24 ../Bai4v1_bsp/\libhal_bsp.a(altera_nios2_gen2_irq.o)
 .comment       0x0000000000000023       0x24 ../Bai4v1_bsp/\libhal_bsp.a(alt_find_dev.o)
 .comment       0x0000000000000023       0x24 ../Bai4v1_bsp/\libhal_bsp.a(alt_find_file.o)
 .comment       0x0000000000000023       0x24 ../Bai4v1_bsp/\libhal_bsp.a(alt_get_fd.o)
 .comment       0x0000000000000023       0x24 d:/intelfpga_lite/18.1/nios2eds/bin/gnu/h-x86_64-mingw32/bin/../lib/gcc/nios2-elf/5.3.0/../../../../../H-x86_64-mingw32/nios2-elf/lib/mno-hw-mul\libsmallc.a(lib_a-atexit.o)
 .comment       0x0000000000000023       0x24 d:/intelfpga_lite/18.1/nios2eds/bin/gnu/h-x86_64-mingw32/bin/../lib/gcc/nios2-elf/5.3.0/../../../../../H-x86_64-mingw32/nios2-elf/lib/mno-hw-mul\libsmallc.a(lib_a-exit.o)
 .comment       0x0000000000000023       0x24 d:/intelfpga_lite/18.1/nios2eds/bin/gnu/h-x86_64-mingw32/bin/../lib/gcc/nios2-elf/5.3.0/../../../../../H-x86_64-mingw32/nios2-elf/lib/mno-hw-mul\libsmallc.a(lib_a-int_errno.o)
 .comment       0x0000000000000023       0x24 d:/intelfpga_lite/18.1/nios2eds/bin/gnu/h-x86_64-mingw32/bin/../lib/gcc/nios2-elf/5.3.0/../../../../../H-x86_64-mingw32/nios2-elf/lib/mno-hw-mul\libsmallc.a(lib_a-memcmp.o)
 .comment       0x0000000000000023       0x24 d:/intelfpga_lite/18.1/nios2eds/bin/gnu/h-x86_64-mingw32/bin/../lib/gcc/nios2-elf/5.3.0/../../../../../H-x86_64-mingw32/nios2-elf/lib/mno-hw-mul\libsmallc.a(lib_a-strlen.o)
 .comment       0x0000000000000023       0x24 d:/intelfpga_lite/18.1/nios2eds/bin/gnu/h-x86_64-mingw32/bin/../lib/gcc/nios2-elf/5.3.0/../../../../../H-x86_64-mingw32/nios2-elf/lib/mno-hw-mul\libsmallc.a(lib_a-__atexit.o)
 .comment       0x0000000000000023       0x24 d:/intelfpga_lite/18.1/nios2eds/bin/gnu/h-x86_64-mingw32/bin/../lib/gcc/nios2-elf/5.3.0/../../../../../H-x86_64-mingw32/nios2-elf/lib/mno-hw-mul\libsmallc.a(lib_a-__call_atexit.o)
 .comment       0x0000000000000023       0x24 d:/intelfpga_lite/18.1/nios2eds/bin/gnu/h-x86_64-mingw32/bin/../lib/gcc/nios2-elf/5.3.0/../../../../../H-x86_64-mingw32/nios2-elf/lib/mno-hw-mul\libsmallc.a(lib_a-impure.o)
 .comment       0x0000000000000023       0x24 ../Bai4v1_bsp/\libhal_bsp.a(alt_exit.o)

.debug
 *(.debug)

.line
 *(.line)

.debug_srcinfo
 *(.debug_srcinfo)

.debug_sfnames
 *(.debug_sfnames)

.debug_aranges  0x0000000000000000      0x470
 *(.debug_aranges)
 .debug_aranges
                0x0000000000000000       0x28 ../Bai4v1_bsp//obj/HAL/src/crt0.o
 .debug_aranges
                0x0000000000000028       0x20 obj/default/source.o
 .debug_aranges
                0x0000000000000048       0x20 d:/intelfpga_lite/18.1/nios2eds/bin/gnu/h-x86_64-mingw32/bin/../lib/gcc/nios2-elf/5.3.0/mno-hw-mul\libgcc.a(lib2-divmod.o)
 .debug_aranges
                0x0000000000000068       0x20 d:/intelfpga_lite/18.1/nios2eds/bin/gnu/h-x86_64-mingw32/bin/../lib/gcc/nios2-elf/5.3.0/mno-hw-mul\libgcc.a(lib2-mul.o)
 .debug_aranges
                0x0000000000000088       0x20 ../Bai4v1_bsp/\libhal_bsp.a(alt_load.o)
 .debug_aranges
                0x00000000000000a8       0x20 ../Bai4v1_bsp/\libhal_bsp.a(alt_main.o)
 .debug_aranges
                0x00000000000000c8       0x20 ../Bai4v1_bsp/\libhal_bsp.a(alt_usleep.o)
 .debug_aranges
                0x00000000000000e8       0x20 ../Bai4v1_bsp/\libhal_bsp.a(alt_sys_init.o)
 .debug_aranges
                0x0000000000000108       0x20 ../Bai4v1_bsp/\libhal_bsp.a(altera_avalon_jtag_uart_fd.o)
 .debug_aranges
                0x0000000000000128       0x20 ../Bai4v1_bsp/\libhal_bsp.a(altera_avalon_jtag_uart_read.o)
 .debug_aranges
                0x0000000000000148       0x20 ../Bai4v1_bsp/\libhal_bsp.a(altera_avalon_jtag_uart_write.o)
 .debug_aranges
                0x0000000000000168       0x20 ../Bai4v1_bsp/\libhal_bsp.a(alt_busy_sleep.o)
 .debug_aranges
                0x0000000000000188       0x20 ../Bai4v1_bsp/\libhal_bsp.a(alt_close.o)
 .debug_aranges
                0x00000000000001a8       0x20 ../Bai4v1_bsp/\libhal_bsp.a(alt_dcache_flush_all.o)
 .debug_aranges
                0x00000000000001c8       0x20 ../Bai4v1_bsp/\libhal_bsp.a(alt_dev.o)
 .debug_aranges
                0x00000000000001e8       0x20 ../Bai4v1_bsp/\libhal_bsp.a(alt_dev_llist_insert.o)
 .debug_aranges
                0x0000000000000208       0x20 ../Bai4v1_bsp/\libhal_bsp.a(alt_do_ctors.o)
 .debug_aranges
                0x0000000000000228       0x20 ../Bai4v1_bsp/\libhal_bsp.a(alt_do_dtors.o)
 .debug_aranges
                0x0000000000000248       0x18 ../Bai4v1_bsp/\libhal_bsp.a(alt_errno.o)
 .debug_aranges
                0x0000000000000260       0x20 ../Bai4v1_bsp/\libhal_bsp.a(alt_icache_flush_all.o)
 .debug_aranges
                0x0000000000000280       0x20 ../Bai4v1_bsp/\libhal_bsp.a(alt_io_redirect.o)
 .debug_aranges
                0x00000000000002a0       0x20 ../Bai4v1_bsp/\libhal_bsp.a(alt_open.o)
 .debug_aranges
                0x00000000000002c0       0x20 ../Bai4v1_bsp/\libhal_bsp.a(alt_release_fd.o)
 .debug_aranges
                0x00000000000002e0       0x20 ../Bai4v1_bsp/\libhal_bsp.a(altera_nios2_gen2_irq.o)
 .debug_aranges
                0x0000000000000300       0x20 ../Bai4v1_bsp/\libhal_bsp.a(alt_find_dev.o)
 .debug_aranges
                0x0000000000000320       0x20 ../Bai4v1_bsp/\libhal_bsp.a(alt_find_file.o)
 .debug_aranges
                0x0000000000000340       0x20 ../Bai4v1_bsp/\libhal_bsp.a(alt_get_fd.o)
 .debug_aranges
                0x0000000000000360       0x20 d:/intelfpga_lite/18.1/nios2eds/bin/gnu/h-x86_64-mingw32/bin/../lib/gcc/nios2-elf/5.3.0/../../../../../H-x86_64-mingw32/nios2-elf/lib/mno-hw-mul\libsmallc.a(lib_a-atexit.o)
 .debug_aranges
                0x0000000000000380       0x20 d:/intelfpga_lite/18.1/nios2eds/bin/gnu/h-x86_64-mingw32/bin/../lib/gcc/nios2-elf/5.3.0/../../../../../H-x86_64-mingw32/nios2-elf/lib/mno-hw-mul\libsmallc.a(lib_a-exit.o)
 .debug_aranges
                0x00000000000003a0       0x18 d:/intelfpga_lite/18.1/nios2eds/bin/gnu/h-x86_64-mingw32/bin/../lib/gcc/nios2-elf/5.3.0/../../../../../H-x86_64-mingw32/nios2-elf/lib/mno-hw-mul\libsmallc.a(lib_a-int_errno.o)
 .debug_aranges
                0x00000000000003b8       0x20 d:/intelfpga_lite/18.1/nios2eds/bin/gnu/h-x86_64-mingw32/bin/../lib/gcc/nios2-elf/5.3.0/../../../../../H-x86_64-mingw32/nios2-elf/lib/mno-hw-mul\libsmallc.a(lib_a-memcmp.o)
 .debug_aranges
                0x00000000000003d8       0x20 d:/intelfpga_lite/18.1/nios2eds/bin/gnu/h-x86_64-mingw32/bin/../lib/gcc/nios2-elf/5.3.0/../../../../../H-x86_64-mingw32/nios2-elf/lib/mno-hw-mul\libsmallc.a(lib_a-strlen.o)
 .debug_aranges
                0x00000000000003f8       0x20 d:/intelfpga_lite/18.1/nios2eds/bin/gnu/h-x86_64-mingw32/bin/../lib/gcc/nios2-elf/5.3.0/../../../../../H-x86_64-mingw32/nios2-elf/lib/mno-hw-mul\libsmallc.a(lib_a-__atexit.o)
 .debug_aranges
                0x0000000000000418       0x20 d:/intelfpga_lite/18.1/nios2eds/bin/gnu/h-x86_64-mingw32/bin/../lib/gcc/nios2-elf/5.3.0/../../../../../H-x86_64-mingw32/nios2-elf/lib/mno-hw-mul\libsmallc.a(lib_a-__call_atexit.o)
 .debug_aranges
                0x0000000000000438       0x18 d:/intelfpga_lite/18.1/nios2eds/bin/gnu/h-x86_64-mingw32/bin/../lib/gcc/nios2-elf/5.3.0/../../../../../H-x86_64-mingw32/nios2-elf/lib/mno-hw-mul\libsmallc.a(lib_a-impure.o)
 .debug_aranges
                0x0000000000000450       0x20 ../Bai4v1_bsp/\libhal_bsp.a(alt_exit.o)

.debug_pubnames
 *(.debug_pubnames)

.debug_info     0x0000000000000000     0x4bee
 *(.debug_info .gnu.linkonce.wi.*)
 .debug_info    0x0000000000000000       0x58 ../Bai4v1_bsp//obj/HAL/src/crt0.o
 .debug_info    0x0000000000000058      0x12d obj/default/source.o
 .debug_info    0x0000000000000185      0x2c6 d:/intelfpga_lite/18.1/nios2eds/bin/gnu/h-x86_64-mingw32/bin/../lib/gcc/nios2-elf/5.3.0/mno-hw-mul\libgcc.a(lib2-divmod.o)
 .debug_info    0x000000000000044b       0xb4 d:/intelfpga_lite/18.1/nios2eds/bin/gnu/h-x86_64-mingw32/bin/../lib/gcc/nios2-elf/5.3.0/mno-hw-mul\libgcc.a(lib2-mul.o)
 .debug_info    0x00000000000004ff      0x145 ../Bai4v1_bsp/\libhal_bsp.a(alt_load.o)
 .debug_info    0x0000000000000644      0x131 ../Bai4v1_bsp/\libhal_bsp.a(alt_main.o)
 .debug_info    0x0000000000000775       0xb0 ../Bai4v1_bsp/\libhal_bsp.a(alt_usleep.o)
 .debug_info    0x0000000000000825      0x3c9 ../Bai4v1_bsp/\libhal_bsp.a(alt_sys_init.o)
 .debug_info    0x0000000000000bee      0x3a7 ../Bai4v1_bsp/\libhal_bsp.a(altera_avalon_jtag_uart_fd.o)
 .debug_info    0x0000000000000f95      0x1b2 ../Bai4v1_bsp/\libhal_bsp.a(altera_avalon_jtag_uart_read.o)
 .debug_info    0x0000000000001147      0x195 ../Bai4v1_bsp/\libhal_bsp.a(altera_avalon_jtag_uart_write.o)
 .debug_info    0x00000000000012dc       0xd7 ../Bai4v1_bsp/\libhal_bsp.a(alt_busy_sleep.o)
 .debug_info    0x00000000000013b3      0x321 ../Bai4v1_bsp/\libhal_bsp.a(alt_close.o)
 .debug_info    0x00000000000016d4       0x92 ../Bai4v1_bsp/\libhal_bsp.a(alt_dcache_flush_all.o)
 .debug_info    0x0000000000001766      0x49c ../Bai4v1_bsp/\libhal_bsp.a(alt_dev.o)
 .debug_info    0x0000000000001c02      0x1a9 ../Bai4v1_bsp/\libhal_bsp.a(alt_dev_llist_insert.o)
 .debug_info    0x0000000000001dab       0x83 ../Bai4v1_bsp/\libhal_bsp.a(alt_do_ctors.o)
 .debug_info    0x0000000000001e2e       0x83 ../Bai4v1_bsp/\libhal_bsp.a(alt_do_dtors.o)
 .debug_info    0x0000000000001eb1       0xa6 ../Bai4v1_bsp/\libhal_bsp.a(alt_errno.o)
 .debug_info    0x0000000000001f57       0x92 ../Bai4v1_bsp/\libhal_bsp.a(alt_icache_flush_all.o)
 .debug_info    0x0000000000001fe9      0x4a5 ../Bai4v1_bsp/\libhal_bsp.a(alt_io_redirect.o)
 .debug_info    0x000000000000248e      0x3bb ../Bai4v1_bsp/\libhal_bsp.a(alt_open.o)
 .debug_info    0x0000000000002849      0x2b0 ../Bai4v1_bsp/\libhal_bsp.a(alt_release_fd.o)
 .debug_info    0x0000000000002af9       0x92 ../Bai4v1_bsp/\libhal_bsp.a(altera_nios2_gen2_irq.o)
 .debug_info    0x0000000000002b8b      0x2e9 ../Bai4v1_bsp/\libhal_bsp.a(alt_find_dev.o)
 .debug_info    0x0000000000002e74      0x2e6 ../Bai4v1_bsp/\libhal_bsp.a(alt_find_file.o)
 .debug_info    0x000000000000315a      0x310 ../Bai4v1_bsp/\libhal_bsp.a(alt_get_fd.o)
 .debug_info    0x000000000000346a       0xfe d:/intelfpga_lite/18.1/nios2eds/bin/gnu/h-x86_64-mingw32/bin/../lib/gcc/nios2-elf/5.3.0/../../../../../H-x86_64-mingw32/nios2-elf/lib/mno-hw-mul\libsmallc.a(lib_a-atexit.o)
 .debug_info    0x0000000000003568       0xe5 d:/intelfpga_lite/18.1/nios2eds/bin/gnu/h-x86_64-mingw32/bin/../lib/gcc/nios2-elf/5.3.0/../../../../../H-x86_64-mingw32/nios2-elf/lib/mno-hw-mul\libsmallc.a(lib_a-exit.o)
 .debug_info    0x000000000000364d       0x8a d:/intelfpga_lite/18.1/nios2eds/bin/gnu/h-x86_64-mingw32/bin/../lib/gcc/nios2-elf/5.3.0/../../../../../H-x86_64-mingw32/nios2-elf/lib/mno-hw-mul\libsmallc.a(lib_a-int_errno.o)
 .debug_info    0x00000000000036d7       0xf4 d:/intelfpga_lite/18.1/nios2eds/bin/gnu/h-x86_64-mingw32/bin/../lib/gcc/nios2-elf/5.3.0/../../../../../H-x86_64-mingw32/nios2-elf/lib/mno-hw-mul\libsmallc.a(lib_a-memcmp.o)
 .debug_info    0x00000000000037cb       0xc9 d:/intelfpga_lite/18.1/nios2eds/bin/gnu/h-x86_64-mingw32/bin/../lib/gcc/nios2-elf/5.3.0/../../../../../H-x86_64-mingw32/nios2-elf/lib/mno-hw-mul\libsmallc.a(lib_a-strlen.o)
 .debug_info    0x0000000000003894      0x64a d:/intelfpga_lite/18.1/nios2eds/bin/gnu/h-x86_64-mingw32/bin/../lib/gcc/nios2-elf/5.3.0/../../../../../H-x86_64-mingw32/nios2-elf/lib/mno-hw-mul\libsmallc.a(lib_a-__atexit.o)
 .debug_info    0x0000000000003ede      0x67b d:/intelfpga_lite/18.1/nios2eds/bin/gnu/h-x86_64-mingw32/bin/../lib/gcc/nios2-elf/5.3.0/../../../../../H-x86_64-mingw32/nios2-elf/lib/mno-hw-mul\libsmallc.a(lib_a-__call_atexit.o)
 .debug_info    0x0000000000004559      0x5a9 d:/intelfpga_lite/18.1/nios2eds/bin/gnu/h-x86_64-mingw32/bin/../lib/gcc/nios2-elf/5.3.0/../../../../../H-x86_64-mingw32/nios2-elf/lib/mno-hw-mul\libsmallc.a(lib_a-impure.o)
 .debug_info    0x0000000000004b02       0xec ../Bai4v1_bsp/\libhal_bsp.a(alt_exit.o)

.debug_abbrev   0x0000000000000000     0x1bca
 *(.debug_abbrev)
 .debug_abbrev  0x0000000000000000       0x12 ../Bai4v1_bsp//obj/HAL/src/crt0.o
 .debug_abbrev  0x0000000000000012       0x8e obj/default/source.o
 .debug_abbrev  0x00000000000000a0      0x10e d:/intelfpga_lite/18.1/nios2eds/bin/gnu/h-x86_64-mingw32/bin/../lib/gcc/nios2-elf/5.3.0/mno-hw-mul\libgcc.a(lib2-divmod.o)
 .debug_abbrev  0x00000000000001ae       0x6f d:/intelfpga_lite/18.1/nios2eds/bin/gnu/h-x86_64-mingw32/bin/../lib/gcc/nios2-elf/5.3.0/mno-hw-mul\libgcc.a(lib2-mul.o)
 .debug_abbrev  0x000000000000021d       0x9f ../Bai4v1_bsp/\libhal_bsp.a(alt_load.o)
 .debug_abbrev  0x00000000000002bc       0xba ../Bai4v1_bsp/\libhal_bsp.a(alt_main.o)
 .debug_abbrev  0x0000000000000376       0x60 ../Bai4v1_bsp/\libhal_bsp.a(alt_usleep.o)
 .debug_abbrev  0x00000000000003d6      0x157 ../Bai4v1_bsp/\libhal_bsp.a(alt_sys_init.o)
 .debug_abbrev  0x000000000000052d       0xf7 ../Bai4v1_bsp/\libhal_bsp.a(altera_avalon_jtag_uart_fd.o)
 .debug_abbrev  0x0000000000000624       0xd5 ../Bai4v1_bsp/\libhal_bsp.a(altera_avalon_jtag_uart_read.o)
 .debug_abbrev  0x00000000000006f9       0xd5 ../Bai4v1_bsp/\libhal_bsp.a(altera_avalon_jtag_uart_write.o)
 .debug_abbrev  0x00000000000007ce       0x7e ../Bai4v1_bsp/\libhal_bsp.a(alt_busy_sleep.o)
 .debug_abbrev  0x000000000000084c      0x11f ../Bai4v1_bsp/\libhal_bsp.a(alt_close.o)
 .debug_abbrev  0x000000000000096b       0x42 ../Bai4v1_bsp/\libhal_bsp.a(alt_dcache_flush_all.o)
 .debug_abbrev  0x00000000000009ad       0xd9 ../Bai4v1_bsp/\libhal_bsp.a(alt_dev.o)
 .debug_abbrev  0x0000000000000a86      0x114 ../Bai4v1_bsp/\libhal_bsp.a(alt_dev_llist_insert.o)
 .debug_abbrev  0x0000000000000b9a       0x79 ../Bai4v1_bsp/\libhal_bsp.a(alt_do_ctors.o)
 .debug_abbrev  0x0000000000000c13       0x79 ../Bai4v1_bsp/\libhal_bsp.a(alt_do_dtors.o)
 .debug_abbrev  0x0000000000000c8c       0x5a ../Bai4v1_bsp/\libhal_bsp.a(alt_errno.o)
 .debug_abbrev  0x0000000000000ce6       0x42 ../Bai4v1_bsp/\libhal_bsp.a(alt_icache_flush_all.o)
 .debug_abbrev  0x0000000000000d28      0x114 ../Bai4v1_bsp/\libhal_bsp.a(alt_io_redirect.o)
 .debug_abbrev  0x0000000000000e3c      0x148 ../Bai4v1_bsp/\libhal_bsp.a(alt_open.o)
 .debug_abbrev  0x0000000000000f84       0xde ../Bai4v1_bsp/\libhal_bsp.a(alt_release_fd.o)
 .debug_abbrev  0x0000000000001062       0x42 ../Bai4v1_bsp/\libhal_bsp.a(altera_nios2_gen2_irq.o)
 .debug_abbrev  0x00000000000010a4       0xf0 ../Bai4v1_bsp/\libhal_bsp.a(alt_find_dev.o)
 .debug_abbrev  0x0000000000001194       0xf0 ../Bai4v1_bsp/\libhal_bsp.a(alt_find_file.o)
 .debug_abbrev  0x0000000000001284      0x10d ../Bai4v1_bsp/\libhal_bsp.a(alt_get_fd.o)
 .debug_abbrev  0x0000000000001391       0xaa d:/intelfpga_lite/18.1/nios2eds/bin/gnu/h-x86_64-mingw32/bin/../lib/gcc/nios2-elf/5.3.0/../../../../../H-x86_64-mingw32/nios2-elf/lib/mno-hw-mul\libsmallc.a(lib_a-atexit.o)
 .debug_abbrev  0x000000000000143b       0x8b d:/intelfpga_lite/18.1/nios2eds/bin/gnu/h-x86_64-mingw32/bin/../lib/gcc/nios2-elf/5.3.0/../../../../../H-x86_64-mingw32/nios2-elf/lib/mno-hw-mul\libsmallc.a(lib_a-exit.o)
 .debug_abbrev  0x00000000000014c6       0x37 d:/intelfpga_lite/18.1/nios2eds/bin/gnu/h-x86_64-mingw32/bin/../lib/gcc/nios2-elf/5.3.0/../../../../../H-x86_64-mingw32/nios2-elf/lib/mno-hw-mul\libsmallc.a(lib_a-int_errno.o)
 .debug_abbrev  0x00000000000014fd       0x7f d:/intelfpga_lite/18.1/nios2eds/bin/gnu/h-x86_64-mingw32/bin/../lib/gcc/nios2-elf/5.3.0/../../../../../H-x86_64-mingw32/nios2-elf/lib/mno-hw-mul\libsmallc.a(lib_a-memcmp.o)
 .debug_abbrev  0x000000000000157c       0x7f d:/intelfpga_lite/18.1/nios2eds/bin/gnu/h-x86_64-mingw32/bin/../lib/gcc/nios2-elf/5.3.0/../../../../../H-x86_64-mingw32/nios2-elf/lib/mno-hw-mul\libsmallc.a(lib_a-strlen.o)
 .debug_abbrev  0x00000000000015fb      0x1e6 d:/intelfpga_lite/18.1/nios2eds/bin/gnu/h-x86_64-mingw32/bin/../lib/gcc/nios2-elf/5.3.0/../../../../../H-x86_64-mingw32/nios2-elf/lib/mno-hw-mul\libsmallc.a(lib_a-__atexit.o)
 .debug_abbrev  0x00000000000017e1      0x1f6 d:/intelfpga_lite/18.1/nios2eds/bin/gnu/h-x86_64-mingw32/bin/../lib/gcc/nios2-elf/5.3.0/../../../../../H-x86_64-mingw32/nios2-elf/lib/mno-hw-mul\libsmallc.a(lib_a-__call_atexit.o)
 .debug_abbrev  0x00000000000019d7      0x14a d:/intelfpga_lite/18.1/nios2eds/bin/gnu/h-x86_64-mingw32/bin/../lib/gcc/nios2-elf/5.3.0/../../../../../H-x86_64-mingw32/nios2-elf/lib/mno-hw-mul\libsmallc.a(lib_a-impure.o)
 .debug_abbrev  0x0000000000001b21       0xa9 ../Bai4v1_bsp/\libhal_bsp.a(alt_exit.o)

.debug_line     0x0000000000000000     0x1f15
 *(.debug_line)
 .debug_line    0x0000000000000000       0x66 ../Bai4v1_bsp//obj/HAL/src/crt0.o
 .debug_line    0x0000000000000066       0x92 obj/default/source.o
 .debug_line    0x00000000000000f8      0x105 d:/intelfpga_lite/18.1/nios2eds/bin/gnu/h-x86_64-mingw32/bin/../lib/gcc/nios2-elf/5.3.0/mno-hw-mul\libgcc.a(lib2-divmod.o)
 .debug_line    0x00000000000001fd       0x80 d:/intelfpga_lite/18.1/nios2eds/bin/gnu/h-x86_64-mingw32/bin/../lib/gcc/nios2-elf/5.3.0/mno-hw-mul\libgcc.a(lib2-mul.o)
 .debug_line    0x000000000000027d       0x8e ../Bai4v1_bsp/\libhal_bsp.a(alt_load.o)
 .debug_line    0x000000000000030b       0xa4 ../Bai4v1_bsp/\libhal_bsp.a(alt_main.o)
 .debug_line    0x00000000000003af       0xad ../Bai4v1_bsp/\libhal_bsp.a(alt_usleep.o)
 .debug_line    0x000000000000045c      0x126 ../Bai4v1_bsp/\libhal_bsp.a(alt_sys_init.o)
 .debug_line    0x0000000000000582      0x112 ../Bai4v1_bsp/\libhal_bsp.a(altera_avalon_jtag_uart_fd.o)
 .debug_line    0x0000000000000694       0xfd ../Bai4v1_bsp/\libhal_bsp.a(altera_avalon_jtag_uart_read.o)
 .debug_line    0x0000000000000791       0xf4 ../Bai4v1_bsp/\libhal_bsp.a(altera_avalon_jtag_uart_write.o)
 .debug_line    0x0000000000000885       0xa2 ../Bai4v1_bsp/\libhal_bsp.a(alt_busy_sleep.o)
 .debug_line    0x0000000000000927      0x165 ../Bai4v1_bsp/\libhal_bsp.a(alt_close.o)
 .debug_line    0x0000000000000a8c       0x51 ../Bai4v1_bsp/\libhal_bsp.a(alt_dcache_flush_all.o)
 .debug_line    0x0000000000000add       0xf8 ../Bai4v1_bsp/\libhal_bsp.a(alt_dev.o)
 .debug_line    0x0000000000000bd5       0xcf ../Bai4v1_bsp/\libhal_bsp.a(alt_dev_llist_insert.o)
 .debug_line    0x0000000000000ca4       0x59 ../Bai4v1_bsp/\libhal_bsp.a(alt_do_ctors.o)
 .debug_line    0x0000000000000cfd       0x59 ../Bai4v1_bsp/\libhal_bsp.a(alt_do_dtors.o)
 .debug_line    0x0000000000000d56       0x51 ../Bai4v1_bsp/\libhal_bsp.a(alt_errno.o)
 .debug_line    0x0000000000000da7       0x4f ../Bai4v1_bsp/\libhal_bsp.a(alt_icache_flush_all.o)
 .debug_line    0x0000000000000df6      0x135 ../Bai4v1_bsp/\libhal_bsp.a(alt_io_redirect.o)
 .debug_line    0x0000000000000f2b      0x12b ../Bai4v1_bsp/\libhal_bsp.a(alt_open.o)
 .debug_line    0x0000000000001056       0xb0 ../Bai4v1_bsp/\libhal_bsp.a(alt_release_fd.o)
 .debug_line    0x0000000000001106       0x51 ../Bai4v1_bsp/\libhal_bsp.a(altera_nios2_gen2_irq.o)
 .debug_line    0x0000000000001157       0xb5 ../Bai4v1_bsp/\libhal_bsp.a(alt_find_dev.o)
 .debug_line    0x000000000000120c       0xd1 ../Bai4v1_bsp/\libhal_bsp.a(alt_find_file.o)
 .debug_line    0x00000000000012dd       0xd7 ../Bai4v1_bsp/\libhal_bsp.a(alt_get_fd.o)
 .debug_line    0x00000000000013b4       0xe7 d:/intelfpga_lite/18.1/nios2eds/bin/gnu/h-x86_64-mingw32/bin/../lib/gcc/nios2-elf/5.3.0/../../../../../H-x86_64-mingw32/nios2-elf/lib/mno-hw-mul\libsmallc.a(lib_a-atexit.o)
 .debug_line    0x000000000000149b      0x159 d:/intelfpga_lite/18.1/nios2eds/bin/gnu/h-x86_64-mingw32/bin/../lib/gcc/nios2-elf/5.3.0/../../../../../H-x86_64-mingw32/nios2-elf/lib/mno-hw-mul\libsmallc.a(lib_a-exit.o)
 .debug_line    0x00000000000015f4       0x5f d:/intelfpga_lite/18.1/nios2eds/bin/gnu/h-x86_64-mingw32/bin/../lib/gcc/nios2-elf/5.3.0/../../../../../H-x86_64-mingw32/nios2-elf/lib/mno-hw-mul\libsmallc.a(lib_a-int_errno.o)
 .debug_line    0x0000000000001653      0x160 d:/intelfpga_lite/18.1/nios2eds/bin/gnu/h-x86_64-mingw32/bin/../lib/gcc/nios2-elf/5.3.0/../../../../../H-x86_64-mingw32/nios2-elf/lib/mno-hw-mul\libsmallc.a(lib_a-memcmp.o)
 .debug_line    0x00000000000017b3      0x15c d:/intelfpga_lite/18.1/nios2eds/bin/gnu/h-x86_64-mingw32/bin/../lib/gcc/nios2-elf/5.3.0/../../../../../H-x86_64-mingw32/nios2-elf/lib/mno-hw-mul\libsmallc.a(lib_a-strlen.o)
 .debug_line    0x000000000000190f      0x20d d:/intelfpga_lite/18.1/nios2eds/bin/gnu/h-x86_64-mingw32/bin/../lib/gcc/nios2-elf/5.3.0/../../../../../H-x86_64-mingw32/nios2-elf/lib/mno-hw-mul\libsmallc.a(lib_a-__atexit.o)
 .debug_line    0x0000000000001b1c      0x232 d:/intelfpga_lite/18.1/nios2eds/bin/gnu/h-x86_64-mingw32/bin/../lib/gcc/nios2-elf/5.3.0/../../../../../H-x86_64-mingw32/nios2-elf/lib/mno-hw-mul\libsmallc.a(lib_a-__call_atexit.o)
 .debug_line    0x0000000000001d4e      0x156 d:/intelfpga_lite/18.1/nios2eds/bin/gnu/h-x86_64-mingw32/bin/../lib/gcc/nios2-elf/5.3.0/../../../../../H-x86_64-mingw32/nios2-elf/lib/mno-hw-mul\libsmallc.a(lib_a-impure.o)
 .debug_line    0x0000000000001ea4       0x71 ../Bai4v1_bsp/\libhal_bsp.a(alt_exit.o)

.debug_frame    0x0000000000000000      0x810
 *(.debug_frame)
 .debug_frame   0x0000000000000000       0x30 obj/default/source.o
 .debug_frame   0x0000000000000030       0x50 d:/intelfpga_lite/18.1/nios2eds/bin/gnu/h-x86_64-mingw32/bin/../lib/gcc/nios2-elf/5.3.0/mno-hw-mul\libgcc.a(lib2-divmod.o)
 .debug_frame   0x0000000000000080       0x20 d:/intelfpga_lite/18.1/nios2eds/bin/gnu/h-x86_64-mingw32/bin/../lib/gcc/nios2-elf/5.3.0/mno-hw-mul\libgcc.a(lib2-mul.o)
 .debug_frame   0x00000000000000a0       0x5c ../Bai4v1_bsp/\libhal_bsp.a(alt_load.o)
 .debug_frame   0x00000000000000fc       0x2c ../Bai4v1_bsp/\libhal_bsp.a(alt_main.o)
 .debug_frame   0x0000000000000128       0x38 ../Bai4v1_bsp/\libhal_bsp.a(alt_usleep.o)
 .debug_frame   0x0000000000000160       0x88 ../Bai4v1_bsp/\libhal_bsp.a(alt_sys_init.o)
 .debug_frame   0x00000000000001e8       0x60 ../Bai4v1_bsp/\libhal_bsp.a(altera_avalon_jtag_uart_fd.o)
 .debug_frame   0x0000000000000248       0x34 ../Bai4v1_bsp/\libhal_bsp.a(altera_avalon_jtag_uart_read.o)
 .debug_frame   0x000000000000027c       0x34 ../Bai4v1_bsp/\libhal_bsp.a(altera_avalon_jtag_uart_write.o)
 .debug_frame   0x00000000000002b0       0x38 ../Bai4v1_bsp/\libhal_bsp.a(alt_busy_sleep.o)
 .debug_frame   0x00000000000002e8       0x60 ../Bai4v1_bsp/\libhal_bsp.a(alt_close.o)
 .debug_frame   0x0000000000000348       0x34 ../Bai4v1_bsp/\libhal_bsp.a(alt_dcache_flush_all.o)
 .debug_frame   0x000000000000037c       0x34 ../Bai4v1_bsp/\libhal_bsp.a(alt_dev.o)
 .debug_frame   0x00000000000003b0       0x60 ../Bai4v1_bsp/\libhal_bsp.a(alt_dev_llist_insert.o)
 .debug_frame   0x0000000000000410       0x38 ../Bai4v1_bsp/\libhal_bsp.a(alt_do_ctors.o)
 .debug_frame   0x0000000000000448       0x38 ../Bai4v1_bsp/\libhal_bsp.a(alt_do_dtors.o)
 .debug_frame   0x0000000000000480       0x34 ../Bai4v1_bsp/\libhal_bsp.a(alt_icache_flush_all.o)
 .debug_frame   0x00000000000004b4       0x64 ../Bai4v1_bsp/\libhal_bsp.a(alt_io_redirect.o)
 .debug_frame   0x0000000000000518       0x8c ../Bai4v1_bsp/\libhal_bsp.a(alt_open.o)
 .debug_frame   0x00000000000005a4       0x3c ../Bai4v1_bsp/\libhal_bsp.a(alt_release_fd.o)
 .debug_frame   0x00000000000005e0       0x34 ../Bai4v1_bsp/\libhal_bsp.a(altera_nios2_gen2_irq.o)
 .debug_frame   0x0000000000000614       0x38 ../Bai4v1_bsp/\libhal_bsp.a(alt_find_dev.o)
 .debug_frame   0x000000000000064c       0x38 ../Bai4v1_bsp/\libhal_bsp.a(alt_find_file.o)
 .debug_frame   0x0000000000000684       0x3c ../Bai4v1_bsp/\libhal_bsp.a(alt_get_fd.o)
 .debug_frame   0x00000000000006c0       0x20 d:/intelfpga_lite/18.1/nios2eds/bin/gnu/h-x86_64-mingw32/bin/../lib/gcc/nios2-elf/5.3.0/../../../../../H-x86_64-mingw32/nios2-elf/lib/mno-hw-mul\libsmallc.a(lib_a-atexit.o)
 .debug_frame   0x00000000000006e0       0x28 d:/intelfpga_lite/18.1/nios2eds/bin/gnu/h-x86_64-mingw32/bin/../lib/gcc/nios2-elf/5.3.0/../../../../../H-x86_64-mingw32/nios2-elf/lib/mno-hw-mul\libsmallc.a(lib_a-exit.o)
 .debug_frame   0x0000000000000708       0x20 d:/intelfpga_lite/18.1/nios2eds/bin/gnu/h-x86_64-mingw32/bin/../lib/gcc/nios2-elf/5.3.0/../../../../../H-x86_64-mingw32/nios2-elf/lib/mno-hw-mul\libsmallc.a(lib_a-memcmp.o)
 .debug_frame   0x0000000000000728       0x20 d:/intelfpga_lite/18.1/nios2eds/bin/gnu/h-x86_64-mingw32/bin/../lib/gcc/nios2-elf/5.3.0/../../../../../H-x86_64-mingw32/nios2-elf/lib/mno-hw-mul\libsmallc.a(lib_a-strlen.o)
 .debug_frame   0x0000000000000748       0x48 d:/intelfpga_lite/18.1/nios2eds/bin/gnu/h-x86_64-mingw32/bin/../lib/gcc/nios2-elf/5.3.0/../../../../../H-x86_64-mingw32/nios2-elf/lib/mno-hw-mul\libsmallc.a(lib_a-__atexit.o)
 .debug_frame   0x0000000000000790       0x54 d:/intelfpga_lite/18.1/nios2eds/bin/gnu/h-x86_64-mingw32/bin/../lib/gcc/nios2-elf/5.3.0/../../../../../H-x86_64-mingw32/nios2-elf/lib/mno-hw-mul\libsmallc.a(lib_a-__call_atexit.o)
 .debug_frame   0x00000000000007e4       0x2c ../Bai4v1_bsp/\libhal_bsp.a(alt_exit.o)

.debug_str      0x0000000000000000     0x12bb
 *(.debug_str)
 .debug_str     0x0000000000000000       0xf9 obj/default/source.o
                                        0x141 (size before relaxing)
 .debug_str     0x00000000000000f9      0x187 d:/intelfpga_lite/18.1/nios2eds/bin/gnu/h-x86_64-mingw32/bin/../lib/gcc/nios2-elf/5.3.0/mno-hw-mul\libgcc.a(lib2-divmod.o)
                                        0x1d2 (size before relaxing)
 .debug_str     0x0000000000000280       0x40 d:/intelfpga_lite/18.1/nios2eds/bin/gnu/h-x86_64-mingw32/bin/../lib/gcc/nios2-elf/5.3.0/mno-hw-mul\libgcc.a(lib2-mul.o)
                                        0x193 (size before relaxing)
 .debug_str     0x00000000000002c0      0x115 ../Bai4v1_bsp/\libhal_bsp.a(alt_load.o)
                                        0x1fc (size before relaxing)
 .debug_str     0x00000000000003d5       0x70 ../Bai4v1_bsp/\libhal_bsp.a(alt_main.o)
                                        0x187 (size before relaxing)
 .debug_str     0x0000000000000445       0x27 ../Bai4v1_bsp/\libhal_bsp.a(alt_usleep.o)
                                        0x132 (size before relaxing)
 .debug_str     0x000000000000046c      0x157 ../Bai4v1_bsp/\libhal_bsp.a(alt_sys_init.o)
                                        0x2be (size before relaxing)
 .debug_str     0x00000000000005c3       0x77 ../Bai4v1_bsp/\libhal_bsp.a(altera_avalon_jtag_uart_fd.o)
                                        0x2bf (size before relaxing)
 .debug_str     0x000000000000063a       0x48 ../Bai4v1_bsp/\libhal_bsp.a(altera_avalon_jtag_uart_read.o)
                                        0x209 (size before relaxing)
 .debug_str     0x0000000000000682       0x4a ../Bai4v1_bsp/\libhal_bsp.a(altera_avalon_jtag_uart_write.o)
                                        0x1ff (size before relaxing)
 .debug_str     0x00000000000006cc       0x42 ../Bai4v1_bsp/\libhal_bsp.a(alt_busy_sleep.o)
                                        0x155 (size before relaxing)
 .debug_str     0x000000000000070e       0x44 ../Bai4v1_bsp/\libhal_bsp.a(alt_close.o)
                                        0x1f5 (size before relaxing)
 .debug_str     0x0000000000000752       0x34 ../Bai4v1_bsp/\libhal_bsp.a(alt_dcache_flush_all.o)
                                        0x13f (size before relaxing)
 .debug_str     0x0000000000000786      0x120 ../Bai4v1_bsp/\libhal_bsp.a(alt_dev.o)
                                        0x2ef (size before relaxing)
 .debug_str     0x00000000000008a6       0x4b ../Bai4v1_bsp/\libhal_bsp.a(alt_dev_llist_insert.o)
                                        0x1b6 (size before relaxing)
 .debug_str     0x00000000000008f1       0x48 ../Bai4v1_bsp/\libhal_bsp.a(alt_do_ctors.o)
                                         0xba (size before relaxing)
 .debug_str     0x0000000000000939       0x4c ../Bai4v1_bsp/\libhal_bsp.a(alt_do_dtors.o)
                                         0xb9 (size before relaxing)
 .debug_str     0x0000000000000985       0x14 ../Bai4v1_bsp/\libhal_bsp.a(alt_errno.o)
                                        0x12f (size before relaxing)
 .debug_str     0x0000000000000999       0x34 ../Bai4v1_bsp/\libhal_bsp.a(alt_icache_flush_all.o)
                                        0x13f (size before relaxing)
 .debug_str     0x00000000000009cd       0x56 ../Bai4v1_bsp/\libhal_bsp.a(alt_io_redirect.o)
                                        0x300 (size before relaxing)
 .debug_str     0x0000000000000a23       0x36 ../Bai4v1_bsp/\libhal_bsp.a(alt_open.o)
                                        0x235 (size before relaxing)
 .debug_str     0x0000000000000a59       0x28 ../Bai4v1_bsp/\libhal_bsp.a(alt_release_fd.o)
                                        0x1bd (size before relaxing)
 .debug_str     0x0000000000000a81       0x3b ../Bai4v1_bsp/\libhal_bsp.a(altera_nios2_gen2_irq.o)
                                        0x146 (size before relaxing)
 .debug_str     0x0000000000000abc       0x24 ../Bai4v1_bsp/\libhal_bsp.a(alt_find_dev.o)
                                        0x1d6 (size before relaxing)
 .debug_str     0x0000000000000ae0       0x26 ../Bai4v1_bsp/\libhal_bsp.a(alt_find_file.o)
                                        0x1e4 (size before relaxing)
 .debug_str     0x0000000000000b06       0x30 ../Bai4v1_bsp/\libhal_bsp.a(alt_get_fd.o)
                                        0x206 (size before relaxing)
 .debug_str     0x0000000000000b36      0x177 d:/intelfpga_lite/18.1/nios2eds/bin/gnu/h-x86_64-mingw32/bin/../lib/gcc/nios2-elf/5.3.0/../../../../../H-x86_64-mingw32/nios2-elf/lib/mno-hw-mul\libsmallc.a(lib_a-atexit.o)
                                        0x21c (size before relaxing)
 .debug_str     0x0000000000000cad       0x4c d:/intelfpga_lite/18.1/nios2eds/bin/gnu/h-x86_64-mingw32/bin/../lib/gcc/nios2-elf/5.3.0/../../../../../H-x86_64-mingw32/nios2-elf/lib/mno-hw-mul\libsmallc.a(lib_a-exit.o)
                                        0x1f0 (size before relaxing)
 .debug_str     0x0000000000000cf9       0xd3 d:/intelfpga_lite/18.1/nios2eds/bin/gnu/h-x86_64-mingw32/bin/../lib/gcc/nios2-elf/5.3.0/../../../../../H-x86_64-mingw32/nios2-elf/lib/mno-hw-mul\libsmallc.a(lib_a-int_errno.o)
                                        0x1d8 (size before relaxing)
 .debug_str     0x0000000000000dcc       0xe0 d:/intelfpga_lite/18.1/nios2eds/bin/gnu/h-x86_64-mingw32/bin/../lib/gcc/nios2-elf/5.3.0/../../../../../H-x86_64-mingw32/nios2-elf/lib/mno-hw-mul\libsmallc.a(lib_a-memcmp.o)
                                        0x1df (size before relaxing)
 .debug_str     0x0000000000000eac       0x44 d:/intelfpga_lite/18.1/nios2eds/bin/gnu/h-x86_64-mingw32/bin/../lib/gcc/nios2-elf/5.3.0/../../../../../H-x86_64-mingw32/nios2-elf/lib/mno-hw-mul\libsmallc.a(lib_a-strlen.o)
                                        0x1e5 (size before relaxing)
 .debug_str     0x0000000000000ef0      0x2f4 d:/intelfpga_lite/18.1/nios2eds/bin/gnu/h-x86_64-mingw32/bin/../lib/gcc/nios2-elf/5.3.0/../../../../../H-x86_64-mingw32/nios2-elf/lib/mno-hw-mul\libsmallc.a(lib_a-__atexit.o)
                                        0x4ff (size before relaxing)
 .debug_str     0x00000000000011e4       0x65 d:/intelfpga_lite/18.1/nios2eds/bin/gnu/h-x86_64-mingw32/bin/../lib/gcc/nios2-elf/5.3.0/../../../../../H-x86_64-mingw32/nios2-elf/lib/mno-hw-mul\libsmallc.a(lib_a-__call_atexit.o)
                                        0x4eb (size before relaxing)
 .debug_str     0x0000000000001249       0x48 d:/intelfpga_lite/18.1/nios2eds/bin/gnu/h-x86_64-mingw32/bin/../lib/gcc/nios2-elf/5.3.0/../../../../../H-x86_64-mingw32/nios2-elf/lib/mno-hw-mul\libsmallc.a(lib_a-impure.o)
                                        0x4be (size before relaxing)
 .debug_str     0x0000000000001291       0x2a ../Bai4v1_bsp/\libhal_bsp.a(alt_exit.o)
                                        0x13b (size before relaxing)

.debug_loc      0x0000000000000000      0x974
 *(.debug_loc)
 .debug_loc     0x0000000000000000      0x4ce d:/intelfpga_lite/18.1/nios2eds/bin/gnu/h-x86_64-mingw32/bin/../lib/gcc/nios2-elf/5.3.0/mno-hw-mul\libgcc.a(lib2-divmod.o)
 .debug_loc     0x00000000000004ce       0x93 d:/intelfpga_lite/18.1/nios2eds/bin/gnu/h-x86_64-mingw32/bin/../lib/gcc/nios2-elf/5.3.0/mno-hw-mul\libgcc.a(lib2-mul.o)
 .debug_loc     0x0000000000000561       0x2c d:/intelfpga_lite/18.1/nios2eds/bin/gnu/h-x86_64-mingw32/bin/../lib/gcc/nios2-elf/5.3.0/../../../../../H-x86_64-mingw32/nios2-elf/lib/mno-hw-mul\libsmallc.a(lib_a-atexit.o)
 .debug_loc     0x000000000000058d       0x1e d:/intelfpga_lite/18.1/nios2eds/bin/gnu/h-x86_64-mingw32/bin/../lib/gcc/nios2-elf/5.3.0/../../../../../H-x86_64-mingw32/nios2-elf/lib/mno-hw-mul\libsmallc.a(lib_a-exit.o)
 .debug_loc     0x00000000000005ab       0x94 d:/intelfpga_lite/18.1/nios2eds/bin/gnu/h-x86_64-mingw32/bin/../lib/gcc/nios2-elf/5.3.0/../../../../../H-x86_64-mingw32/nios2-elf/lib/mno-hw-mul\libsmallc.a(lib_a-memcmp.o)
 .debug_loc     0x000000000000063f       0x1e d:/intelfpga_lite/18.1/nios2eds/bin/gnu/h-x86_64-mingw32/bin/../lib/gcc/nios2-elf/5.3.0/../../../../../H-x86_64-mingw32/nios2-elf/lib/mno-hw-mul\libsmallc.a(lib_a-strlen.o)
 .debug_loc     0x000000000000065d      0x1c0 d:/intelfpga_lite/18.1/nios2eds/bin/gnu/h-x86_64-mingw32/bin/../lib/gcc/nios2-elf/5.3.0/../../../../../H-x86_64-mingw32/nios2-elf/lib/mno-hw-mul\libsmallc.a(lib_a-__atexit.o)
 .debug_loc     0x000000000000081d      0x157 d:/intelfpga_lite/18.1/nios2eds/bin/gnu/h-x86_64-mingw32/bin/../lib/gcc/nios2-elf/5.3.0/../../../../../H-x86_64-mingw32/nios2-elf/lib/mno-hw-mul\libsmallc.a(lib_a-__call_atexit.o)

.debug_macinfo
 *(.debug_macinfo)

.debug_weaknames
 *(.debug_weaknames)

.debug_funcnames
 *(.debug_funcnames)

.debug_typenames
 *(.debug_typenames)

.debug_varnames
 *(.debug_varnames)

.debug_alt_sim_info
                0x0000000000000000       0x40
 *(.debug_alt_sim_info)
 .debug_alt_sim_info
                0x0000000000000000       0x10 ../Bai4v1_bsp//obj/HAL/src/crt0.o
 .debug_alt_sim_info
                0x0000000000000010       0x30 ../Bai4v1_bsp/\libhal_bsp.a(alt_busy_sleep.o)
                0x0000000000010000                __alt_data_end = 0x10000
                0x0000000000010000                PROVIDE (__alt_stack_pointer, __alt_data_end)
                [!provide]                        PROVIDE (__alt_stack_limit, __alt_stack_base)
                [!provide]                        PROVIDE (__alt_heap_start, end)
                [!provide]                        PROVIDE (__alt_heap_limit, 0x10000)
OUTPUT(Bai4v1.elf elf32-littlenios2)

.debug_ranges   0x0000000000000000      0x110
 .debug_ranges  0x0000000000000000       0x20 ../Bai4v1_bsp//obj/HAL/src/crt0.o
 .debug_ranges  0x0000000000000020       0x60 d:/intelfpga_lite/18.1/nios2eds/bin/gnu/h-x86_64-mingw32/bin/../lib/gcc/nios2-elf/5.3.0/mno-hw-mul\libgcc.a(lib2-divmod.o)
 .debug_ranges  0x0000000000000080       0x18 ../Bai4v1_bsp/\libhal_bsp.a(altera_avalon_jtag_uart_read.o)
 .debug_ranges  0x0000000000000098       0x10 d:/intelfpga_lite/18.1/nios2eds/bin/gnu/h-x86_64-mingw32/bin/../lib/gcc/nios2-elf/5.3.0/../../../../../H-x86_64-mingw32/nios2-elf/lib/mno-hw-mul\libsmallc.a(lib_a-atexit.o)
 .debug_ranges  0x00000000000000a8       0x10 d:/intelfpga_lite/18.1/nios2eds/bin/gnu/h-x86_64-mingw32/bin/../lib/gcc/nios2-elf/5.3.0/../../../../../H-x86_64-mingw32/nios2-elf/lib/mno-hw-mul\libsmallc.a(lib_a-exit.o)
 .debug_ranges  0x00000000000000b8       0x10 d:/intelfpga_lite/18.1/nios2eds/bin/gnu/h-x86_64-mingw32/bin/../lib/gcc/nios2-elf/5.3.0/../../../../../H-x86_64-mingw32/nios2-elf/lib/mno-hw-mul\libsmallc.a(lib_a-memcmp.o)
 .debug_ranges  0x00000000000000c8       0x10 d:/intelfpga_lite/18.1/nios2eds/bin/gnu/h-x86_64-mingw32/bin/../lib/gcc/nios2-elf/5.3.0/../../../../../H-x86_64-mingw32/nios2-elf/lib/mno-hw-mul\libsmallc.a(lib_a-strlen.o)
 .debug_ranges  0x00000000000000d8       0x10 d:/intelfpga_lite/18.1/nios2eds/bin/gnu/h-x86_64-mingw32/bin/../lib/gcc/nios2-elf/5.3.0/../../../../../H-x86_64-mingw32/nios2-elf/lib/mno-hw-mul\libsmallc.a(lib_a-__atexit.o)
 .debug_ranges  0x00000000000000e8       0x28 d:/intelfpga_lite/18.1/nios2eds/bin/gnu/h-x86_64-mingw32/bin/../lib/gcc/nios2-elf/5.3.0/../../../../../H-x86_64-mingw32/nios2-elf/lib/mno-hw-mul\libsmallc.a(lib_a-__call_atexit.o)
